kworker/0:2-3060 ( 3060) [000] d..3 214169.356198: sched_switch: prev_comm=kworker/0:2 prev_pid=3060 prev_prio=120 prev_state=D ==> next_comm=swapper/0 next_pid=0 next_prio=120
          <idle>-0     (-----) [001] d..3 214169.356279: sched_switch: prev_comm=swapper/1 prev_pid=0 prev_prio=120 prev_state=R ==> next_comm=smem_native_rpm next_pid=41 next_prio=120
          <idle>-0     (-----) [000] dns9 214169.356295: sched_wakeup: comm=kworker/0:2 pid=3060 prio=120 success=1 target_cpu=000
          <idle>-0     (-----) [000] d..3 214169.356332: sched_switch: prev_comm=swapper/0 prev_pid=0 prev_prio=120 prev_state=R ==> next_comm=kworker/0:2 next_pid=3060 next_prio=120
smem_native_rpm-41    (   41) [001] d..3 214169.356359: sched_switch: prev_comm=smem_native_rpm prev_pid=41 prev_prio=120 prev_state=S ==> next_comm=swapper/1 next_pid=0 next_prio=120
kworker/0:2-3060 ( 3060) [000] d..7 214169.356412: sched_wakeup: comm=smem_native_rpm pid=41 prio=120 success=1 target_cpu=001
          <idle>-0     (-----) [001] d..3 214169.356431: sched_switch: prev_comm=swapper/1 prev_pid=0 prev_prio=120 prev_state=R ==> next_comm=smem_native_rpm next_pid=41 next_prio=120
kworker/0:2-3060 ( 3060) [000] d..3 214169.356442: sched_switch: prev_comm=kworker/0:2 prev_pid=3060 prev_prio=120 prev_state=D ==> next_comm=swapper/0 next_pid=0 next_prio=120
smem_native_rpm-41    (   41) [001] d..7 214169.356512: sched_wakeup: comm=kworker/0:2 pid=3060 prio=120 success=1 target_cpu=000
smem_native_rpm-41    (   41) [001] d..3 214169.356545: sched_switch: prev_comm=smem_native_rpm prev_pid=41 prev_prio=120 prev_state=S ==> next_comm=swapper/1 next_pid=0 next_prio=120
          <idle>-0     (-----) [000] dnH5 214169.356584: sched_wakeup: comm=RxComputationSc pid=21910 prio=120 success=1 target_cpu=000
          <idle>-0     (-----) [000] d..3 214169.356648: sched_switch: prev_comm=swapper/0 prev_pid=0 prev_prio=120 prev_state=R ==> next_comm=kworker/0:2 next_pid=3060 next_prio=120
kworker/0:2-3060 ( 3060) [000] d..7 214169.356726: sched_wakeup: comm=smem_native_rpm pid=41 prio=120 success=1 target_cpu=001
kworker/0:2-3060 ( 3060) [000] d..3 214169.356759: sched_switch: prev_comm=kworker/0:2 prev_pid=3060 prev_prio=120 prev_state=D ==> next_comm=RxComputationSc next_pid=21910 next_prio=120
          <idle>-0     (-----) [001] d..3 214169.356851: sched_switch: prev_comm=swapper/1 prev_pid=0 prev_prio=120 prev_state=R ==> next_comm=smem_native_rpm next_pid=41 next_prio=120
RxComputationSc-21910 ( 21821) [000] dns9 214169.356867: sched_wakeup: comm=kworker/0:2 pid=3060 prio=120 success=1 target_cpu=000
RxComputationSc-21910 ( 21821) [000] d..3 214169.356912: sched_switch: prev_comm=RxComputationSc prev_pid=21910 prev_prio=120 prev_state=R ==> next_comm=kworker/0:2 next_pid=3060 next_prio=120
smem_native_rpm-41    (   41) [001] d..3 214169.356988: sched_switch: prev_comm=smem_native_rpm prev_pid=41 prev_prio=120 prev_state=S ==> next_comm=RxComputationSc next_pid=21910 next_prio=120
kworker/0:2-3060 ( 3060) [000] d..7 214169.357022: sched_wakeup: comm=smem_native_rpm pid=41 prio=120 success=1 target_cpu=001
RxComputationSc-21910 ( 21821) [001] d..3 214169.357044: sched_switch: prev_comm=RxComputationSc prev_pid=21910 prev_prio=120 prev_state=R ==> next_comm=smem_native_rpm next_pid=41 next_prio=120
smem_native_rpm-41    (   41) [001] d..3 214169.357115: sched_switch: prev_comm=smem_native_rpm prev_pid=41 prev_prio=120 prev_state=S ==> next_comm=RxComputationSc next_pid=21910 next_prio=120
kworker/0:2-3060 ( 3060) [000] d..7 214169.357158: sched_wakeup: comm=smem_native_rpm pid=41 prio=120 success=1 target_cpu=001
RxComputationSc-21910 ( 21821) [001] d..3 214169.357172: sched_switch: prev_comm=RxComputationSc prev_pid=21910 prev_prio=120 prev_state=R ==> next_comm=smem_native_rpm next_pid=41 next_prio=120
kworker/0:2-3060 ( 3060) [000] d..3 214169.357238: sched_switch: prev_comm=kworker/0:2 prev_pid=3060 prev_prio=120 prev_state=D ==> next_comm=RxComputationSc next_pid=21910 next_prio=120
smem_native_rpm-41    (   41) [001] d..3 214169.357250: sched_switch: prev_comm=smem_native_rpm prev_pid=41 prev_prio=120 prev_state=S ==> next_comm=swapper/1 next_pid=0 next_prio=120
RxComputationSc-21910 ( 21821) [000] dns9 214169.357320: sched_wakeup: comm=kworker/0:2 pid=3060 prio=120 success=1 target_cpu=000
RxComputationSc-21910 ( 21821) [000] d..3 214169.357362: sched_switch: prev_comm=RxComputationSc prev_pid=21910 prev_prio=120 prev_state=R ==> next_comm=kworker/0:2 next_pid=3060 next_prio=120
kworker/0:2-3060 ( 3060) [000] d..7 214169.357447: sched_wakeup: comm=smem_native_rpm pid=41 prio=120 success=1 target_cpu=001
kworker/0:2-3060 ( 3060) [000] d..3 214169.357478: sched_switch: prev_comm=kworker/0:2 prev_pid=3060 prev_prio=120 prev_state=D ==> next_comm=RxComputationSc next_pid=21910 next_prio=120
RxComputationSc-21910 ( 21821) [000] dns9 214169.357556: sched_wakeup: comm=kworker/0:2 pid=3060 prio=120 success=1 target_cpu=000
          <idle>-0     (-----) [001] d..3 214169.357570: sched_switch: prev_comm=swapper/1 prev_pid=0 prev_prio=120 prev_state=R ==> next_comm=smem_native_rpm next_pid=41 next_prio=120
RxComputationSc-21910 ( 21821) [000] d..3 214169.357588: sched_switch: prev_comm=RxComputationSc prev_pid=21910 prev_prio=120 prev_state=R ==> next_comm=kworker/0:2 next_pid=3060 next_prio=120
smem_native_rpm-41    (   41) [001] d..3 214169.357681: sched_switch: prev_comm=smem_native_rpm prev_pid=41 prev_prio=120 prev_state=S ==> next_comm=RxComputationSc next_pid=21910 next_prio=120
kworker/0:2-3060 ( 3060) [000] d..7 214169.357709: sched_wakeup: comm=smem_native_rpm pid=41 prio=120 success=1 target_cpu=001
RxComputationSc-21910 ( 21821) [001] d..3 214169.357727: sched_switch: prev_comm=RxComputationSc prev_pid=21910 prev_prio=120 prev_state=R ==> next_comm=smem_native_rpm next_pid=41 next_prio=120
smem_native_rpm-41    (   41) [001] d..3 214169.357803: sched_switch: prev_comm=smem_native_rpm prev_pid=41 prev_prio=120 prev_state=S ==> next_comm=RxComputationSc next_pid=21910 next_prio=120
kworker/0:2-3060 ( 3060) [000] d..7 214169.357883: sched_wakeup: comm=smem_native_rpm pid=41 prio=120 success=1 target_cpu=001
RxComputationSc-21910 ( 21821) [001] d..3 214169.357898: sched_switch: prev_comm=RxComputationSc prev_pid=21910 prev_prio=120 prev_state=R ==> next_comm=smem_native_rpm next_pid=41 next_prio=120
kworker/0:2-3060 ( 3060) [000] d..3 214169.357953: sched_switch: prev_comm=kworker/0:2 prev_pid=3060 prev_prio=120 prev_state=D ==> next_comm=RxComputationSc next_pid=21910 next_prio=120
smem_native_rpm-41    (   41) [001] d..7 214169.357984: sched_wakeup: comm=kworker/0:2 pid=3060 prio=120 success=1 target_cpu=000
RxComputationSc-21910 ( 21821) [000] d..3 214169.358021: sched_switch: prev_comm=RxComputationSc prev_pid=21910 prev_prio=120 prev_state=R ==> next_comm=kworker/0:2 next_pid=3060 next_prio=120
smem_native_rpm-41    (   41) [001] d..3 214169.358063: sched_switch: prev_comm=smem_native_rpm prev_pid=41 prev_prio=120 prev_state=S ==> next_comm=RxComputationSc next_pid=21910 next_prio=120
kworker/0:2-3060 ( 3060) [000] d..3 214169.358273: sched_switch: prev_comm=kworker/0:2 prev_pid=3060 prev_prio=120 prev_state=S ==> next_comm=swapper/0 next_pid=0 next_prio=120
RxComputationSc-21910 ( 21821) [001] d..3 214169.358913: sched_switch: prev_comm=RxComputationSc prev_pid=21910 prev_prio=120 prev_state=S ==> next_comm=swapper/1 next_pid=0 next_prio=120
          <idle>-0     (-----) [000] dnh4 214169.363164: sched_wakeup: comm=RxComputationSc pid=21900 prio=120 success=1 target_cpu=000
          <idle>-0     (-----) [000] d..3 214169.363229: sched_switch: prev_comm=swapper/0 prev_pid=0 prev_prio=120 prev_state=R ==> next_comm=RxComputationSc next_pid=21900 next_prio=120
RxComputationSc-21900 (21821) [000] d..3 214169.363718: sched_switch: prev_comm=RxComputationSc prev_pid=21900 prev_prio=120 prev_state=S ==> next_comm=swapper/0 next_pid=0 next_prio=120
          <idle>-0     (-----) [001] dnh4 214169.369553: sched_wakeup: comm=EventThread pid=654 prio=111 success=1 target_cpu=001
          <idle>-0     (-----) [001] d..3 214169.369685: sched_switch: prev_comm=swapper/1 prev_pid=0 prev_prio=120 prev_state=R ==> next_comm=EventThread next_pid=654 next_prio=111
EventThread-654   (  549) [001] d..5 214169.370116: sched_wakeup: comm=android.youtube pid=23071 prio=120 success=1 target_cpu=001
EventThread-654   (  549) [001] d..3 214169.370289: sched_switch: prev_comm=EventThread prev_pid=654 prev_prio=111 prev_state=S ==> next_comm=android.youtube next_pid=23071 next_prio=120
com.google.android.youtube-23071 (23071) [001] ...1 214169.370932: tracing_mark_write: B|23071|Choreographer#doFrame
com.google.android.youtube-23071 (23071) [001] ...1 214169.371007: tracing_mark_write: B|23071|animation
com.google.android.youtube-23071 (23071) [001] dn.5 214169.371504: sched_wakeup: comm=Binder:549_1 pid=585 prio=120 success=1 target_cpu=001
com.google.android.youtube-23071 (23071) [001] d..3 214169.371544: sched_switch: prev_comm=android.youtube prev_pid=23071 prev_prio=120 prev_state=R+ ==> next_comm=Binder:549_1 next_pid=585 next_prio=120
Binder:549_1-585   (  549) [001] dn.4 214169.371862: sched_wakeup: comm=EventThread pid=654 prio=111 success=1 target_cpu=001
Binder:549_1-585   (  549) [001] d..3 214169.371880: sched_switch: prev_comm=Binder:549_1 prev_pid=585 prev_prio=120 prev_state=R+ ==> next_comm=EventThread next_pid=654 next_prio=111
EventThread-654   (  549) [001] d..3 214169.371935: sched_switch: prev_comm=EventThread prev_pid=654 prev_prio=111 prev_state=S ==> next_comm=Binder:549_1 next_pid=585 next_prio=120
Binder:549_1-585   (  549) [001] dn.4 214169.371964: sched_wakeup: comm=EventThread pid=654 prio=111 success=1 target_cpu=001
Binder:549_1-585   (  549) [001] d..3 214169.371979: sched_switch: prev_comm=Binder:549_1 prev_pid=585 prev_prio=120 prev_state=R+ ==> next_comm=EventThread next_pid=654 next_prio=111
EventThread-654   (  549) [001] d..3 214169.372200: sched_switch: prev_comm=EventThread prev_pid=654 prev_prio=111 prev_state=S ==> next_comm=Binder:549_1 next_pid=585 next_prio=120
Binder:549_1-585   (  549) [001] d..3 214169.372325: sched_switch: prev_comm=Binder:549_1 prev_pid=585 prev_prio=120 prev_state=S ==> next_comm=android.youtube next_pid=23071 next_prio=120
com.google.android.youtube-23071 (23071) [001] ...1 214169.372425: tracing_mark_write: E
com.google.android.youtube-23071 (23071) [001] ...1 214169.372466: tracing_mark_write: E
com.google.android.youtube-23071 (23071) [001] d..3 214169.372693: sched_switch: prev_comm=android.youtube prev_pid=23071 prev_prio=120 prev_state=S ==> next_comm=swapper/1 next_pid=0 next_prio=120
          <idle>-0     (-----) [001] dn.4 214169.372760: sched_wakeup: comm=ksoftirqd/1 pid=12 prio=120 success=1 target_cpu=001
          <idle>-0     (-----) [001] d..3 214169.372784: sched_switch: prev_comm=swapper/1 prev_pid=0 prev_prio=120 prev_state=R ==> next_comm=ksoftirqd/1 next_pid=12 next_prio=120
ksoftirqd/1-12    (   12) [001] d.s4 214169.372855: sched_wakeup: comm=kworker/1:4 pid=4535 prio=120 success=1 target_cpu=001
ksoftirqd/1-12    (   12) [001] d.s4 214169.373026: sched_wakeup: comm=kworker/u8:20 pid=27682 prio=120 success=1 target_cpu=000
ksoftirqd/1-12    (   12) [001] d..3 214169.373074: sched_switch: prev_comm=ksoftirqd/1 prev_pid=12 prev_prio=120 prev_state=S ==> next_comm=kworker/1:4 next_pid=4535 next_prio=120
kworker/1:4-4535  ( 4535) [001] d..4 214169.373130: sched_wakeup: comm=msm-core:sampli pid=430 prio=120 success=1 target_cpu=000
kworker/1:4-4535  ( 4535) [001] d..3 214169.373216: sched_switch: prev_comm=kworker/1:4 prev_pid=4535 prev_prio=120 prev_state=S ==> next_comm=msm-core:sampli next_pid=430 next_prio=120
          <idle>-0     (-----) [000] d..3 214169.373344: sched_switch: prev_comm=swapper/0 prev_pid=0 prev_prio=120 prev_state=R ==> next_comm=kworker/u8:20 next_pid=27682 next_prio=120
msm-core:sampli-430   (  430) [001] d..3 214169.373488: sched_switch: prev_comm=msm-core:sampli prev_pid=430 prev_prio=120 prev_state=D ==> next_comm=swapper/1 next_pid=0 next_prio=120
kworker/u8:20-27682 (27682) [000] d..3 214169.373495: sched_switch: prev_comm=kworker/u8:20 prev_pid=27682 prev_prio=120 prev_state=S ==> next_comm=swapper/0 next_pid=0 next_prio=120
          <idle>-0     (-----) [001] dnh4 214169.373582: sched_wakeup: comm=RxComputationSc pid=21910 prio=120 success=1 target_cpu=001
          <idle>-0     (-----) [001] d..3 214169.373617: sched_switch: prev_comm=swapper/1 prev_pid=0 prev_prio=120 prev_state=R ==> next_comm=RxComputationSc next_pid=21910 next_prio=120
RxComputationSc-21910 ( 21821) [001] d.h4 214169.374209: sched_wakeup: comm=kworker/u8:20 pid=27682 prio=120 success=1 target_cpu=000
          <idle>-0     (-----) [000] d..3 214169.374284: sched_switch: prev_comm=swapper/0 prev_pid=0 prev_prio=120 prev_state=R ==> next_comm=kworker/u8:20 next_pid=27682 next_prio=120
kworker/u8:20-27682 (27682) [000] d..4 214169.374354: sched_wakeup: comm=kworker/u8:18 pid=21092 prio=120 success=1 target_cpu=001
RxComputationSc-21910 ( 21821) [001] d..3 214169.374374: sched_switch: prev_comm=RxComputationSc prev_pid=21910 prev_prio=120 prev_state=R ==> next_comm=kworker/u8:18 next_pid=21092 next_prio=120
kworker/u8:20-27682 (27682) [000] d..5 214169.374409: sched_wakeup: comm=kworker/0:2 pid=3060 prio=120 success=1 target_cpu=000
kworker/u8:20-27682 (27682) [000] d..3 214169.374439: sched_switch: prev_comm=kworker/u8:20 prev_pid=27682 prev_prio=120 prev_state=S ==> next_comm=kworker/0:2 next_pid=3060 next_prio=120
kworker/0:2-3060 ( 3060) [000] d..3 214169.374540: sched_switch: prev_comm=kworker/0:2 prev_pid=3060 prev_prio=120 prev_state=S ==> next_comm=RxComputationSc next_pid=21910 next_prio=120
RxComputationSc-21910 ( 21821) [000] d..3 214169.375194: sched_switch: prev_comm=RxComputationSc prev_pid=21910 prev_prio=120 prev_state=S ==> next_comm=swapper/0 next_pid=0 next_prio=120
kworker/u8:18-21092 (21092) [001] d..3 214169.375195: sched_switch: prev_comm=kworker/u8:18 prev_pid=21092 prev_prio=120 prev_state=S ==> next_comm=swapper/1 next_pid=0 next_prio=120
          <idle>-0     (-----) [000] dnh4 214169.381403: sched_wakeup: comm=gbmd pid=2721 prio=100 success=1 target_cpu=000
          <idle>-0     (-----) [000] d..3 214169.381511: sched_switch: prev_comm=swapper/0 prev_pid=0 prev_prio=120 prev_state=R ==> next_comm=gbmd next_pid=2721 next_prio=100
gbmd-2721 ( 2690) [000] d..3 214169.381587: sched_switch: prev_comm=gbmd prev_pid=2721 prev_prio=100 prev_state=S ==> next_comm=swapper/0 next_pid=0 next_prio=120
          <idle>-0     (-----) [001] dnh5 214169.388447: sched_wakeup: comm=EventThread pid=654 prio=111 success=1 target_cpu=001
          <idle>-0     (-----) [001] d..3 214169.388536: sched_switch: prev_comm=swapper/1 prev_pid=0 prev_prio=120 prev_state=R ==> next_comm=EventThread next_pid=654 next_prio=111
EventThread-654   (  549) [001] d..5 214169.388958: sched_wakeup: comm=android.youtube pid=23071 prio=120 success=1 target_cpu=001
EventThread-654   (  549) [001] d..3 214169.389126: sched_switch: prev_comm=EventThread prev_pid=654 prev_prio=111 prev_state=S ==> next_comm=android.youtube next_pid=23071 next_prio=120
com.google.android.youtube-23071 (23071) [001] ...1 214169.389759: tracing_mark_write: B|23071|Choreographer#doFrame
com.google.android.youtube-23071 (23071) [001] ...1 214169.389832: tracing_mark_write: B|23071|animation
com.google.android.youtube-23071 (23071) [001] d..5 214169.390326: sched_wakeup: comm=Binder:549_5 pid=5362 prio=120 success=1 target_cpu=000
com.google.android.youtube-23071 (23071) [001] ...1 214169.390423: tracing_mark_write: E
com.google.android.youtube-23071 (23071) [001] ...1 214169.390451: tracing_mark_write: E
          <idle>-0     (-----) [000] d..3 214169.390608: sched_switch: prev_comm=swapper/0 prev_pid=0 prev_prio=120 prev_state=R ==> next_comm=Binder:549_5 next_pid=5362 next_prio=120
com.google.android.youtube-23071 (23071) [001] d..3 214169.390680: sched_switch: prev_comm=android.youtube prev_pid=23071 prev_prio=120 prev_state=S ==> next_comm=swapper/1 next_pid=0 next_prio=120
          <idle>-0     (-----) [001] dn.4 214169.390748: sched_wakeup: comm=ksoftirqd/1 pid=12 prio=120 success=1 target_cpu=001
          <idle>-0     (-----) [001] d..3 214169.390769: sched_switch: prev_comm=swapper/1 prev_pid=0 prev_prio=120 prev_state=R ==> next_comm=ksoftirqd/1 next_pid=12 next_prio=120
Binder:549_5-5362  (  549) [000] d..4 214169.390962: sched_wakeup: comm=EventThread pid=654 prio=111 success=1 target_cpu=001
ksoftirqd/1-12    (   12) [001] d.s4 214169.390982: sched_wakeup: comm=kworker/u8:18 pid=21092 prio=120 success=1 target_cpu=001
ksoftirqd/1-12    (   12) [001] d..3 214169.391020: sched_switch: prev_comm=ksoftirqd/1 prev_pid=12 prev_prio=120 prev_state=S ==> next_comm=EventThread next_pid=654 next_prio=111
Binder:549_5-5362  (  549) [000] d..3 214169.391163: sched_switch: prev_comm=Binder:549_5 prev_pid=5362 prev_prio=120 prev_state=S ==> next_comm=kworker/u8:18 next_pid=21092 next_prio=120
EventThread-654   (  549) [001] d..3 214169.391285: sched_switch: prev_comm=EventThread prev_pid=654 prev_prio=111 prev_state=S ==> next_comm=swapper/1 next_pid=0 next_prio=120
kworker/u8:18-21092 (21092) [000] d..3 214169.391301: sched_switch: prev_comm=kworker/u8:18 prev_pid=21092 prev_prio=120 prev_state=S ==> next_comm=swapper/0 next_pid=0 next_prio=120
          <idle>-0     (-----) [000] dnh4 214169.402267: sched_wakeup: comm=AsyncTask #1 pid=32365 prio=130 success=1 target_cpu=000
          <idle>-0     (-----) [000] d..3 214169.402403: sched_switch: prev_comm=swapper/0 prev_pid=0 prev_prio=120 prev_state=R ==> next_comm=AsyncTask #1 next_pid=32365 next_prio=130
AsyncTask #1-32365 (-----) [000] d..3 214169.402763: sched_switch: prev_comm=AsyncTask #1 prev_pid=32365 prev_prio=130 prev_state=S ==> next_comm=swapper/0 next_pid=0 next_prio=120
          <idle>-0     (-----) [000] dn.4 214169.402827: sched_wakeup: comm=ksoftirqd/0 pid=3 prio=120 success=1 target_cpu=000
          <idle>-0     (-----) [000] d..3 214169.402848: sched_switch: prev_comm=swapper/0 prev_pid=0 prev_prio=120 prev_state=R ==> next_comm=ksoftirqd/0 next_pid=3 next_prio=120
ksoftirqd/0-3     (    3) [000] d.s4 214169.402911: sched_wakeup: comm=kworker/u8:18 pid=21092 prio=120 success=1 target_cpu=000
ksoftirqd/0-3     (    3) [000] d..3 214169.402947: sched_switch: prev_comm=ksoftirqd/0 prev_pid=3 prev_prio=120 prev_state=S ==> next_comm=kworker/u8:18 next_pid=21092 next_prio=120
kworker/u8:18-21092 (21092) [000] d..3 214169.403090: sched_switch: prev_comm=kworker/u8:18 prev_pid=21092 prev_prio=120 prev_state=S ==> next_comm=swapper/0 next_pid=0 next_prio=120
          <idle>-0     (-----) [002] d.s5 214169.404672: sched_wakeup: comm=kworker/u8:18 pid=21092 prio=120 success=1 target_cpu=000
          <idle>-0     (-----) [000] d..3 214169.404813: sched_switch: prev_comm=swapper/0 prev_pid=0 prev_prio=120 prev_state=R ==> next_comm=kworker/u8:18 next_pid=21092 next_prio=120
kworker/u8:18-21092 (21092) [000] d..7 214169.405179: sched_wakeup: comm=smem_native_rpm pid=41 prio=120 success=1 target_cpu=001
          <idle>-0     (-----) [001] d..3 214169.405331: sched_switch: prev_comm=swapper/1 prev_pid=0 prev_prio=120 prev_state=R ==> next_comm=smem_native_rpm next_pid=41 next_prio=120
smem_native_rpm-41    (   41) [001] d..3 214169.405414: sched_switch: prev_comm=smem_native_rpm prev_pid=41 prev_prio=120 prev_state=S ==> next_comm=swapper/1 next_pid=0 next_prio=120
kworker/u8:18-21092 (21092) [000] d..3 214169.405441: sched_switch: prev_comm=kworker/u8:18 prev_pid=21092 prev_prio=120 prev_state=S ==> next_comm=swapper/0 next_pid=0 next_prio=120
          <idle>-0     (-----) [001] dnh4 214169.407369: sched_wakeup: comm=EventThread pid=654 prio=111 success=1 target_cpu=001
          <idle>-0     (-----) [001] d..3 214169.407475: sched_switch: prev_comm=swapper/1 prev_pid=0 prev_prio=120 prev_state=R ==> next_comm=EventThread next_pid=654 next_prio=111
EventThread-654   (  549) [001] d..5 214169.407864: sched_wakeup: comm=android.youtube pid=23071 prio=120 success=1 target_cpu=001
EventThread-654   (  549) [001] d..3 214169.408032: sched_switch: prev_comm=EventThread prev_pid=654 prev_prio=111 prev_state=S ==> next_comm=android.youtube next_pid=23071 next_prio=120
com.google.android.youtube-23071 (23071) [001] ...1 214169.408655: tracing_mark_write: B|23071|Choreographer#doFrame
com.google.android.youtube-23071 (23071) [001] ...1 214169.408734: tracing_mark_write: B|23071|animation
com.google.android.youtube-23071 (23071) [001] dn.5 214169.409218: sched_wakeup: comm=Binder:549_2 pid=592 prio=120 success=1 target_cpu=001
com.google.android.youtube-23071 (23071) [001] d..3 214169.409258: sched_switch: prev_comm=android.youtube prev_pid=23071 prev_prio=120 prev_state=R+ ==> next_comm=Binder:549_2 next_pid=592 next_prio=120
Binder:549_2-592   (  549) [001] dn.4 214169.409555: sched_wakeup: comm=EventThread pid=654 prio=111 success=1 target_cpu=001
Binder:549_2-592   (  549) [001] d..3 214169.409575: sched_switch: prev_comm=Binder:549_2 prev_pid=592 prev_prio=120 prev_state=R+ ==> next_comm=EventThread next_pid=654 next_prio=111
EventThread-654   (  549) [001] d..3 214169.409624: sched_switch: prev_comm=EventThread prev_pid=654 prev_prio=111 prev_state=S ==> next_comm=Binder:549_2 next_pid=592 next_prio=120
Binder:549_2-592   (  549) [001] dn.4 214169.409653: sched_wakeup: comm=EventThread pid=654 prio=111 success=1 target_cpu=001
Binder:549_2-592   (  549) [001] d..3 214169.409667: sched_switch: prev_comm=Binder:549_2 prev_pid=592 prev_prio=120 prev_state=R+ ==> next_comm=EventThread next_pid=654 next_prio=111
EventThread-654   (  549) [001] d..3 214169.409875: sched_switch: prev_comm=EventThread prev_pid=654 prev_prio=111 prev_state=S ==> next_comm=Binder:549_2 next_pid=592 next_prio=120
Binder:549_2-592   (  549) [001] d..3 214169.409999: sched_switch: prev_comm=Binder:549_2 prev_pid=592 prev_prio=120 prev_state=S ==> next_comm=android.youtube next_pid=23071 next_prio=120
com.google.android.youtube-23071 (23071) [001] ...1 214169.410097: tracing_mark_write: E
com.google.android.youtube-23071 (23071) [001] ...1 214169.410134: tracing_mark_write: E
com.google.android.youtube-23071 (23071) [001] d..3 214169.410365: sched_switch: prev_comm=android.youtube prev_pid=23071 prev_prio=120 prev_state=S ==> next_comm=swapper/1 next_pid=0 next_prio=120
          <idle>-0     (-----) [001] dn.a 214169.410693: sched_wakeup: comm=smem_native_rpm pid=41 prio=120 success=1 target_cpu=001
          <idle>-0     (-----) [001] d..3 214169.411658: sched_switch: prev_comm=swapper/1 prev_pid=0 prev_prio=120 prev_state=R ==> next_comm=smem_native_rpm next_pid=41 next_prio=120
smem_native_rpm-41    (   41) [001] d..3 214169.411795: sched_switch: prev_comm=smem_native_rpm prev_pid=41 prev_prio=120 prev_state=S ==> next_comm=swapper/1 next_pid=0 next_prio=120
          <idle>-0     (-----) [001] dnh5 214169.426560: sched_wakeup: comm=EventThread pid=654 prio=111 success=1 target_cpu=001
          <idle>-0     (-----) [001] d..3 214169.426765: sched_switch: prev_comm=swapper/1 prev_pid=0 prev_prio=120 prev_state=R ==> next_comm=EventThread next_pid=654 next_prio=111
EventThread-654   (  549) [001] d..5 214169.427238: sched_wakeup: comm=android.youtube pid=23071 prio=120 success=1 target_cpu=001
EventThread-654   (  549) [001] d..3 214169.427426: sched_switch: prev_comm=EventThread prev_pid=654 prev_prio=111 prev_state=S ==> next_comm=android.youtube next_pid=23071 next_prio=120
com.google.android.youtube-23071 (23071) [001] ...1 214169.428098: tracing_mark_write: B|23071|Choreographer#doFrame
com.google.android.youtube-23071 (23071) [001] ...1 214169.428175: tracing_mark_write: B|23071|animation
com.google.android.youtube-23071 (23071) [001] d..5 214169.428692: sched_wakeup: comm=Binder:549_3 pid=762 prio=120 success=1 target_cpu=000
com.google.android.youtube-23071 (23071) [001] ...1 214169.428789: tracing_mark_write: E
com.google.android.youtube-23071 (23071) [001] ...1 214169.428817: tracing_mark_write: E
          <idle>-0     (-----) [000] d..3 214169.428980: sched_switch: prev_comm=swapper/0 prev_pid=0 prev_prio=120 prev_state=R ==> next_comm=Binder:549_3 next_pid=762 next_prio=120
com.google.android.youtube-23071 (23071) [001] d..3 214169.429049: sched_switch: prev_comm=android.youtube prev_pid=23071 prev_prio=120 prev_state=S ==> next_comm=swapper/1 next_pid=0 next_prio=120
          <idle>-0     (-----) [001] dn.4 214169.429117: sched_wakeup: comm=ksoftirqd/1 pid=12 prio=120 success=1 target_cpu=001
          <idle>-0     (-----) [001] d..3 214169.429137: sched_switch: prev_comm=swapper/1 prev_pid=0 prev_prio=120 prev_state=R ==> next_comm=ksoftirqd/1 next_pid=12 next_prio=120
ksoftirqd/1-12    (   12) [001] d.s4 214169.429212: sched_wakeup: comm=kworker/1:4 pid=4535 prio=120 success=1 target_cpu=001
ksoftirqd/1-12    (   12) [001] d.s4 214169.429259: sched_wakeup: comm=kworker/u8:18 pid=21092 prio=120 success=1 target_cpu=000
Binder:549_3-762   (  549) [000] d..4 214169.429331: sched_wakeup: comm=EventThread pid=654 prio=111 success=1 target_cpu=001
ksoftirqd/1-12    (   12) [001] d..3 214169.429419: sched_switch: prev_comm=ksoftirqd/1 prev_pid=12 prev_prio=120 prev_state=S ==> next_comm=kworker/1:4 next_pid=4535 next_prio=120
Binder:549_3-762   (  549) [000] d..3 214169.429458: sched_switch: prev_comm=Binder:549_3 prev_pid=762 prev_prio=120 prev_state=S ==> next_comm=kworker/u8:18 next_pid=21092 next_prio=120
kworker/1:4-4535  ( 4535) [001] d..4 214169.429479: sched_wakeup: comm=msm-core:sampli pid=430 prio=120 success=1 target_cpu=001
kworker/1:4-4535  ( 4535) [001] d..3 214169.429508: sched_switch: prev_comm=kworker/1:4 prev_pid=4535 prev_prio=120 prev_state=S ==> next_comm=EventThread next_pid=654 next_prio=111
kworker/u8:18-21092 (21092) [000] d..3 214169.429655: sched_switch: prev_comm=kworker/u8:18 prev_pid=21092 prev_prio=120 prev_state=S ==> next_comm=msm-core:sampli next_pid=430 next_prio=120
EventThread-654   (  549) [001] d..3 214169.429783: sched_switch: prev_comm=EventThread prev_pid=654 prev_prio=111 prev_state=S ==> next_comm=swapper/1 next_pid=0 next_prio=120
msm-core:sampli-430   (  430) [000] d..3 214169.430049: sched_switch: prev_comm=msm-core:sampli prev_pid=430 prev_prio=120 prev_state=D ==> next_comm=swapper/0 next_pid=0 next_prio=120
          <idle>-0     (-----) [000] dnh4 214169.432950: sched_wakeup: comm=RxComputationSc pid=21900 prio=120 success=1 target_cpu=000
          <idle>-0     (-----) [000] d..3 214169.433079: sched_switch: prev_comm=swapper/0 prev_pid=0 prev_prio=120 prev_state=R ==> next_comm=RxComputationSc next_pid=21900 next_prio=120
RxComputationSc-21900 (21821) [000] d..3 214169.434089: sched_switch: prev_comm=RxComputationSc prev_pid=21900 prev_prio=120 prev_state=S ==> next_comm=swapper/0 next_pid=0 next_prio=120
          <idle>-0     (-----) [000] dnh6 214169.434227: sched_wakeup: comm=kworker/u8:18 pid=21092 prio=120 success=1 target_cpu=000
          <idle>-0     (-----) [000] d..3 214169.434316: sched_switch: prev_comm=swapper/0 prev_pid=0 prev_prio=120 prev_state=R ==> next_comm=kworker/u8:18 next_pid=21092 next_prio=120
kworker/u8:18-21092 (21092) [000] d..4 214169.434366: sched_wakeup: comm=kworker/u8:20 pid=27682 prio=120 success=1 target_cpu=000
kworker/u8:18-21092 (21092) [000] d..5 214169.434419: sched_wakeup: comm=kworker/0:2 pid=3060 prio=120 success=1 target_cpu=000
kworker/u8:18-21092 (21092) [000] d..3 214169.434554: sched_switch: prev_comm=kworker/u8:18 prev_pid=21092 prev_prio=120 prev_state=S ==> next_comm=kworker/u8:20 next_pid=27682 next_prio=120
kworker/u8:20-27682 (27682) [000] d..3 214169.434579: sched_switch: prev_comm=kworker/u8:20 prev_pid=27682 prev_prio=120 prev_state=S ==> next_comm=kworker/0:2 next_pid=3060 next_prio=120
kworker/0:2-3060 ( 3060) [000] d..3 214169.434641: sched_switch: prev_comm=kworker/0:2 prev_pid=3060 prev_prio=120 prev_state=S ==> next_comm=swapper/0 next_pid=0 next_prio=120
          <idle>-0     (-----) [001] dnh4 214169.435019: sched_wakeup: comm=pool-5-thread-1 pid=29065 prio=120 success=1 target_cpu=001
          <idle>-0     (-----) [001] d..3 214169.435088: sched_switch: prev_comm=swapper/1 prev_pid=0 prev_prio=120 prev_state=R ==> next_comm=pool-5-thread-1 next_pid=29065 next_prio=120
pool-5-thread-1-29065 ( 29040) [001] d..3 214169.439163: sched_switch: prev_comm=pool-5-thread-1 prev_pid=29065 prev_prio=120 prev_state=S ==> next_comm=swapper/1 next_pid=0 next_prio=120
          <idle>-0     (-----) [001] dn.5 214169.439376: sched_wakeup: comm=rcu_preempt pid=7 prio=120 success=1 target_cpu=001
          <idle>-0     (-----) [001] dn.4 214169.439405: sched_wakeup: comm=ksoftirqd/1 pid=12 prio=120 success=1 target_cpu=001
          <idle>-0     (-----) [001] d..3 214169.439467: sched_switch: prev_comm=swapper/1 prev_pid=0 prev_prio=120 prev_state=R ==> next_comm=rcu_preempt next_pid=7 next_prio=120
rcu_preempt-7     (    7) [001] d..3 214169.439495: sched_switch: prev_comm=rcu_preempt prev_pid=7 prev_prio=120 prev_state=S ==> next_comm=ksoftirqd/1 next_pid=12 next_prio=120
ksoftirqd/1-12    (   12) [001] d.s4 214169.439555: sched_wakeup: comm=rcu_preempt pid=7 prio=120 success=1 target_cpu=001
ksoftirqd/1-12    (   12) [001] d..3 214169.439587: sched_switch: prev_comm=ksoftirqd/1 prev_pid=12 prev_prio=120 prev_state=S ==> next_comm=rcu_preempt next_pid=7 next_prio=120
rcu_preempt-7     (    7) [001] d..3 214169.439681: sched_switch: prev_comm=rcu_preempt prev_pid=7 prev_prio=120 prev_state=S ==> next_comm=swapper/1 next_pid=0 next_prio=120
          <idle>-0     (-----) [001] dn.5 214169.439737: sched_wakeup: comm=rcu_preempt pid=7 prio=120 success=1 target_cpu=001
          <idle>-0     (-----) [001] dn.4 214169.439751: sched_wakeup: comm=ksoftirqd/1 pid=12 prio=120 success=1 target_cpu=001
          <idle>-0     (-----) [001] d..3 214169.439774: sched_switch: prev_comm=swapper/1 prev_pid=0 prev_prio=120 prev_state=R ==> next_comm=ksoftirqd/1 next_pid=12 next_prio=120
ksoftirqd/1-12    (   12) [001] d..3 214169.439808: sched_switch: prev_comm=ksoftirqd/1 prev_pid=12 prev_prio=120 prev_state=S ==> next_comm=rcu_preempt next_pid=7 next_prio=120
rcu_preempt-7     (    7) [001] d..3 214169.439875: sched_switch: prev_comm=rcu_preempt prev_pid=7 prev_prio=120 prev_state=S ==> next_comm=swapper/1 next_pid=0 next_prio=120
          <idle>-0     (-----) [001] dn.5 214169.439931: sched_wakeup: comm=rcu_preempt pid=7 prio=120 success=1 target_cpu=001
          <idle>-0     (-----) [001] dn.4 214169.439945: sched_wakeup: comm=ksoftirqd/1 pid=12 prio=120 success=1 target_cpu=001
          <idle>-0     (-----) [001] d..3 214169.439964: sched_switch: prev_comm=swapper/1 prev_pid=0 prev_prio=120 prev_state=R ==> next_comm=ksoftirqd/1 next_pid=12 next_prio=120
ksoftirqd/1-12    (   12) [001] d..3 214169.440022: sched_switch: prev_comm=ksoftirqd/1 prev_pid=12 prev_prio=120 prev_state=S ==> next_comm=rcu_preempt next_pid=7 next_prio=120
rcu_preempt-7     (    7) [001] d..3 214169.440070: sched_switch: prev_comm=rcu_preempt prev_pid=7 prev_prio=120 prev_state=S ==> next_comm=swapper/1 next_pid=0 next_prio=120
          <idle>-0     (-----) [001] dnh4 214169.445902: sched_wakeup: comm=EventThread pid=654 prio=111 success=1 target_cpu=001
          <idle>-0     (-----) [001] d..3 214169.445969: sched_switch: prev_comm=swapper/1 prev_pid=0 prev_prio=120 prev_state=R ==> next_comm=EventThread next_pid=654 next_prio=111
EventThread-654   (  549) [001] d..5 214169.446400: sched_wakeup: comm=android.youtube pid=23071 prio=120 success=1 target_cpu=001
EventThread-654   (  549) [001] d..3 214169.446569: sched_switch: prev_comm=EventThread prev_pid=654 prev_prio=111 prev_state=S ==> next_comm=android.youtube next_pid=23071 next_prio=120
com.google.android.youtube-23071 (23071) [001] ...1 214169.447208: tracing_mark_write: B|23071|Choreographer#doFrame
com.google.android.youtube-23071 (23071) [001] ...1 214169.447284: tracing_mark_write: B|23071|animation
com.google.android.youtube-23071 (23071) [001] dn.5 214169.447789: sched_wakeup: comm=Binder:549_4 pid=2029 prio=120 success=1 target_cpu=001
com.google.android.youtube-23071 (23071) [001] d..3 214169.447833: sched_switch: prev_comm=android.youtube prev_pid=23071 prev_prio=120 prev_state=R+ ==> next_comm=Binder:549_4 next_pid=2029 next_prio=120
Binder:549_4-2029  (  549) [001] dn.4 214169.448151: sched_wakeup: comm=EventThread pid=654 prio=111 success=1 target_cpu=001
Binder:549_4-2029  (  549) [001] d..3 214169.448170: sched_switch: prev_comm=Binder:549_4 prev_pid=2029 prev_prio=120 prev_state=R+ ==> next_comm=EventThread next_pid=654 next_prio=111
EventThread-654   (  549) [001] d..3 214169.448221: sched_switch: prev_comm=EventThread prev_pid=654 prev_prio=111 prev_state=S ==> next_comm=Binder:549_4 next_pid=2029 next_prio=120
Binder:549_4-2029  (  549) [001] dn.4 214169.448250: sched_wakeup: comm=EventThread pid=654 prio=111 success=1 target_cpu=001
Binder:549_4-2029  (  549) [001] d..3 214169.448264: sched_switch: prev_comm=Binder:549_4 prev_pid=2029 prev_prio=120 prev_state=R+ ==> next_comm=EventThread next_pid=654 next_prio=111
EventThread-654   (  549) [001] d..3 214169.448479: sched_switch: prev_comm=EventThread prev_pid=654 prev_prio=111 prev_state=S ==> next_comm=Binder:549_4 next_pid=2029 next_prio=120
Binder:549_4-2029  (  549) [001] d..3 214169.448603: sched_switch: prev_comm=Binder:549_4 prev_pid=2029 prev_prio=120 prev_state=S ==> next_comm=android.youtube next_pid=23071 next_prio=120
com.google.android.youtube-23071 (23071) [001] ...1 214169.448702: tracing_mark_write: E
com.google.android.youtube-23071 (23071) [001] ...1 214169.448740: tracing_mark_write: E
com.google.android.youtube-23071 (23071) [001] d..3 214169.448958: sched_switch: prev_comm=android.youtube prev_pid=23071 prev_prio=120 prev_state=S ==> next_comm=swapper/1 next_pid=0 next_prio=120
          <idle>-0     (-----) [001] dn.4 214169.449029: sched_wakeup: comm=ksoftirqd/1 pid=12 prio=120 success=1 target_cpu=001
          <idle>-0     (-----) [001] d..3 214169.449049: sched_switch: prev_comm=swapper/1 prev_pid=0 prev_prio=120 prev_state=R ==> next_comm=ksoftirqd/1 next_pid=12 next_prio=120
ksoftirqd/1-12    (   12) [001] d.s4 214169.449251: sched_wakeup: comm=kworker/u8:20 pid=27682 prio=120 success=1 target_cpu=000
ksoftirqd/1-12    (   12) [001] d..3 214169.449289: sched_switch: prev_comm=ksoftirqd/1 prev_pid=12 prev_prio=120 prev_state=S ==> next_comm=swapper/1 next_pid=0 next_prio=120
          <idle>-0     (-----) [000] d..3 214169.449593: sched_switch: prev_comm=swapper/0 prev_pid=0 prev_prio=120 prev_state=R ==> next_comm=kworker/u8:20 next_pid=27682 next_prio=120
kworker/u8:20-27682 (27682) [000] d..3 214169.449751: sched_switch: prev_comm=kworker/u8:20 prev_pid=27682 prev_prio=120 prev_state=S ==> next_comm=swapper/0 next_pid=0 next_prio=120
          <idle>-0     (-----) [000] dnh4 214169.456852: sched_wakeup: comm=RxComputationSc pid=21910 prio=120 success=1 target_cpu=000
          <idle>-0     (-----) [000] dnh4 214169.456891: sched_wakeup: comm=Picasso-Dispatc pid=11138 prio=130 success=1 target_cpu=000
          <idle>-0     (-----) [000] d..3 214169.457016: sched_switch: prev_comm=swapper/0 prev_pid=0 prev_prio=120 prev_state=R ==> next_comm=Picasso-Dispatc next_pid=11138 next_prio=130
Picasso-Dispatc-11138 ( 11074) [000] d..3 214169.457433: sched_switch: prev_comm=Picasso-Dispatc prev_pid=11138 prev_prio=130 prev_state=S ==> next_comm=RxComputationSc next_pid=21910 next_prio=120
RxComputationSc-21910 ( 21821) [000] d..3 214169.458382: sched_switch: prev_comm=RxComputationSc prev_pid=21910 prev_prio=120 prev_state=S ==> next_comm=swapper/0 next_pid=0 next_prio=120
          <idle>-0     (-----) [000] dn.4 214169.458462: sched_wakeup: comm=ksoftirqd/0 pid=3 prio=120 success=1 target_cpu=000
          <idle>-0     (-----) [000] d..3 214169.458483: sched_switch: prev_comm=swapper/0 prev_pid=0 prev_prio=120 prev_state=R ==> next_comm=ksoftirqd/0 next_pid=3 next_prio=120
ksoftirqd/0-3     (    3) [000] d.s4 214169.458556: sched_wakeup: comm=kworker/u8:20 pid=27682 prio=120 success=1 target_cpu=000
ksoftirqd/0-3     (    3) [000] d..3 214169.458593: sched_switch: prev_comm=ksoftirqd/0 prev_pid=3 prev_prio=120 prev_state=S ==> next_comm=kworker/u8:20 next_pid=27682 next_prio=120
kworker/u8:20-27682 (27682) [000] d..3 214169.458767: sched_switch: prev_comm=kworker/u8:20 prev_pid=27682 prev_prio=120 prev_state=S ==> next_comm=swapper/0 next_pid=0 next_prio=120
          <idle>-0     (-----) [000] dnh4 214169.462743: sched_wakeup: comm=RxComputationSc pid=21900 prio=120 success=1 target_cpu=000
          <idle>-0     (-----) [000] d..3 214169.462803: sched_switch: prev_comm=swapper/0 prev_pid=0 prev_prio=120 prev_state=R ==> next_comm=RxComputationSc next_pid=21900 next_prio=120
RxComputationSc-21900 (21821) [000] d..3 214169.463332: sched_switch: prev_comm=RxComputationSc prev_pid=21900 prev_prio=120 prev_state=S ==> next_comm=swapper/0 next_pid=0 next_prio=120
          <idle>-0     (-----) [001] dnh5 214169.464786: sched_wakeup: comm=EventThread pid=654 prio=111 success=1 target_cpu=001
          <idle>-0     (-----) [001] d..3 214169.464888: sched_switch: prev_comm=swapper/1 prev_pid=0 prev_prio=120 prev_state=R ==> next_comm=EventThread next_pid=654 next_prio=111
EventThread-654   (  549) [001] d..5 214169.465316: sched_wakeup: comm=android.youtube pid=23071 prio=120 success=1 target_cpu=001
EventThread-654   (  549) [001] d..3 214169.465483: sched_switch: prev_comm=EventThread prev_pid=654 prev_prio=111 prev_state=S ==> next_comm=android.youtube next_pid=23071 next_prio=120
com.google.android.youtube-23071 (23071) [001] ...1 214169.466102: tracing_mark_write: B|23071|Choreographer#doFrame
com.google.android.youtube-23071 (23071) [001] ...1 214169.466177: tracing_mark_write: B|23071|animation
com.google.android.youtube-23071 (23071) [001] dn.5 214169.466672: sched_wakeup: comm=Binder:549_1 pid=585 prio=120 success=1 target_cpu=001
com.google.android.youtube-23071 (23071) [001] d..3 214169.466715: sched_switch: prev_comm=android.youtube prev_pid=23071 prev_prio=120 prev_state=R+ ==> next_comm=Binder:549_1 next_pid=585 next_prio=120
Binder:549_1-585   (  549) [001] dn.4 214169.467035: sched_wakeup: comm=EventThread pid=654 prio=111 success=1 target_cpu=001
Binder:549_1-585   (  549) [001] d..3 214169.467054: sched_switch: prev_comm=Binder:549_1 prev_pid=585 prev_prio=120 prev_state=R+ ==> next_comm=EventThread next_pid=654 next_prio=111
EventThread-654   (  549) [001] d..3 214169.467104: sched_switch: prev_comm=EventThread prev_pid=654 prev_prio=111 prev_state=S ==> next_comm=Binder:549_1 next_pid=585 next_prio=120
Binder:549_1-585   (  549) [001] dn.4 214169.467131: sched_wakeup: comm=EventThread pid=654 prio=111 success=1 target_cpu=001
Binder:549_1-585   (  549) [001] d..3 214169.467145: sched_switch: prev_comm=Binder:549_1 prev_pid=585 prev_prio=120 prev_state=R+ ==> next_comm=EventThread next_pid=654 next_prio=111
EventThread-654   (  549) [001] d..3 214169.467362: sched_switch: prev_comm=EventThread prev_pid=654 prev_prio=111 prev_state=S ==> next_comm=Binder:549_1 next_pid=585 next_prio=120
Binder:549_1-585   (  549) [001] d..3 214169.467487: sched_switch: prev_comm=Binder:549_1 prev_pid=585 prev_prio=120 prev_state=S ==> next_comm=android.youtube next_pid=23071 next_prio=120
com.google.android.youtube-23071 (23071) [001] ...1 214169.467582: tracing_mark_write: E
com.google.android.youtube-23071 (23071) [001] ...1 214169.467623: tracing_mark_write: E
com.google.android.youtube-23071 (23071) [001] d..3 214169.467852: sched_switch: prev_comm=android.youtube prev_pid=23071 prev_prio=120 prev_state=S ==> next_comm=swapper/1 next_pid=0 next_prio=120
          <idle>-0     (-----) [001] dn.4 214169.467922: sched_wakeup: comm=ksoftirqd/1 pid=12 prio=120 success=1 target_cpu=001
          <idle>-0     (-----) [001] d..3 214169.467943: sched_switch: prev_comm=swapper/1 prev_pid=0 prev_prio=120 prev_state=R ==> next_comm=ksoftirqd/1 next_pid=12 next_prio=120
ksoftirqd/1-12    (   12) [001] d.s4 214169.468152: sched_wakeup: comm=kworker/u8:20 pid=27682 prio=120 success=1 target_cpu=000
ksoftirqd/1-12    (   12) [001] d..3 214169.468192: sched_switch: prev_comm=ksoftirqd/1 prev_pid=12 prev_prio=120 prev_state=S ==> next_comm=swapper/1 next_pid=0 next_prio=120
          <idle>-0     (-----) [000] d..3 214169.468268: sched_switch: prev_comm=swapper/0 prev_pid=0 prev_prio=120 prev_state=R ==> next_comm=kworker/u8:20 next_pid=27682 next_prio=120
kworker/u8:20-27682 (27682) [000] d..3 214169.468421: sched_switch: prev_comm=kworker/u8:20 prev_pid=27682 prev_prio=120 prev_state=S ==> next_comm=swapper/0 next_pid=0 next_prio=120
          <idle>-0     (-----) [000] dnh4 214169.473897: sched_wakeup: comm=RxComputationSc pid=21910 prio=120 success=1 target_cpu=000
          <idle>-0     (-----) [000] d..3 214169.473955: sched_switch: prev_comm=swapper/0 prev_pid=0 prev_prio=120 prev_state=R ==> next_comm=RxComputationSc next_pid=21910 next_prio=120
RxComputationSc-21910 ( 21821) [000] dns4 214169.474244: sched_wakeup: comm=kworker/u8:20 pid=27682 prio=120 success=1 target_cpu=000
RxComputationSc-21910 ( 21821) [000] dns4 214169.474280: sched_wakeup: comm=kworker/0:2 pid=3060 prio=120 success=1 target_cpu=000
RxComputationSc-21910 ( 21821) [000] d..3 214169.474348: sched_switch: prev_comm=RxComputationSc prev_pid=21910 prev_prio=120 prev_state=R ==> next_comm=kworker/u8:20 next_pid=27682 next_prio=120
kworker/u8:20-27682 (27682) [000] d..3 214169.475021: sched_switch: prev_comm=kworker/u8:20 prev_pid=27682 prev_prio=120 prev_state=S ==> next_comm=kworker/0:2 next_pid=3060 next_prio=120
kworker/0:2-3060 ( 3060) [000] d..4 214169.475077: sched_wakeup: comm=msm-core:sampli pid=430 prio=120 success=1 target_cpu=000
kworker/0:2-3060 ( 3060) [000] d..3 214169.475101: sched_switch: prev_comm=kworker/0:2 prev_pid=3060 prev_prio=120 prev_state=S ==> next_comm=msm-core:sampli next_pid=430 next_prio=120
msm-core:sampli-430   (  430) [000] d..3 214169.475429: sched_switch: prev_comm=msm-core:sampli prev_pid=430 prev_prio=120 prev_state=D ==> next_comm=RxComputationSc next_pid=21910 next_prio=120
RxComputationSc-21910 ( 21821) [000] d..3 214169.476460: sched_switch: prev_comm=RxComputationSc prev_pid=21910 prev_prio=120 prev_state=S ==> next_comm=swapper/0 next_pid=0 next_prio=120
          <idle>-0     (-----) [001] dnh5 214169.480309: sched_wakeup: comm=triton pid=4462 prio=100 success=1 target_cpu=001
          <idle>-0     (-----) [001] d..3 214169.480424: sched_switch: prev_comm=swapper/1 prev_pid=0 prev_prio=120 prev_state=R ==> next_comm=triton next_pid=4462 next_prio=100
triton-4462 ( 4449) [001] d..3 214169.480540: sched_switch: prev_comm=triton prev_pid=4462 prev_prio=100 prev_state=S ==> next_comm=swapper/1 next_pid=0 next_prio=120
          <idle>-0     (-----) [001] dnh4 214169.483467: sched_wakeup: comm=EventThread pid=654 prio=111 success=1 target_cpu=001
          <idle>-0     (-----) [001] d..3 214169.483521: sched_switch: prev_comm=swapper/1 prev_pid=0 prev_prio=120 prev_state=R ==> next_comm=EventThread next_pid=654 next_prio=111
EventThread-654   (  549) [001] d..5 214169.483936: sched_wakeup: comm=android.youtube pid=23071 prio=120 success=1 target_cpu=001
EventThread-654   (  549) [001] d.h4 214169.484226: sched_wakeup: comm=kworker/u8:20 pid=27682 prio=120 success=1 target_cpu=000
          <idle>-0     (-----) [000] d..3 214169.484391: sched_switch: prev_comm=swapper/0 prev_pid=0 prev_prio=120 prev_state=R ==> next_comm=kworker/u8:20 next_pid=27682 next_prio=120
EventThread-654   (  549) [001] d..3 214169.484466: sched_switch: prev_comm=EventThread prev_pid=654 prev_prio=111 prev_state=S ==> next_comm=android.youtube next_pid=23071 next_prio=120
kworker/u8:20-27682 (27682) [000] d..4 214169.484468: sched_wakeup: comm=kworker/u8:18 pid=21092 prio=120 success=1 target_cpu=000
kworker/u8:20-27682 (27682) [000] d..5 214169.484515: sched_wakeup: comm=kworker/0:2 pid=3060 prio=120 success=1 target_cpu=000
kworker/u8:20-27682 (27682) [000] d..3 214169.484633: sched_switch: prev_comm=kworker/u8:20 prev_pid=27682 prev_prio=120 prev_state=S ==> next_comm=kworker/u8:18 next_pid=21092 next_prio=120
kworker/u8:18-21092 (21092) [000] d..3 214169.484658: sched_switch: prev_comm=kworker/u8:18 prev_pid=21092 prev_prio=120 prev_state=S ==> next_comm=kworker/0:2 next_pid=3060 next_prio=120
kworker/0:2-3060 ( 3060) [000] d..3 214169.484719: sched_switch: prev_comm=kworker/0:2 prev_pid=3060 prev_prio=120 prev_state=S ==> next_comm=swapper/0 next_pid=0 next_prio=120
com.google.android.youtube-23071 (23071) [001] ...1 214169.485122: tracing_mark_write: B|23071|Choreographer#doFrame
com.google.android.youtube-23071 (23071) [001] ...1 214169.485200: tracing_mark_write: B|23071|animation
com.google.android.youtube-23071 (23071) [001] d..5 214169.485710: sched_wakeup: comm=Binder:549_5 pid=5362 prio=120 success=1 target_cpu=000
com.google.android.youtube-23071 (23071) [001] ...1 214169.485812: tracing_mark_write: E
com.google.android.youtube-23071 (23071) [001] ...1 214169.485840: tracing_mark_write: E
          <idle>-0     (-----) [000] d..3 214169.485897: sched_switch: prev_comm=swapper/0 prev_pid=0 prev_prio=120 prev_state=R ==> next_comm=Binder:549_5 next_pid=5362 next_prio=120
com.google.android.youtube-23071 (23071) [001] d..3 214169.486026: sched_switch: prev_comm=android.youtube prev_pid=23071 prev_prio=120 prev_state=S ==> next_comm=swapper/1 next_pid=0 next_prio=120
Binder:549_5-5362  (  549) [000] d..4 214169.486263: sched_wakeup: comm=EventThread pid=654 prio=111 success=1 target_cpu=001
Binder:549_5-5362  (  549) [000] d..3 214169.486405: sched_switch: prev_comm=Binder:549_5 prev_pid=5362 prev_prio=120 prev_state=S ==> next_comm=swapper/0 next_pid=0 next_prio=120
          <idle>-0     (-----) [001] d..3 214169.486506: sched_switch: prev_comm=swapper/1 prev_pid=0 prev_prio=120 prev_state=R ==> next_comm=EventThread next_pid=654 next_prio=111
EventThread-654   (  549) [001] d..3 214169.486767: sched_switch: prev_comm=EventThread prev_pid=654 prev_prio=111 prev_state=S ==> next_comm=swapper/1 next_pid=0 next_prio=120
          <idle>-0     (-----) [000] dnh4 214169.487434: sched_wakeup: comm=gbmd pid=2719 prio=100 success=1 target_cpu=000
          <idle>-0     (-----) [000] d..3 214169.487498: sched_switch: prev_comm=swapper/0 prev_pid=0 prev_prio=120 prev_state=R ==> next_comm=gbmd next_pid=2719 next_prio=100
gbmd-2719 ( 2690) [000] d..3 214169.489524: sched_switch: prev_comm=gbmd prev_pid=2719 prev_prio=100 prev_state=S ==> next_comm=swapper/0 next_pid=0 next_prio=120
          <idle>-0     (-----) [000] d..5 214169.489712: sched_wakeup: comm=rcu_preempt pid=7 prio=120 success=1 target_cpu=001
          <idle>-0     (-----) [000] dn.4 214169.489739: sched_wakeup: comm=ksoftirqd/0 pid=3 prio=120 success=1 target_cpu=000
          <idle>-0     (-----) [000] d..3 214169.489793: sched_switch: prev_comm=swapper/0 prev_pid=0 prev_prio=120 prev_state=R ==> next_comm=ksoftirqd/0 next_pid=3 next_prio=120
ksoftirqd/0-3     (    3) [000] d..3 214169.489865: sched_switch: prev_comm=ksoftirqd/0 prev_pid=3 prev_prio=120 prev_state=S ==> next_comm=swapper/0 next_pid=0 next_prio=120
          <idle>-0     (-----) [000] dn.4 214169.489928: sched_wakeup: comm=ksoftirqd/0 pid=3 prio=120 success=1 target_cpu=000
          <idle>-0     (-----) [000] d..3 214169.489956: sched_switch: prev_comm=swapper/0 prev_pid=0 prev_prio=120 prev_state=R ==> next_comm=ksoftirqd/0 next_pid=3 next_prio=120
          <idle>-0     (-----) [001] d..3 214169.489984: sched_switch: prev_comm=swapper/1 prev_pid=0 prev_prio=120 prev_state=R ==> next_comm=rcu_preempt next_pid=7 next_prio=120
ksoftirqd/0-3     (    3) [000] d..3 214169.489986: sched_switch: prev_comm=ksoftirqd/0 prev_pid=3 prev_prio=120 prev_state=S ==> next_comm=swapper/0 next_pid=0 next_prio=120
rcu_preempt-7     (    7) [001] d..3 214169.490043: sched_switch: prev_comm=rcu_preempt prev_pid=7 prev_prio=120 prev_state=S ==> next_comm=swapper/1 next_pid=0 next_prio=120
          <idle>-0     (-----) [000] d..5 214169.490068: sched_wakeup: comm=rcu_preempt pid=7 prio=120 success=1 target_cpu=001
          <idle>-0     (-----) [000] dn.4 214169.490083: sched_wakeup: comm=ksoftirqd/0 pid=3 prio=120 success=1 target_cpu=000
          <idle>-0     (-----) [001] d..3 214169.490100: sched_switch: prev_comm=swapper/1 prev_pid=0 prev_prio=120 prev_state=R ==> next_comm=rcu_preempt next_pid=7 next_prio=120
          <idle>-0     (-----) [000] d..3 214169.490107: sched_switch: prev_comm=swapper/0 prev_pid=0 prev_prio=120 prev_state=R ==> next_comm=ksoftirqd/0 next_pid=3 next_prio=120
ksoftirqd/0-3     (    3) [000] d..3 214169.490134: sched_switch: prev_comm=ksoftirqd/0 prev_pid=3 prev_prio=120 prev_state=S ==> next_comm=swapper/0 next_pid=0 next_prio=120
rcu_preempt-7     (    7) [001] d..3 214169.490139: sched_switch: prev_comm=rcu_preempt prev_pid=7 prev_prio=120 prev_state=S ==> next_comm=swapper/1 next_pid=0 next_prio=120
          <idle>-0     (-----) [000] d..5 214169.490199: sched_wakeup: comm=rcu_preempt pid=7 prio=120 success=1 target_cpu=001
          <idle>-0     (-----) [000] dn.4 214169.490214: sched_wakeup: comm=ksoftirqd/0 pid=3 prio=120 success=1 target_cpu=000
          <idle>-0     (-----) [001] d..3 214169.490220: sched_switch: prev_comm=swapper/1 prev_pid=0 prev_prio=120 prev_state=R ==> next_comm=rcu_preempt next_pid=7 next_prio=120
          <idle>-0     (-----) [000] d..3 214169.490238: sched_switch: prev_comm=swapper/0 prev_pid=0 prev_prio=120 prev_state=R ==> next_comm=ksoftirqd/0 next_pid=3 next_prio=120
