          <idle>-0     (-----) [000] d..3 214168.829915: sched_switch: prev_comm=swapper/0 prev_pid=0 prev_prio=120 prev_state=R ==> next_comm=Binder:549_2 next_pid=592 next_prio=120
com.google.android.youtube-23071 (23071) [001] ...1 214168.829957: tracing_mark_write: E
com.google.android.youtube-23071 (23071) [001] ...1 214168.829989: tracing_mark_write: E
kworker/2:3-4551  ( 4551) [002] d..5 214168.829992: sched_wakeup: comm=triton pid=4461 prio=100 success=1 target_cpu=000
Binder:549_2-592   (  549) [000] d..3 214168.830011: sched_switch: prev_comm=Binder:549_2 prev_pid=592 prev_prio=120 prev_state=R+ ==> next_comm=triton next_pid=4461 next_prio=100
kworker/2:3-4551  ( 4551) [002] d..3 214168.830105: sched_switch: prev_comm=kworker/2:3 prev_pid=4551 prev_prio=120 prev_state=S ==> next_comm=swapper/2 next_pid=0 next_prio=120
com.google.android.youtube-23071 (23071) [001] d..3 214168.830243: sched_switch: prev_comm=android.youtube prev_pid=23071 prev_prio=120 prev_state=S ==> next_comm=Binder:549_2 next_pid=592 next_prio=120
triton-4461  ( 4449) [000] d..3 214168.830268: sched_switch: prev_comm=triton prev_pid=4461 prev_prio=100 prev_state=S ==> next_comm=swapper/0 next_pid=0 next_prio=120
Binder:549_2-592   (  549) [001] d..4 214168.830540: sched_wakeup: comm=EventThread pid=654 prio=111 success=1 target_cpu=000
          <idle>-0     (-----) [000] d..3 214168.830602: sched_switch: prev_comm=swapper/0 prev_pid=0 prev_prio=120 prev_state=R ==> next_comm=EventThread next_pid=654 next_prio=111
Binder:549_2-592   (  549) [001] d..3 214168.830673: sched_switch: prev_comm=Binder:549_2 prev_pid=592 prev_prio=120 prev_state=S ==> next_comm=swapper/1 next_pid=0 next_prio=120
EventThread-654   (  549) [000] d..3 214168.830872: sched_switch: prev_comm=EventThread prev_pid=654 prev_prio=111 prev_state=S ==> next_comm=swapper/0 next_pid=0 next_prio=120
          <idle>-0     (-----) [000] dnh4 214168.833231: sched_wakeup: comm=RxComputationSc pid=21900 prio=120 success=1 target_cpu=000
          <idle>-0     (-----) [000] d..3 214168.833288: sched_switch: prev_comm=swapper/0 prev_pid=0 prev_prio=120 prev_state=R ==> next_comm=RxComputationSc next_pid=21900 next_prio=120
RxComputationSc-21900 (21821) [000] dnh4 214168.834243: sched_wakeup: comm=kworker/u8:18 pid=21092 prio=120 success=1 target_cpu=000
RxComputationSc-21900 (21821) [000] dns4 214168.834306: sched_wakeup: comm=kworker/0:2 pid=3060 prio=120 success=1 target_cpu=000
RxComputationSc-21900 (21821) [000] d..3 214168.834398: sched_switch: prev_comm=RxComputationSc prev_pid=21900 prev_prio=120 prev_state=R ==> next_comm=kworker/u8:18 next_pid=21092 next_prio=120
kworker/u8:18-21092 (21092) [000] d..4 214168.834479: sched_wakeup: comm=kworker/u8:20 pid=27682 prio=120 success=1 target_cpu=001
          <idle>-0     (-----) [001] d..3 214168.834711: sched_switch: prev_comm=swapper/1 prev_pid=0 prev_prio=120 prev_state=R ==> next_comm=kworker/u8:20 next_pid=27682 next_prio=120
kworker/u8:18-21092 (21092) [000] d..3 214168.834734: sched_switch: prev_comm=kworker/u8:18 prev_pid=21092 prev_prio=120 prev_state=S ==> next_comm=kworker/0:2 next_pid=3060 next_prio=120
kworker/0:2-3060 ( 3060) [000] d..4 214168.834785: sched_wakeup: comm=msm-core:sampli pid=430 prio=120 success=1 target_cpu=001
kworker/u8:20-27682 (27682) [001] d..3 214168.834824: sched_switch: prev_comm=kworker/u8:20 prev_pid=27682 prev_prio=120 prev_state=S ==> next_comm=msm-core:sampli next_pid=430 next_prio=120
kworker/0:2-3060 ( 3060) [000] d..3 214168.834868: sched_switch: prev_comm=kworker/0:2 prev_pid=3060 prev_prio=120 prev_state=S ==> next_comm=RxComputationSc next_pid=21900 next_prio=120
RxComputationSc-21900 (21821) [000] d..3 214168.835066: sched_switch: prev_comm=RxComputationSc prev_pid=21900 prev_prio=120 prev_state=S ==> next_comm=swapper/0 next_pid=0 next_prio=120
msm-core:sampli-430   (  430) [001] d..3 214168.835085: sched_switch: prev_comm=msm-core:sampli prev_pid=430 prev_prio=120 prev_state=D ==> next_comm=swapper/1 next_pid=0 next_prio=120
          <idle>-0     (-----) [000] dnh5 214168.847550: sched_wakeup: comm=EventThread pid=654 prio=111 success=1 target_cpu=000
          <idle>-0     (-----) [000] d..3 214168.847767: sched_switch: prev_comm=swapper/0 prev_pid=0 prev_prio=120 prev_state=R ==> next_comm=EventThread next_pid=654 next_prio=111
EventThread-654   (  549) [000] d..5 214168.848253: sched_wakeup: comm=android.youtube pid=23071 prio=120 success=1 target_cpu=001
          <idle>-0     (-----) [001] d..3 214168.848428: sched_switch: prev_comm=swapper/1 prev_pid=0 prev_prio=120 prev_state=R ==> next_comm=android.youtube next_pid=23071 next_prio=120
EventThread-654   (  549) [000] d..3 214168.848454: sched_switch: prev_comm=EventThread prev_pid=654 prev_prio=111 prev_state=S ==> next_comm=swapper/0 next_pid=0 next_prio=120
          <idle>-0     (-----) [000] dn.4 214168.848523: sched_wakeup: comm=ksoftirqd/0 pid=3 prio=120 success=1 target_cpu=000
          <idle>-0     (-----) [000] d..3 214168.848539: sched_switch: prev_comm=swapper/0 prev_pid=0 prev_prio=120 prev_state=R ==> next_comm=ksoftirqd/0 next_pid=3 next_prio=120
ksoftirqd/0-3     (    3) [000] d.s4 214168.848736: sched_wakeup: comm=kworker/u8:20 pid=27682 prio=120 success=1 target_cpu=001
com.google.android.youtube-23071 (23071) [001] d..3 214168.848768: sched_switch: prev_comm=android.youtube prev_pid=23071 prev_prio=120 prev_state=R ==> next_comm=kworker/u8:20 next_pid=27682 next_prio=120
ksoftirqd/0-3     (    3) [000] d..3 214168.848865: sched_switch: prev_comm=ksoftirqd/0 prev_pid=3 prev_prio=120 prev_state=S ==> next_comm=android.youtube next_pid=23071 next_prio=120
kworker/u8:20-27682 (27682) [001] d..3 214168.849039: sched_switch: prev_comm=kworker/u8:20 prev_pid=27682 prev_prio=120 prev_state=S ==> next_comm=swapper/1 next_pid=0 next_prio=120
com.google.android.youtube-23071 (23071) [000] ...1 214168.849325: tracing_mark_write: B|23071|Choreographer#doFrame
com.google.android.youtube-23071 (23071) [000] ...1 214168.849410: tracing_mark_write: B|23071|animation
com.google.android.youtube-23071 (23071) [000] dn.5 214168.849947: sched_wakeup: comm=Binder:549_3 pid=762 prio=120 success=1 target_cpu=000
com.google.android.youtube-23071 (23071) [000] d..3 214168.849988: sched_switch: prev_comm=android.youtube prev_pid=23071 prev_prio=120 prev_state=R+ ==> next_comm=Binder:549_3 next_pid=762 next_prio=120
Binder:549_3-762   (  549) [000] dn.4 214168.850332: sched_wakeup: comm=EventThread pid=654 prio=111 success=1 target_cpu=000
Binder:549_3-762   (  549) [000] d..3 214168.850352: sched_switch: prev_comm=Binder:549_3 prev_pid=762 prev_prio=120 prev_state=R+ ==> next_comm=EventThread next_pid=654 next_prio=111
EventThread-654   (  549) [000] d..3 214168.850410: sched_switch: prev_comm=EventThread prev_pid=654 prev_prio=111 prev_state=S ==> next_comm=Binder:549_3 next_pid=762 next_prio=120
Binder:549_3-762   (  549) [000] dn.4 214168.850438: sched_wakeup: comm=EventThread pid=654 prio=111 success=1 target_cpu=000
Binder:549_3-762   (  549) [000] d..3 214168.850453: sched_switch: prev_comm=Binder:549_3 prev_pid=762 prev_prio=120 prev_state=R+ ==> next_comm=EventThread next_pid=654 next_prio=111
EventThread-654   (  549) [000] d..3 214168.850690: sched_switch: prev_comm=EventThread prev_pid=654 prev_prio=111 prev_state=S ==> next_comm=Binder:549_3 next_pid=762 next_prio=120
Binder:549_3-762   (  549) [000] d..3 214168.850812: sched_switch: prev_comm=Binder:549_3 prev_pid=762 prev_prio=120 prev_state=S ==> next_comm=android.youtube next_pid=23071 next_prio=120
com.google.android.youtube-23071 (23071) [000] ...1 214168.850913: tracing_mark_write: E
com.google.android.youtube-23071 (23071) [000] ...1 214168.850951: tracing_mark_write: E
com.google.android.youtube-23071 (23071) [000] d..3 214168.851184: sched_switch: prev_comm=android.youtube prev_pid=23071 prev_prio=120 prev_state=S ==> next_comm=swapper/0 next_pid=0 next_prio=120
          <idle>-0     (-----) [000] dnh4 214168.856717: sched_wakeup: comm=RxComputationSc pid=21910 prio=120 success=1 target_cpu=000
          <idle>-0     (-----) [000] d..3 214168.856793: sched_switch: prev_comm=swapper/0 prev_pid=0 prev_prio=120 prev_state=R ==> next_comm=RxComputationSc next_pid=21910 next_prio=120
RxComputationSc-21910 ( 21821) [000] d..3 214168.857736: sched_switch: prev_comm=RxComputationSc prev_pid=21910 prev_prio=120 prev_state=S ==> next_comm=swapper/0 next_pid=0 next_prio=120
          <idle>-0     (-----) [000] dn.4 214168.857807: sched_wakeup: comm=ksoftirqd/0 pid=3 prio=120 success=1 target_cpu=000
          <idle>-0     (-----) [000] d..3 214168.857825: sched_switch: prev_comm=swapper/0 prev_pid=0 prev_prio=120 prev_state=R ==> next_comm=ksoftirqd/0 next_pid=3 next_prio=120
ksoftirqd/0-3     (    3) [000] d.s4 214168.857924: sched_wakeup: comm=kworker/u8:20 pid=27682 prio=120 success=1 target_cpu=001
ksoftirqd/0-3     (    3) [000] d..3 214168.857963: sched_switch: prev_comm=ksoftirqd/0 prev_pid=3 prev_prio=120 prev_state=S ==> next_comm=swapper/0 next_pid=0 next_prio=120
          <idle>-0     (-----) [001] d..3 214168.858221: sched_switch: prev_comm=swapper/1 prev_pid=0 prev_prio=120 prev_state=R ==> next_comm=kworker/u8:20 next_pid=27682 next_prio=120
kworker/u8:20-27682 (27682) [001] d..3 214168.858364: sched_switch: prev_comm=kworker/u8:20 prev_pid=27682 prev_prio=120 prev_state=S ==> next_comm=swapper/1 next_pid=0 next_prio=120
          <idle>-0     (-----) [000] dnh4 214168.863867: sched_wakeup: comm=RxComputationSc pid=21900 prio=120 success=1 target_cpu=000
          <idle>-0     (-----) [000] d..3 214168.863927: sched_switch: prev_comm=swapper/0 prev_pid=0 prev_prio=120 prev_state=R ==> next_comm=RxComputationSc next_pid=21900 next_prio=120
RxComputationSc-21900 (21821) [000] d.s4 214168.864341: sched_wakeup: comm=kworker/u8:20 pid=27682 prio=120 success=1 target_cpu=001
          <idle>-0     (-----) [001] d..3 214168.864489: sched_switch: prev_comm=swapper/1 prev_pid=0 prev_prio=120 prev_state=R ==> next_comm=kworker/u8:20 next_pid=27682 next_prio=120
kworker/u8:20-27682 (27682) [001] d..3 214168.864638: sched_switch: prev_comm=kworker/u8:20 prev_pid=27682 prev_prio=120 prev_state=S ==> next_comm=swapper/1 next_pid=0 next_prio=120
RxComputationSc-21900 (21821) [000] d..3 214168.864966: sched_switch: prev_comm=RxComputationSc prev_pid=21900 prev_prio=120 prev_state=S ==> next_comm=swapper/0 next_pid=0 next_prio=120
          <idle>-0     (-----) [000] dnh4 214168.866820: sched_wakeup: comm=EventThread pid=654 prio=111 success=1 target_cpu=000
          <idle>-0     (-----) [000] d..3 214168.866878: sched_switch: prev_comm=swapper/0 prev_pid=0 prev_prio=120 prev_state=R ==> next_comm=EventThread next_pid=654 next_prio=111
EventThread-654   (  549) [000] d..5 214168.867291: sched_wakeup: comm=android.youtube pid=23071 prio=120 success=1 target_cpu=000
EventThread-654   (  549) [000] d..3 214168.867456: sched_switch: prev_comm=EventThread prev_pid=654 prev_prio=111 prev_state=S ==> next_comm=android.youtube next_pid=23071 next_prio=120
com.google.android.youtube-23071 (23071) [000] ...1 214168.868173: tracing_mark_write: B|23071|Choreographer#doFrame
com.google.android.youtube-23071 (23071) [000] ...1 214168.868252: tracing_mark_write: B|23071|animation
com.google.android.youtube-23071 (23071) [000] d..5 214168.868750: sched_wakeup: comm=Binder:549_4 pid=2029 prio=120 success=1 target_cpu=001
com.google.android.youtube-23071 (23071) [000] ...1 214168.868845: tracing_mark_write: E
com.google.android.youtube-23071 (23071) [000] ...1 214168.868873: tracing_mark_write: E
          <idle>-0     (-----) [001] d..3 214168.869057: sched_switch: prev_comm=swapper/1 prev_pid=0 prev_prio=120 prev_state=R ==> next_comm=Binder:549_4 next_pid=2029 next_prio=120
com.google.android.youtube-23071 (23071) [000] d..3 214168.869110: sched_switch: prev_comm=android.youtube prev_pid=23071 prev_prio=120 prev_state=S ==> next_comm=swapper/0 next_pid=0 next_prio=120
Binder:549_4-2029  (  549) [001] d..4 214168.869416: sched_wakeup: comm=EventThread pid=654 prio=111 success=1 target_cpu=000
          <idle>-0     (-----) [000] d..3 214168.869478: sched_switch: prev_comm=swapper/0 prev_pid=0 prev_prio=120 prev_state=R ==> next_comm=EventThread next_pid=654 next_prio=111
Binder:549_4-2029  (  549) [001] d..3 214168.869549: sched_switch: prev_comm=Binder:549_4 prev_pid=2029 prev_prio=120 prev_state=S ==> next_comm=swapper/1 next_pid=0 next_prio=120
EventThread-654   (  549) [000] d..3 214168.869730: sched_switch: prev_comm=EventThread prev_pid=654 prev_prio=111 prev_state=S ==> next_comm=swapper/0 next_pid=0 next_prio=120
          <idle>-0     (-----) [000] dnh4 214168.874097: sched_wakeup: comm=RxComputationSc pid=21910 prio=120 success=1 target_cpu=000
          <idle>-0     (-----) [000] d..3 214168.874183: sched_switch: prev_comm=swapper/0 prev_pid=0 prev_prio=120 prev_state=R ==> next_comm=RxComputationSc next_pid=21910 next_prio=120
RxComputationSc-21910 ( 21821) [000] d..3 214168.875062: sched_switch: prev_comm=RxComputationSc prev_pid=21910 prev_prio=120 prev_state=S ==> next_comm=swapper/0 next_pid=0 next_prio=120
          <idle>-0     (-----) [000] dn.4 214168.875135: sched_wakeup: comm=ksoftirqd/0 pid=3 prio=120 success=1 target_cpu=000
          <idle>-0     (-----) [000] d..3 214168.875154: sched_switch: prev_comm=swapper/0 prev_pid=0 prev_prio=120 prev_state=R ==> next_comm=ksoftirqd/0 next_pid=3 next_prio=120
ksoftirqd/0-3     (    3) [000] d.s4 214168.875246: sched_wakeup: comm=kworker/u8:20 pid=27682 prio=120 success=1 target_cpu=001
ksoftirqd/0-3     (    3) [000] d..3 214168.875292: sched_switch: prev_comm=ksoftirqd/0 prev_pid=3 prev_prio=120 prev_state=S ==> next_comm=swapper/0 next_pid=0 next_prio=120
          <idle>-0     (-----) [001] d..3 214168.875461: sched_switch: prev_comm=swapper/1 prev_pid=0 prev_prio=120 prev_state=R ==> next_comm=kworker/u8:20 next_pid=27682 next_prio=120
kworker/u8:20-27682 (27682) [001] d..3 214168.876149: sched_switch: prev_comm=kworker/u8:20 prev_pid=27682 prev_prio=120 prev_state=S ==> next_comm=swapper/1 next_pid=0 next_prio=120
          <idle>-0     (-----) [000] dnh4 214168.881136: sched_wakeup: comm=gbmd pid=2721 prio=100 success=1 target_cpu=000
          <idle>-0     (-----) [000] d..3 214168.881194: sched_switch: prev_comm=swapper/0 prev_pid=0 prev_prio=120 prev_state=R ==> next_comm=gbmd next_pid=2721 next_prio=100
gbmd-2721 ( 2690) [000] d..3 214168.881271: sched_switch: prev_comm=gbmd prev_pid=2721 prev_prio=100 prev_state=S ==> next_comm=swapper/0 next_pid=0 next_prio=120
          <idle>-0     (-----) [001] dn.4 214168.885374: sched_wakeup: comm=ksoftirqd/1 pid=12 prio=120 success=1 target_cpu=001
          <idle>-0     (-----) [001] d..3 214168.885425: sched_switch: prev_comm=swapper/1 prev_pid=0 prev_prio=120 prev_state=R ==> next_comm=ksoftirqd/1 next_pid=12 next_prio=120
ksoftirqd/1-12    (   12) [001] d.s4 214168.885494: sched_wakeup: comm=kworker/u8:20 pid=27682 prio=120 success=1 target_cpu=001
ksoftirqd/1-12    (   12) [001] d.s4 214168.885528: sched_wakeup: comm=kworker/1:4 pid=4535 prio=120 success=1 target_cpu=001
ksoftirqd/1-12    (   12) [001] d..3 214168.885666: sched_switch: prev_comm=ksoftirqd/1 prev_pid=12 prev_prio=120 prev_state=S ==> next_comm=kworker/1:4 next_pid=4535 next_prio=120
kworker/1:4-4535  ( 4535) [001] d..4 214168.885720: sched_wakeup: comm=msm-core:sampli pid=430 prio=120 success=1 target_cpu=001
kworker/1:4-4535  ( 4535) [001] d..3 214168.885744: sched_switch: prev_comm=kworker/1:4 prev_pid=4535 prev_prio=120 prev_state=S ==> next_comm=msm-core:sampli next_pid=430 next_prio=120
          <idle>-0     (-----) [000] dnh4 214168.885824: sched_wakeup: comm=EventThread pid=654 prio=111 success=1 target_cpu=000
          <idle>-0     (-----) [000] d..3 214168.885888: sched_switch: prev_comm=swapper/0 prev_pid=0 prev_prio=120 prev_state=R ==> next_comm=EventThread next_pid=654 next_prio=111
EventThread-654   (  549) [000] d.h3 214168.886094: sched_wakeup: comm=android.youtube pid=23071 prio=120 success=1 target_cpu=000
msm-core:sampli-430   (  430) [001] d..3 214168.886129: sched_switch: prev_comm=msm-core:sampli prev_pid=430 prev_prio=120 prev_state=D ==> next_comm=kworker/u8:20 next_pid=27682 next_prio=120
kworker/u8:20-27682 (27682) [001] dn.7 214168.886443: sched_wakeup: comm=smem_native_rpm pid=41 prio=120 success=1 target_cpu=001
kworker/u8:20-27682 (27682) [001] d..3 214168.886472: sched_switch: prev_comm=kworker/u8:20 prev_pid=27682 prev_prio=120 prev_state=R+ ==> next_comm=smem_native_rpm next_pid=41 next_prio=120
EventThread-654   (  549) [000] d..3 214168.886483: sched_switch: prev_comm=EventThread prev_pid=654 prev_prio=111 prev_state=S ==> next_comm=android.youtube next_pid=23071 next_prio=120
smem_native_rpm-41    (   41) [001] d..3 214168.886589: sched_switch: prev_comm=smem_native_rpm prev_pid=41 prev_prio=120 prev_state=S ==> next_comm=kworker/u8:20 next_pid=27682 next_prio=120
kworker/u8:20-27682 (27682) [001] d..3 214168.886811: sched_switch: prev_comm=kworker/u8:20 prev_pid=27682 prev_prio=120 prev_state=S ==> next_comm=swapper/1 next_pid=0 next_prio=120
com.google.android.youtube-23071 (23071) [000] d..6 214168.887547: sched_wakeup: comm=Binder:3277_C pid=4806 prio=120 success=1 target_cpu=001
com.google.android.youtube-23071 (23071) [000] d..3 214168.887657: sched_switch: prev_comm=android.youtube prev_pid=23071 prev_prio=120 prev_state=S ==> next_comm=swapper/0 next_pid=0 next_prio=120
          <idle>-0     (-----) [001] d..3 214168.887719: sched_switch: prev_comm=swapper/1 prev_pid=0 prev_prio=120 prev_state=R ==> next_comm=Binder:3277_C next_pid=4806 next_prio=120
Binder:3277_C-4806 ( 3277) [001] d..6 214168.888503: sched_wakeup: comm=android.youtube pid=23071 prio=120 success=1 target_cpu=000
Binder:3277_C-4806 ( 3277) [001] d..3 214168.888662: sched_switch: prev_comm=Binder:3277_C prev_pid=4806 prev_prio=120 prev_state=S ==> next_comm=swapper/1 next_pid=0 next_prio=120
          <idle>-0     (-----) [000] d..3 214168.888667: sched_switch: prev_comm=swapper/0 prev_pid=0 prev_prio=120 prev_state=R ==> next_comm=android.youtube next_pid=23071 next_prio=120
com.google.android.youtube-23071 (23071) [000] d..4 214168.889210: sched_wakeup: comm=logd.writer pid=468 prio=130 success=1 target_cpu=000
com.google.android.youtube-23071 (23071) [000] d..6 214168.889453: sched_wakeup: comm=Binder:3277_11 pid=4904 prio=120 success=1 target_cpu=001
com.google.android.youtube-23071 (23071) [000] d..3 214168.889531: sched_switch: prev_comm=android.youtube prev_pid=23071 prev_prio=120 prev_state=S ==> next_comm=logd.writer next_pid=468 next_prio=130
          <idle>-0     (-----) [001] d..3 214168.889621: sched_switch: prev_comm=swapper/1 prev_pid=0 prev_prio=120 prev_state=R ==> next_comm=Binder:3277_11 next_pid=4904 next_prio=120
logd.writer-468   (  464) [000] d..3 214168.890052: sched_switch: prev_comm=logd.writer prev_pid=468 prev_prio=130 prev_state=S ==> next_comm=swapper/0 next_pid=0 next_prio=120
Binder:3277_11-4904  ( 3277) [001] d..6 214168.890310: sched_wakeup: comm=Binder:2703_1 pid=3072 prio=120 success=1 target_cpu=001
Binder:3277_11-4904  ( 3277) [001] d..3 214168.890383: sched_switch: prev_comm=Binder:3277_11 prev_pid=4904 prev_prio=120 prev_state=S ==> next_comm=Binder:2703_1 next_pid=3072 next_prio=120
Binder:2703_1-3072  ( 2703) [001] d..4 214168.891063: sched_wakeup: comm=logd.writer pid=468 prio=130 success=1 target_cpu=000
          <idle>-0     (-----) [000] d..3 214168.891259: sched_switch: prev_comm=swapper/0 prev_pid=0 prev_prio=120 prev_state=R ==> next_comm=logd.writer next_pid=468 next_prio=130
Binder:2703_1-3072  ( 2703) [001] d..6 214168.892156: sched_wakeup: comm=Binder:3277_11 pid=4904 prio=120 success=1 target_cpu=001
Binder:2703_1-3072  ( 2703) [001] d..3 214168.892399: sched_switch: prev_comm=Binder:2703_1 prev_pid=3072 prev_prio=120 prev_state=S ==> next_comm=Binder:3277_11 next_pid=4904 next_prio=120
Binder:3277_11-4904  ( 3277) [001] d..6 214168.892966: sched_wakeup: comm=android.youtube pid=23071 prio=120 success=1 target_cpu=000
logd.writer-468   (  464) [000] d..3 214168.893017: sched_switch: prev_comm=logd.writer prev_pid=468 prev_prio=130 prev_state=R ==> next_comm=android.youtube next_pid=23071 next_prio=120
Binder:3277_11-4904  ( 3277) [001] d..3 214168.893247: sched_switch: prev_comm=Binder:3277_11 prev_pid=4904 prev_prio=120 prev_state=S ==> next_comm=logd.writer next_pid=468 next_prio=130
logd.writer-468   (  464) [001] d..3 214168.893581: sched_switch: prev_comm=logd.writer prev_pid=468 prev_prio=130 prev_state=S ==> next_comm=swapper/1 next_pid=0 next_prio=120
com.google.android.youtube-23071 (23071) [000] ...1 214168.893614: tracing_mark_write: B|23071|Choreographer#doFrame
com.google.android.youtube-23071 (23071) [000] ...1 214168.893693: tracing_mark_write: B|23071|animation
com.google.android.youtube-23071 (23071) [000] d.h4 214168.894307: sched_wakeup: comm=kworker/u8:20 pid=27682 prio=120 success=1 target_cpu=001
com.google.android.youtube-23071 (23071) [000] d.s4 214168.894439: sched_wakeup: comm=rcu_preempt pid=7 prio=120 success=1 target_cpu=001
          <idle>-0     (-----) [001] d..3 214168.894491: sched_switch: prev_comm=swapper/1 prev_pid=0 prev_prio=120 prev_state=R ==> next_comm=kworker/u8:20 next_pid=27682 next_prio=120
kworker/u8:20-27682 (27682) [001] d..4 214168.894566: sched_wakeup: comm=kworker/u8:18 pid=21092 prio=120 success=1 target_cpu=000
com.google.android.youtube-23071 (23071) [000] dn.5 214168.894571: sched_wakeup: comm=Binder:549_1 pid=585 prio=120 success=1 target_cpu=001
com.google.android.youtube-23071 (23071) [000] d..3 214168.894606: sched_switch: prev_comm=android.youtube prev_pid=23071 prev_prio=120 prev_state=R+ ==> next_comm=kworker/u8:18 next_pid=21092 next_prio=120
kworker/u8:20-27682 (27682) [001] d..5 214168.894622: sched_wakeup: comm=kworker/1:4 pid=4535 prio=120 success=1 target_cpu=001
kworker/u8:20-27682 (27682) [001] d..3 214168.894660: sched_switch: prev_comm=kworker/u8:20 prev_pid=27682 prev_prio=120 prev_state=S ==> next_comm=rcu_preempt next_pid=7 next_prio=120
rcu_preempt-7     (    7) [001] d..3 214168.894706: sched_switch: prev_comm=rcu_preempt prev_pid=7 prev_prio=120 prev_state=S ==> next_comm=Binder:549_1 next_pid=585 next_prio=120
kworker/u8:18-21092 (21092) [000] d..3 214168.894741: sched_switch: prev_comm=kworker/u8:18 prev_pid=21092 prev_prio=120 prev_state=S ==> next_comm=android.youtube next_pid=23071 next_prio=120
com.google.android.youtube-23071 (23071) [000] ...1 214168.894851: tracing_mark_write: E
com.google.android.youtube-23071 (23071) [000] ...1 214168.894893: tracing_mark_write: E
Binder:549_1-585   (  549) [001] d..4 214168.895084: sched_wakeup: comm=EventThread pid=654 prio=111 success=1 target_cpu=000
com.google.android.youtube-23071 (23071) [000] d..3 214168.895103: sched_switch: prev_comm=android.youtube prev_pid=23071 prev_prio=120 prev_state=S ==> next_comm=EventThread next_pid=654 next_prio=111
Binder:549_1-585   (  549) [001] d..3 214168.895209: sched_switch: prev_comm=Binder:549_1 prev_pid=585 prev_prio=120 prev_state=S ==> next_comm=kworker/1:4 next_pid=4535 next_prio=120
kworker/1:4-4535  ( 4535) [001] d..3 214168.895286: sched_switch: prev_comm=kworker/1:4 prev_pid=4535 prev_prio=120 prev_state=S ==> next_comm=swapper/1 next_pid=0 next_prio=120
EventThread-654   (  549) [000] d..3 214168.895378: sched_switch: prev_comm=EventThread prev_pid=654 prev_prio=111 prev_state=S ==> next_comm=swapper/0 next_pid=0 next_prio=120
          <idle>-0     (-----) [000] d..5 214168.895478: sched_wakeup: comm=rcu_preempt pid=7 prio=120 success=1 target_cpu=001
          <idle>-0     (-----) [000] dn.4 214168.895501: sched_wakeup: comm=ksoftirqd/0 pid=3 prio=120 success=1 target_cpu=000
          <idle>-0     (-----) [001] d..3 214168.895534: sched_switch: prev_comm=swapper/1 prev_pid=0 prev_prio=120 prev_state=R ==> next_comm=rcu_preempt next_pid=7 next_prio=120
          <idle>-0     (-----) [000] d..3 214168.895535: sched_switch: prev_comm=swapper/0 prev_pid=0 prev_prio=120 prev_state=R ==> next_comm=ksoftirqd/0 next_pid=3 next_prio=120
ksoftirqd/0-3     (    3) [000] d..3 214168.895588: sched_switch: prev_comm=ksoftirqd/0 prev_pid=3 prev_prio=120 prev_state=S ==> next_comm=swapper/0 next_pid=0 next_prio=120
rcu_preempt-7     (    7) [001] d..3 214168.895598: sched_switch: prev_comm=rcu_preempt prev_pid=7 prev_prio=120 prev_state=S ==> next_comm=swapper/1 next_pid=0 next_prio=120
          <idle>-0     (-----) [000] d..5 214168.895654: sched_wakeup: comm=rcu_preempt pid=7 prio=120 success=1 target_cpu=001
          <idle>-0     (-----) [000] dn.4 214168.895669: sched_wakeup: comm=ksoftirqd/0 pid=3 prio=120 success=1 target_cpu=000
          <idle>-0     (-----) [001] d..3 214168.895672: sched_switch: prev_comm=swapper/1 prev_pid=0 prev_prio=120 prev_state=R ==> next_comm=rcu_preempt next_pid=7 next_prio=120
          <idle>-0     (-----) [000] d..3 214168.895695: sched_switch: prev_comm=swapper/0 prev_pid=0 prev_prio=120 prev_state=R ==> next_comm=ksoftirqd/0 next_pid=3 next_prio=120
rcu_preempt-7     (    7) [001] d..3 214168.895709: sched_switch: prev_comm=rcu_preempt prev_pid=7 prev_prio=120 prev_state=S ==> next_comm=swapper/1 next_pid=0 next_prio=120
ksoftirqd/0-3     (    3) [000] d..3 214168.895738: sched_switch: prev_comm=ksoftirqd/0 prev_pid=3 prev_prio=120 prev_state=S ==> next_comm=swapper/0 next_pid=0 next_prio=120
          <idle>-0     (-----) [000] dnh4 214168.901141: sched_wakeup: comm=android.youtube pid=23071 prio=120 success=1 target_cpu=000
          <idle>-0     (-----) [000] d..3 214168.901197: sched_switch: prev_comm=swapper/0 prev_pid=0 prev_prio=120 prev_state=R ==> next_comm=android.youtube next_pid=23071 next_prio=120
com.google.android.youtube-23071 (23071) [000] d..6 214168.901738: sched_wakeup: comm=Binder:3277_20 pid=17487 prio=120 success=1 target_cpu=001
com.google.android.youtube-23071 (23071) [000] d..3 214168.901834: sched_switch: prev_comm=android.youtube prev_pid=23071 prev_prio=120 prev_state=S ==> next_comm=swapper/0 next_pid=0 next_prio=120
          <idle>-0     (-----) [001] d..3 214168.901911: sched_switch: prev_comm=swapper/1 prev_pid=0 prev_prio=120 prev_state=R ==> next_comm=Binder:3277_20 next_pid=17487 next_prio=120
Binder:3277_20-17487 ( 3277) [001] d..6 214168.902653: sched_wakeup: comm=android.youtube pid=23071 prio=120 success=1 target_cpu=000
          <idle>-0     (-----) [000] d..3 214168.902734: sched_switch: prev_comm=swapper/0 prev_pid=0 prev_prio=120 prev_state=R ==> next_comm=android.youtube next_pid=23071 next_prio=120
Binder:3277_20-17487 ( 3277) [001] d..3 214168.902817: sched_switch: prev_comm=Binder:3277_20 prev_pid=17487 prev_prio=120 prev_state=S ==> next_comm=swapper/1 next_pid=0 next_prio=120
com.google.android.youtube-23071 (23071) [000] d..4 214168.903258: sched_wakeup: comm=logd.writer pid=468 prio=130 success=1 target_cpu=001
          <idle>-0     (-----) [001] d..3 214168.903409: sched_switch: prev_comm=swapper/1 prev_pid=0 prev_prio=120 prev_state=R ==> next_comm=logd.writer next_pid=468 next_prio=130
com.google.android.youtube-23071 (23071) [000] d..6 214168.903568: sched_wakeup: comm=Binder:3277_1C pid=1468 prio=120 success=1 target_cpu=001
logd.writer-468   (  464) [001] d..3 214168.903595: sched_switch: prev_comm=logd.writer prev_pid=468 prev_prio=130 prev_state=R+ ==> next_comm=Binder:3277_1C next_pid=1468 next_prio=120
com.google.android.youtube-23071 (23071) [000] d..3 214168.903706: sched_switch: prev_comm=android.youtube prev_pid=23071 prev_prio=120 prev_state=S ==> next_comm=swapper/0 next_pid=0 next_prio=120
Binder:3277_1C-1468  ( 3277) [001] d.s4 214168.904418: sched_wakeup: comm=kworker/u8:18 pid=21092 prio=120 success=1 target_cpu=000
          <idle>-0     (-----) [000] d..3 214168.904443: sched_switch: prev_comm=swapper/0 prev_pid=0 prev_prio=120 prev_state=R ==> next_comm=kworker/u8:18 next_pid=21092 next_prio=120
kworker/u8:18-21092 (21092) [000] d..3 214168.904650: sched_switch: prev_comm=kworker/u8:18 prev_pid=21092 prev_prio=120 prev_state=S ==> next_comm=swapper/0 next_pid=0 next_prio=120
Binder:3277_1C-1468  ( 3277) [001] d..6 214168.904658: sched_wakeup: comm=Binder:2703_3 pid=3967 prio=120 success=1 target_cpu=001
Binder:3277_1C-1468  ( 3277) [001] d..3 214168.904721: sched_switch: prev_comm=Binder:3277_1C prev_pid=1468 prev_prio=120 prev_state=S ==> next_comm=Binder:2703_3 next_pid=3967 next_prio=120
          <idle>-0     (-----) [002] d..3 214168.904721: sched_switch: prev_comm=swapper/2 prev_pid=0 prev_prio=120 prev_state=R ==> next_comm=logd.writer next_pid=468 next_prio=130
logd.writer-468   (  464) [002] d..3 214168.905214: sched_switch: prev_comm=logd.writer prev_pid=468 prev_prio=130 prev_state=S ==> next_comm=swapper/2 next_pid=0 next_prio=120
Binder:2703_3-3967  ( 2703) [001] d..4 214168.905413: sched_wakeup: comm=logd.writer pid=468 prio=130 success=1 target_cpu=002
          <idle>-0     (-----) [002] d..3 214168.905588: sched_switch: prev_comm=swapper/2 prev_pid=0 prev_prio=120 prev_state=R ==> next_comm=logd.writer next_pid=468 next_prio=130
Binder:2703_3-3967  ( 2703) [001] d..6 214168.906407: sched_wakeup: comm=Binder:3277_1C pid=1468 prio=120 success=1 target_cpu=001
Binder:2703_3-3967  ( 2703) [001] d..3 214168.906582: sched_switch: prev_comm=Binder:2703_3 prev_pid=3967 prev_prio=120 prev_state=S ==> next_comm=Binder:3277_1C next_pid=1468 next_prio=120
Binder:3277_1C-1468  ( 3277) [001] d..6 214168.907064: sched_wakeup: comm=android.youtube pid=23071 prio=120 success=1 target_cpu=000
          <idle>-0     (-----) [000] d..3 214168.907154: sched_switch: prev_comm=swapper/0 prev_pid=0 prev_prio=120 prev_state=R ==> next_comm=android.youtube next_pid=23071 next_prio=120
Binder:3277_1C-1468  ( 3277) [001] d..3 214168.907271: sched_switch: prev_comm=Binder:3277_1C prev_pid=1468 prev_prio=120 prev_state=S ==> next_comm=swapper/1 next_pid=0 next_prio=120
com.google.android.youtube-23071 (23071) [000] d..3 214168.907636: sched_switch: prev_comm=android.youtube prev_pid=23071 prev_prio=120 prev_state=S ==> next_comm=swapper/0 next_pid=0 next_prio=120
          <idle>-0     (-----) [000] dnh4 214168.911460: sched_wakeup: comm=EventThread pid=654 prio=111 success=1 target_cpu=000
          <idle>-0     (-----) [000] d..3 214168.911525: sched_switch: prev_comm=swapper/0 prev_pid=0 prev_prio=120 prev_state=R ==> next_comm=EventThread next_pid=654 next_prio=111
EventThread-654   (  549) [000] d..5 214168.911917: sched_wakeup: comm=android.youtube pid=23071 prio=120 success=1 target_cpu=000
EventThread-654   (  549) [000] d..3 214168.912085: sched_switch: prev_comm=EventThread prev_pid=654 prev_prio=111 prev_state=S ==> next_comm=android.youtube next_pid=23071 next_prio=120
com.google.android.youtube-23071 (23071) [000] ...1 214168.912636: tracing_mark_write: B|23071|Choreographer#doFrame
com.google.android.youtube-23071 (23071) [000] ...1 214168.912714: tracing_mark_write: B|23071|animation
com.google.android.youtube-23071 (23071) [000] dn.5 214168.913177: sched_wakeup: comm=Binder:549_5 pid=5362 prio=120 success=1 target_cpu=000
com.google.android.youtube-23071 (23071) [000] d..3 214168.913219: sched_switch: prev_comm=android.youtube prev_pid=23071 prev_prio=120 prev_state=R+ ==> next_comm=Binder:549_5 next_pid=5362 next_prio=120
Binder:549_5-5362  (  549) [000] dn.4 214168.913517: sched_wakeup: comm=EventThread pid=654 prio=111 success=1 target_cpu=000
Binder:549_5-5362  (  549) [000] d..3 214168.913536: sched_switch: prev_comm=Binder:549_5 prev_pid=5362 prev_prio=120 prev_state=R+ ==> next_comm=EventThread next_pid=654 next_prio=111
EventThread-654   (  549) [000] d..3 214168.913591: sched_switch: prev_comm=EventThread prev_pid=654 prev_prio=111 prev_state=S ==> next_comm=Binder:549_5 next_pid=5362 next_prio=120
Binder:549_5-5362  (  549) [000] dn.4 214168.913620: sched_wakeup: comm=EventThread pid=654 prio=111 success=1 target_cpu=000
Binder:549_5-5362  (  549) [000] d..3 214168.913634: sched_switch: prev_comm=Binder:549_5 prev_pid=5362 prev_prio=120 prev_state=R+ ==> next_comm=EventThread next_pid=654 next_prio=111
EventThread-654   (  549) [000] d..3 214168.913839: sched_switch: prev_comm=EventThread prev_pid=654 prev_prio=111 prev_state=S ==> next_comm=Binder:549_5 next_pid=5362 next_prio=120
Binder:549_5-5362  (  549) [000] d..3 214168.913956: sched_switch: prev_comm=Binder:549_5 prev_pid=5362 prev_prio=120 prev_state=S ==> next_comm=android.youtube next_pid=23071 next_prio=120
com.google.android.youtube-23071 (23071) [000] ...1 214168.914055: tracing_mark_write: E
com.google.android.youtube-23071 (23071) [000] dns4 214168.914273: sched_wakeup: comm=kworker/u8:18 pid=21092 prio=120 success=1 target_cpu=000
com.google.android.youtube-23071 (23071) [000] d..3 214168.914322: sched_switch: prev_comm=android.youtube prev_pid=23071 prev_prio=120 prev_state=R ==> next_comm=kworker/u8:18 next_pid=21092 next_prio=120
logd.writer-468   (  464) [002] d.s4 214168.914377: sched_wakeup: comm=rcu_preempt pid=7 prio=120 success=1 target_cpu=001
kworker/u8:18-21092 (21092) [000] d..3 214168.914501: sched_switch: prev_comm=kworker/u8:18 prev_pid=21092 prev_prio=120 prev_state=S ==> next_comm=android.youtube next_pid=23071 next_prio=120
com.google.android.youtube-23071 (23071) [000] ...1 214168.914536: tracing_mark_write: E
          <idle>-0     (-----) [001] d..3 214168.914689: sched_switch: prev_comm=swapper/1 prev_pid=0 prev_prio=120 prev_state=R ==> next_comm=rcu_preempt next_pid=7 next_prio=120
com.google.android.youtube-23071 (23071) [000] d..3 214168.914758: sched_switch: prev_comm=android.youtube prev_pid=23071 prev_prio=120 prev_state=S ==> next_comm=swapper/0 next_pid=0 next_prio=120
rcu_preempt-7     (    7) [001] d..3 214168.914778: sched_switch: prev_comm=rcu_preempt prev_pid=7 prev_prio=120 prev_state=S ==> next_comm=swapper/1 next_pid=0 next_prio=120
          <idle>-0     (-----) [001] d.s4 214168.924323: sched_wakeup: comm=cfinteractive pid=329 prio=0 success=1 target_cpu=003
          <idle>-0     (-----) [001] d.s5 214168.924449: sched_wakeup: comm=kworker/u8:18 pid=21092 prio=120 success=1 target_cpu=000
          <idle>-0     (-----) [001] dns4 214168.924484: sched_wakeup: comm=rcu_preempt pid=7 prio=120 success=1 target_cpu=001
          <idle>-0     (-----) [000] d..3 214168.924518: sched_switch: prev_comm=swapper/0 prev_pid=0 prev_prio=120 prev_state=R ==> next_comm=kworker/u8:18 next_pid=21092 next_prio=120
          <idle>-0     (-----) [001] d..3 214168.924549: sched_switch: prev_comm=swapper/1 prev_pid=0 prev_prio=120 prev_state=R ==> next_comm=rcu_preempt next_pid=7 next_prio=120
          <idle>-0     (-----) [003] d..3 214168.924560: sched_switch: prev_comm=swapper/3 prev_pid=0 prev_prio=120 prev_state=R ==> next_comm=cfinteractive next_pid=329 next_prio=0
rcu_preempt-7     (    7) [001] d..3 214168.924594: sched_switch: prev_comm=rcu_preempt prev_pid=7 prev_prio=120 prev_state=S ==> next_comm=swapper/1 next_pid=0 next_prio=120
kworker/u8:18-21092 (21092) [000] d..3 214168.924625: sched_switch: prev_comm=kworker/u8:18 prev_pid=21092 prev_prio=120 prev_state=S ==> next_comm=swapper/0 next_pid=0 next_prio=120
cfinteractive-329   (  329) [003] d..5 214168.924683: sched_wakeup: comm=kworker/3:3 pid=29413 prio=120 success=1 target_cpu=003
cfinteractive-329   (  329) [003] d..3 214168.925526: sched_switch: prev_comm=cfinteractive prev_pid=329 prev_prio=0 prev_state=S ==> next_comm=kworker/3:3 next_pid=29413 next_prio=120
kworker/3:3-29413 (29413) [003] d..5 214168.925574: sched_wakeup: comm=triton pid=4461 prio=100 success=1 target_cpu=000
          <idle>-0     (-----) [000] d..3 214168.925631: sched_switch: prev_comm=swapper/0 prev_pid=0 prev_prio=120 prev_state=R ==> next_comm=triton next_pid=4461 next_prio=100
kworker/3:3-29413 (29413) [003] d..3 214168.925635: sched_switch: prev_comm=kworker/3:3 prev_pid=29413 prev_prio=120 prev_state=S ==> next_comm=swapper/3 next_pid=0 next_prio=120
triton-4461  ( 4449) [000] d..3 214168.925852: sched_switch: prev_comm=triton prev_pid=4461 prev_prio=100 prev_state=S ==> next_comm=swapper/0 next_pid=0 next_prio=120
logd.writer-468   (  464) [002] d..3 214168.926257: sched_switch: prev_comm=logd.writer prev_pid=468 prev_prio=130 prev_state=S ==> next_comm=swapper/2 next_pid=0 next_prio=120
          <idle>-0     (-----) [002] d..5 214168.926311: sched_wakeup: comm=rcu_preempt pid=7 prio=120 success=1 target_cpu=001
          <idle>-0     (-----) [002] dn.4 214168.926324: sched_wakeup: comm=ksoftirqd/2 pid=16 prio=120 success=1 target_cpu=002
          <idle>-0     (-----) [002] d..3 214168.926343: sched_switch: prev_comm=swapper/2 prev_pid=0 prev_prio=120 prev_state=R ==> next_comm=ksoftirqd/2 next_pid=16 next_prio=120
          <idle>-0     (-----) [001] d..3 214168.926363: sched_switch: prev_comm=swapper/1 prev_pid=0 prev_prio=120 prev_state=R ==> next_comm=rcu_preempt next_pid=7 next_prio=120
ksoftirqd/2-16    (   16) [002] d..3 214168.926371: sched_switch: prev_comm=ksoftirqd/2 prev_pid=16 prev_prio=120 prev_state=S ==> next_comm=swapper/2 next_pid=0 next_prio=120
          <idle>-0     (-----) [002] dn.4 214168.926396: sched_wakeup: comm=ksoftirqd/2 pid=16 prio=120 success=1 target_cpu=002
          <idle>-0     (-----) [002] d..3 214168.926406: sched_switch: prev_comm=swapper/2 prev_pid=0 prev_prio=120 prev_state=R ==> next_comm=ksoftirqd/2 next_pid=16 next_prio=120
rcu_preempt-7     (    7) [001] d..3 214168.926423: sched_switch: prev_comm=rcu_preempt prev_pid=7 prev_prio=120 prev_state=S ==> next_comm=swapper/1 next_pid=0 next_prio=120
ksoftirqd/2-16    (   16) [002] d..3 214168.926431: sched_switch: prev_comm=ksoftirqd/2 prev_pid=16 prev_prio=120 prev_state=S ==> next_comm=swapper/2 next_pid=0 next_prio=120
          <idle>-0     (-----) [000] d.h4 214168.926945: sched_wakeup: comm=irq/169-cpr3 pid=46 prio=49 success=1 target_cpu=003
          <idle>-0     (-----) [003] d..3 214168.927534: sched_switch: prev_comm=swapper/3 prev_pid=0 prev_prio=120 prev_state=R ==> next_comm=irq/169-cpr3 next_pid=46 next_prio=49
irq/169-cpr3-46 ( 46) [003] d..3 214168.928077: sched_switch: prev_comm=irq/169-cpr3 prev_pid=46 prev_prio=49 prev_state=S ==> next_comm=swapper/3 next_pid=0 next_prio=120
          <idle>-0     (-----) [000] d.h4 214168.928549: sched_wakeup: comm=irq/169-cpr3 pid=46 prio=49 success=1 target_cpu=003
          <idle>-0     (-----) [003] d..3 214168.929144: sched_switch: prev_comm=swapper/3 prev_pid=0 prev_prio=120 prev_state=R ==> next_comm=irq/169-cpr3 next_pid=46 next_prio=49
irq/169-cpr3-46 ( 46) [003] d..3 214168.929700: sched_switch: prev_comm=irq/169-cpr3 prev_pid=46 prev_prio=49 prev_state=S ==> next_comm=swapper/3 next_pid=0 next_prio=120
          <idle>-0     (-----) [000] dnh4 214168.929964: sched_wakeup: comm=EventThread pid=654 prio=111 success=1 target_cpu=000
          <idle>-0     (-----) [000] d..3 214168.930065: sched_switch: prev_comm=swapper/0 prev_pid=0 prev_prio=120 prev_state=R ==> next_comm=EventThread next_pid=654 next_prio=111
EventThread-654   (  549) [000] d..5 214168.930437: sched_wakeup: comm=android.youtube pid=23071 prio=120 success=1 target_cpu=000
EventThread-654   (  549) [000] d..3 214168.930604: sched_switch: prev_comm=EventThread prev_pid=654 prev_prio=111 prev_state=S ==> next_comm=android.youtube next_pid=23071 next_prio=120
com.google.android.youtube-23071 (23071) [000] ...1 214168.931140: tracing_mark_write: B|23071|Choreographer#doFrame
com.google.android.youtube-23071 (23071) [000] ...1 214168.931212: tracing_mark_write: B|23071|animation
com.google.android.youtube-23071 (23071) [000] d..5 214168.931667: sched_wakeup: comm=Binder:549_2 pid=592 prio=120 success=1 target_cpu=001
com.google.android.youtube-23071 (23071) [000] ...1 214168.931752: tracing_mark_write: E
          <idle>-0     (-----) [001] d..3 214168.931757: sched_switch: prev_comm=swapper/1 prev_pid=0 prev_prio=120 prev_state=R ==> next_comm=Binder:549_2 next_pid=592 next_prio=120
com.google.android.youtube-23071 (23071) [000] ...1 214168.931780: tracing_mark_write: E
com.google.android.youtube-23071 (23071) [000] d..3 214168.931997: sched_switch: prev_comm=android.youtube prev_pid=23071 prev_prio=120 prev_state=S ==> next_comm=swapper/0 next_pid=0 next_prio=120
Binder:549_2-592   (  549) [001] d..4 214168.932069: sched_wakeup: comm=EventThread pid=654 prio=111 success=1 target_cpu=000
          <idle>-0     (-----) [000] d..3 214168.932093: sched_switch: prev_comm=swapper/0 prev_pid=0 prev_prio=120 prev_state=R ==> next_comm=EventThread next_pid=654 next_prio=111
Binder:549_2-592   (  549) [001] d..3 214168.932194: sched_switch: prev_comm=Binder:549_2 prev_pid=592 prev_prio=120 prev_state=S ==> next_comm=swapper/1 next_pid=0 next_prio=120
EventThread-654   (  549) [000] d..3 214168.932313: sched_switch: prev_comm=EventThread prev_pid=654 prev_prio=111 prev_state=S ==> next_comm=swapper/0 next_pid=0 next_prio=120
          <idle>-0     (-----) [000] dnh4 214168.933146: sched_wakeup: comm=RxComputationSc pid=21900 prio=120 success=1 target_cpu=000
          <idle>-0     (-----) [000] d..3 214168.933207: sched_switch: prev_comm=swapper/0 prev_pid=0 prev_prio=120 prev_state=R ==> next_comm=RxComputationSc next_pid=21900 next_prio=120
RxComputationSc-21900 (21821) [000] d..3 214168.934061: sched_switch: prev_comm=RxComputationSc prev_pid=21900 prev_prio=120 prev_state=S ==> next_comm=swapper/0 next_pid=0 next_prio=120
          <idle>-0     (-----) [001] dns5 214168.934239: sched_wakeup: comm=kworker/1:4 pid=4535 prio=120 success=1 target_cpu=001
          <idle>-0     (-----) [001] dns5 214168.934292: sched_wakeup: comm=kworker/u8:18 pid=21092 prio=120 success=1 target_cpu=000
          <idle>-0     (-----) [000] d..3 214168.934326: sched_switch: prev_comm=swapper/0 prev_pid=0 prev_prio=120 prev_state=R ==> next_comm=kworker/u8:18 next_pid=21092 next_prio=120
          <idle>-0     (-----) [001] dns4 214168.934327: sched_wakeup: comm=rcu_preempt pid=7 prio=120 success=1 target_cpu=001
          <idle>-0     (-----) [001] d..3 214168.934395: sched_switch: prev_comm=swapper/1 prev_pid=0 prev_prio=120 prev_state=R ==> next_comm=kworker/1:4 next_pid=4535 next_prio=120
kworker/1:4-4535  ( 4535) [001] d..4 214168.934449: sched_wakeup: comm=msm-core:sampli pid=430 prio=120 success=1 target_cpu=001
kworker/1:4-4535  ( 4535) [001] d..3 214168.934481: sched_switch: prev_comm=kworker/1:4 prev_pid=4535 prev_prio=120 prev_state=S ==> next_comm=msm-core:sampli next_pid=430 next_prio=120
kworker/u8:18-21092 (21092) [000] d..7 214168.934634: sched_wakeup: comm=smem_native_rpm pid=41 prio=120 success=1 target_cpu=001
msm-core:sampli-430   (  430) [001] d..3 214168.934720: sched_switch: prev_comm=msm-core:sampli prev_pid=430 prev_prio=120 prev_state=D ==> next_comm=rcu_preempt next_pid=7 next_prio=120
kworker/u8:18-21092 (21092) [000] d..3 214168.934724: sched_switch: prev_comm=kworker/u8:18 prev_pid=21092 prev_prio=120 prev_state=D ==> next_comm=smem_native_rpm next_pid=41 next_prio=120
rcu_preempt-7     (    7) [001] d..3 214168.934786: sched_switch: prev_comm=rcu_preempt prev_pid=7 prev_prio=120 prev_state=S ==> next_comm=swapper/1 next_pid=0 next_prio=120
smem_native_rpm-41    (   41) [000] d.s9 214168.934858: sched_wakeup: comm=kworker/u8:18 pid=21092 prio=120 success=1 target_cpu=000
smem_native_rpm-41    (   41) [000] d..3 214168.934936: sched_switch: prev_comm=smem_native_rpm prev_pid=41 prev_prio=120 prev_state=S ==> next_comm=kworker/u8:18 next_pid=21092 next_prio=120
kworker/u8:18-21092 (21092) [000] d..3 214168.935084: sched_switch: prev_comm=kworker/u8:18 prev_pid=21092 prev_prio=120 prev_state=S ==> next_comm=swapper/0 next_pid=0 next_prio=120
          <idle>-0     (-----) [000] dnh4 214168.936754: sched_wakeup: comm=Picasso-refQueu pid=11139 prio=130 success=1 target_cpu=000
          <idle>-0     (-----) [000] d..3 214168.936813: sched_switch: prev_comm=swapper/0 prev_pid=0 prev_prio=120 prev_state=R ==> next_comm=Picasso-refQueu next_pid=11139 next_prio=130
Picasso-refQueu-11139 ( 11074) [000] d..3 214168.937096: sched_switch: prev_comm=Picasso-refQueu prev_pid=11139 prev_prio=130 prev_state=S ==> next_comm=swapper/0 next_pid=0 next_prio=120
          <idle>-0     (-----) [000] dnh4 214168.948422: sched_wakeup: comm=EventThread pid=654 prio=111 success=1 target_cpu=000
          <idle>-0     (-----) [000] d..3 214168.948484: sched_switch: prev_comm=swapper/0 prev_pid=0 prev_prio=120 prev_state=R ==> next_comm=EventThread next_pid=654 next_prio=111
EventThread-654   (  549) [000] d..5 214168.948868: sched_wakeup: comm=android.youtube pid=23071 prio=120 success=1 target_cpu=000
EventThread-654   (  549) [000] d..3 214168.949027: sched_switch: prev_comm=EventThread prev_pid=654 prev_prio=111 prev_state=S ==> next_comm=android.youtube next_pid=23071 next_prio=120
com.google.android.youtube-23071 (23071) [000] ...1 214168.949612: tracing_mark_write: B|23071|Choreographer#doFrame
com.google.android.youtube-23071 (23071) [000] ...1 214168.949687: tracing_mark_write: B|23071|animation
com.google.android.youtube-23071 (23071) [000] dn.5 214168.950144: sched_wakeup: comm=Binder:549_3 pid=762 prio=120 success=1 target_cpu=000
com.google.android.youtube-23071 (23071) [000] d..3 214168.950184: sched_switch: prev_comm=android.youtube prev_pid=23071 prev_prio=120 prev_state=R+ ==> next_comm=Binder:549_3 next_pid=762 next_prio=120
Binder:549_3-762   (  549) [000] dn.4 214168.950476: sched_wakeup: comm=EventThread pid=654 prio=111 success=1 target_cpu=000
Binder:549_3-762   (  549) [000] d..3 214168.950495: sched_switch: prev_comm=Binder:549_3 prev_pid=762 prev_prio=120 prev_state=R+ ==> next_comm=EventThread next_pid=654 next_prio=111
EventThread-654   (  549) [000] d..3 214168.950548: sched_switch: prev_comm=EventThread prev_pid=654 prev_prio=111 prev_state=S ==> next_comm=Binder:549_3 next_pid=762 next_prio=120
Binder:549_3-762   (  549) [000] dn.4 214168.950576: sched_wakeup: comm=EventThread pid=654 prio=111 success=1 target_cpu=000
Binder:549_3-762   (  549) [000] d..3 214168.950590: sched_switch: prev_comm=Binder:549_3 prev_pid=762 prev_prio=120 prev_state=R+ ==> next_comm=EventThread next_pid=654 next_prio=111
EventThread-654   (  549) [000] d..3 214168.950794: sched_switch: prev_comm=EventThread prev_pid=654 prev_prio=111 prev_state=S ==> next_comm=Binder:549_3 next_pid=762 next_prio=120
Binder:549_3-762   (  549) [000] d..3 214168.950918: sched_switch: prev_comm=Binder:549_3 prev_pid=762 prev_prio=120 prev_state=S ==> next_comm=android.youtube next_pid=23071 next_prio=120
com.google.android.youtube-23071 (23071) [000] ...1 214168.951009: tracing_mark_write: E
com.google.android.youtube-23071 (23071) [000] ...1 214168.951045: tracing_mark_write: E
com.google.android.youtube-23071 (23071) [000] d..3 214168.951249: sched_switch: prev_comm=android.youtube prev_pid=23071 prev_prio=120 prev_state=S ==> next_comm=swapper/0 next_pid=0 next_prio=120
          <idle>-0     (-----) [000] dn.4 214168.951317: sched_wakeup: comm=ksoftirqd/0 pid=3 prio=120 success=1 target_cpu=000
          <idle>-0     (-----) [000] d..3 214168.951339: sched_switch: prev_comm=swapper/0 prev_pid=0 prev_prio=120 prev_state=R ==> next_comm=ksoftirqd/0 next_pid=3 next_prio=120
ksoftirqd/0-3     (    3) [000] d.s3 214168.951473: sched_wakeup: comm=cfinteractive pid=329 prio=0 success=1 target_cpu=003
ksoftirqd/0-3     (    3) [000] d.s4 214168.951585: sched_wakeup: comm=kworker/u8:18 pid=21092 prio=120 success=1 target_cpu=000
ksoftirqd/0-3     (    3) [000] d..3 214168.951623: sched_switch: prev_comm=ksoftirqd/0 prev_pid=3 prev_prio=120 prev_state=S ==> next_comm=kworker/u8:18 next_pid=21092 next_prio=120
kworker/u8:18-21092 (21092) [000] d..3 214168.951774: sched_switch: prev_comm=kworker/u8:18 prev_pid=21092 prev_prio=120 prev_state=S ==> next_comm=swapper/0 next_pid=0 next_prio=120
          <idle>-0     (-----) [003] d..3 214168.951875: sched_switch: prev_comm=swapper/3 prev_pid=0 prev_prio=120 prev_state=R ==> next_comm=cfinteractive next_pid=329 next_prio=0
cfinteractive-329   (  329) [003] d..5 214168.951961: sched_wakeup: comm=kworker/3:3 pid=29413 prio=120 success=1 target_cpu=003
          <idle>-0     (-----) [000] d.h4 214168.952226: sched_wakeup: comm=irq/169-cpr3 pid=46 prio=49 success=1 target_cpu=002
          <idle>-0     (-----) [002] d..3 214168.952277: sched_switch: prev_comm=swapper/2 prev_pid=0 prev_prio=120 prev_state=R ==> next_comm=irq/169-cpr3 next_pid=46 next_prio=49
irq/169-cpr3-46 ( 46) [002] d..3 214168.952730: sched_switch: prev_comm=irq/169-cpr3 prev_pid=46 prev_prio=49 prev_state=S ==> next_comm=swapper/2 next_pid=0 next_prio=120
cfinteractive-329   (  329) [003] d..3 214168.953236: sched_switch: prev_comm=cfinteractive prev_pid=329 prev_prio=0 prev_state=S ==> next_comm=kworker/3:3 next_pid=29413 next_prio=120
kworker/3:3-29413 (29413) [003] d..5 214168.953320: sched_wakeup: comm=triton pid=4461 prio=100 success=1 target_cpu=000
          <idle>-0     (-----) [000] d..3 214168.953384: sched_switch: prev_comm=swapper/0 prev_pid=0 prev_prio=120 prev_state=R ==> next_comm=triton next_pid=4461 next_prio=100
kworker/3:3-29413 (29413) [003] d..3 214168.953421: sched_switch: prev_comm=kworker/3:3 prev_pid=29413 prev_prio=120 prev_state=S ==> next_comm=swapper/3 next_pid=0 next_prio=120
triton-4461  ( 4449) [000] d..3 214168.953641: sched_switch: prev_comm=triton prev_pid=4461 prev_prio=100 prev_state=S ==> next_comm=swapper/0 next_pid=0 next_prio=120
          <idle>-0     (-----) [000] dnh4 214168.956662: sched_wakeup: comm=RxComputationSc pid=21910 prio=120 success=1 target_cpu=000
