kworker/u8:18-21092 (21092) [001] d..3 214169.075269: sched_switch: prev_comm=kworker/u8:18 prev_pid=21092 prev_prio=120 prev_state=S ==> next_comm=swapper/1 next_pid=0 next_prio=120
          <idle>-0     (-----) [001] dnh6 214169.079462: sched_wakeup: comm=Loc_hal_worker pid=4275 prio=120 success=1 target_cpu=001
          <idle>-0     (-----) [001] d..3 214169.079520: sched_switch: prev_comm=swapper/1 prev_pid=0 prev_prio=120 prev_state=R ==> next_comm=Loc_hal_worker next_pid=4275 next_prio=120
Loc_hal_worker-4275 ( 3277) [001] d..4 214169.079776: sched_wakeup: comm=Loc_hal_worker pid=4276 prio=120 success=1 target_cpu=001
Loc_hal_worker-4275 ( 3277) [001] d..3 214169.079813: sched_switch: prev_comm=Loc_hal_worker prev_pid=4275 prev_prio=120 prev_state=S ==> next_comm=Loc_hal_worker next_pid=4276 next_prio=120
Loc_hal_worker-4276 ( 3277) [001] d..4 214169.079952: sched_wakeup: comm=Loc_hal_worker pid=4268 prio=120 success=1 target_cpu=000
          <idle>-0     (-----) [000] d..3 214169.080021: sched_switch: prev_comm=swapper/0 prev_pid=0 prev_prio=120 prev_state=R ==> next_comm=Loc_hal_worker next_pid=4268 next_prio=120
Loc_hal_worker-4276 ( 3277) [001] d..3 214169.080115: sched_switch: prev_comm=Loc_hal_worker prev_pid=4276 prev_prio=120 prev_state=S ==> next_comm=swapper/1 next_pid=0 next_prio=120
Loc_hal_worker-4268 ( 3277) [000] d..4 214169.080175: sched_wakeup: comm=Loc_hal_worker pid=4276 prio=120 success=1 target_cpu=001
          <idle>-0     (-----) [001] d..3 214169.080194: sched_switch: prev_comm=swapper/1 prev_pid=0 prev_prio=120 prev_state=R ==> next_comm=Loc_hal_worker next_pid=4276 next_prio=120
Loc_hal_worker-4276 ( 3277) [001] d..3 214169.080262: sched_switch: prev_comm=Loc_hal_worker prev_pid=4276 prev_prio=120 prev_state=S ==> next_comm=swapper/1 next_pid=0 next_prio=120
          <idle>-0     (-----) [001] dn.5 214169.080347: sched_wakeup: comm=rcu_preempt pid=7 prio=120 success=1 target_cpu=001
          <idle>-0     (-----) [001] dn.4 214169.080370: sched_wakeup: comm=ksoftirqd/1 pid=12 prio=120 success=1 target_cpu=001
Loc_hal_worker-4268 ( 3277) [000] d..4 214169.080384: sched_wakeup: comm=loc_launcher pid=2836 prio=120 success=1 target_cpu=000
          <idle>-0     (-----) [001] d..3 214169.080405: sched_switch: prev_comm=swapper/1 prev_pid=0 prev_prio=120 prev_state=R ==> next_comm=rcu_preempt next_pid=7 next_prio=120
rcu_preempt-7     (    7) [001] d..3 214169.080431: sched_switch: prev_comm=rcu_preempt prev_pid=7 prev_prio=120 prev_state=S ==> next_comm=ksoftirqd/1 next_pid=12 next_prio=120
Loc_hal_worker-4268 ( 3277) [000] d..3 214169.080443: sched_switch: prev_comm=Loc_hal_worker prev_pid=4268 prev_prio=120 prev_state=S ==> next_comm=loc_launcher next_pid=2836 next_prio=120
ksoftirqd/1-12    (   12) [001] d.s4 214169.080480: sched_wakeup: comm=rcu_preempt pid=7 prio=120 success=1 target_cpu=001
ksoftirqd/1-12    (   12) [001] d..3 214169.080510: sched_switch: prev_comm=ksoftirqd/1 prev_pid=12 prev_prio=120 prev_state=S ==> next_comm=rcu_preempt next_pid=7 next_prio=120
rcu_preempt-7     (    7) [001] d..3 214169.080563: sched_switch: prev_comm=rcu_preempt prev_pid=7 prev_prio=120 prev_state=S ==> next_comm=swapper/1 next_pid=0 next_prio=120
          <idle>-0     (-----) [001] dn.5 214169.080621: sched_wakeup: comm=rcu_preempt pid=7 prio=120 success=1 target_cpu=001
          <idle>-0     (-----) [001] dn.4 214169.080636: sched_wakeup: comm=ksoftirqd/1 pid=12 prio=120 success=1 target_cpu=001
          <idle>-0     (-----) [001] d..3 214169.080661: sched_switch: prev_comm=swapper/1 prev_pid=0 prev_prio=120 prev_state=R ==> next_comm=ksoftirqd/1 next_pid=12 next_prio=120
ksoftirqd/1-12    (   12) [001] d..3 214169.080700: sched_switch: prev_comm=ksoftirqd/1 prev_pid=12 prev_prio=120 prev_state=S ==> next_comm=rcu_preempt next_pid=7 next_prio=120
rcu_preempt-7     (    7) [001] d..3 214169.080753: sched_switch: prev_comm=rcu_preempt prev_pid=7 prev_prio=120 prev_state=S ==> next_comm=swapper/1 next_pid=0 next_prio=120
          <idle>-0     (-----) [001] dn.5 214169.080807: sched_wakeup: comm=rcu_preempt pid=7 prio=120 success=1 target_cpu=001
          <idle>-0     (-----) [001] dn.4 214169.080822: sched_wakeup: comm=ksoftirqd/1 pid=12 prio=120 success=1 target_cpu=001
          <idle>-0     (-----) [001] d..3 214169.080851: sched_switch: prev_comm=swapper/1 prev_pid=0 prev_prio=120 prev_state=R ==> next_comm=ksoftirqd/1 next_pid=12 next_prio=120
ksoftirqd/1-12    (   12) [001] d..3 214169.080878: sched_switch: prev_comm=ksoftirqd/1 prev_pid=12 prev_prio=120 prev_state=S ==> next_comm=rcu_preempt next_pid=7 next_prio=120
loc_launcher-2836 ( 2723) [000] d..4 214169.080911: sched_wakeup: comm=IzatServiceBase pid=5279 prio=120 success=1 target_cpu=000
rcu_preempt-7     (    7) [001] d..3 214169.080933: sched_switch: prev_comm=rcu_preempt prev_pid=7 prev_prio=120 prev_state=S ==> next_comm=swapper/1 next_pid=0 next_prio=120
loc_launcher-2836 ( 2723) [000] d..4 214169.081128: sched_wakeup: comm=xtwifi-client pid=3367 prio=120 success=1 target_cpu=001
          <idle>-0     (-----) [001] d..3 214169.081190: sched_switch: prev_comm=swapper/1 prev_pid=0 prev_prio=120 prev_state=R ==> next_comm=xtwifi-client next_pid=3367 next_prio=120
loc_launcher-2836 ( 2723) [000] d..3 214169.081221: sched_switch: prev_comm=loc_launcher prev_pid=2836 prev_prio=120 prev_state=S ==> next_comm=IzatServiceBase next_pid=5279 next_prio=120
IzatServiceBase-5279 ( 3277) [000] d..3 214169.081285: sched_switch: prev_comm=IzatServiceBase prev_pid=5279 prev_prio=120 prev_state=S ==> next_comm=swapper/0 next_pid=0 next_prio=120
xtwifi-client-3367 ( 3199) [001] d..4 214169.081458: sched_wakeup: comm=xtwifi-client pid=3368 prio=120 success=1 target_cpu=001
xtwifi-client-3367 ( 3199) [001] d..3 214169.081506: sched_switch: prev_comm=xtwifi-client prev_pid=3367 prev_prio=120 prev_state=S ==> next_comm=xtwifi-client next_pid=3368 next_prio=120
xtwifi-client-3368 ( 3199) [001] d..4 214169.081838: sched_wakeup: comm=loc_launcher pid=2836 prio=120 success=1 target_cpu=000
          <idle>-0     (-----) [000] d..3 214169.081916: sched_switch: prev_comm=swapper/0 prev_pid=0 prev_prio=120 prev_state=R ==> next_comm=loc_launcher next_pid=2836 next_prio=120
xtwifi-client-3368 ( 3199) [001] d..3 214169.081973: sched_switch: prev_comm=xtwifi-client prev_pid=3368 prev_prio=120 prev_state=S ==> next_comm=swapper/1 next_pid=0 next_prio=120
loc_launcher-2836 ( 2723) [000] dnh3 214169.082187: sched_wakeup: comm=EventThread pid=654 prio=111 success=1 target_cpu=000
loc_launcher-2836 ( 2723) [000] d..3 214169.082286: sched_switch: prev_comm=loc_launcher prev_pid=2836 prev_prio=120 prev_state=R ==> next_comm=EventThread next_pid=654 next_prio=111
          <idle>-0     (-----) [001] dnh4 214169.082287: sched_wakeup: comm=.evenko.osheaga pid=32403 prio=120 success=1 target_cpu=001
          <idle>-0     (-----) [001] d..3 214169.082324: sched_switch: prev_comm=swapper/1 prev_pid=0 prev_prio=120 prev_state=R ==> next_comm=.evenko.osheaga next_pid=32403 next_prio=120
EventThread-654   (  549) [000] d..5 214169.082673: sched_wakeup: comm=android.youtube pid=23071 prio=120 success=1 target_cpu=001
EventThread-654   (  549) [000] d..3 214169.082915: sched_switch: prev_comm=EventThread prev_pid=654 prev_prio=111 prev_state=S ==> next_comm=loc_launcher next_pid=2836 next_prio=120
ca.evenko.osheaga-32403 ( 32403) [001] d..3 214169.083119: sched_switch: prev_comm=.evenko.osheaga prev_pid=32403 prev_prio=120 prev_state=S ==> next_comm=android.youtube next_pid=23071 next_prio=120
loc_launcher-2836 ( 2723) [000] d..4 214169.083180: sched_wakeup: comm=xtwifi-client pid=3367 prio=120 success=1 target_cpu=001
com.google.android.youtube-23071 (23071) [001] d..3 214169.083207: sched_switch: prev_comm=android.youtube prev_pid=23071 prev_prio=120 prev_state=R ==> next_comm=xtwifi-client next_pid=3367 next_prio=120
xtwifi-client-3367 ( 3199) [001] d..3 214169.083261: sched_switch: prev_comm=xtwifi-client prev_pid=3367 prev_prio=120 prev_state=S ==> next_comm=android.youtube next_pid=23071 next_prio=120
loc_launcher-2836 ( 2723) [000] d..4 214169.083419: sched_wakeup: comm=lowi-server pid=3220 prio=120 success=1 target_cpu=001
com.google.android.youtube-23071 (23071) [001] d..3 214169.083441: sched_switch: prev_comm=android.youtube prev_pid=23071 prev_prio=120 prev_state=R ==> next_comm=lowi-server next_pid=3220 next_prio=120
loc_launcher-2836 ( 2723) [000] d..3 214169.083608: sched_switch: prev_comm=loc_launcher prev_pid=2836 prev_prio=120 prev_state=S ==> next_comm=android.youtube next_pid=23071 next_prio=120
lowi-server-3220 ( 3197) [001] d..4 214169.083670: sched_wakeup: comm=lowi-server pid=3221 prio=120 success=1 target_cpu=001
lowi-server-3220 ( 3197) [001] d..3 214169.083708: sched_switch: prev_comm=lowi-server prev_pid=3220 prev_prio=120 prev_state=S ==> next_comm=lowi-server next_pid=3221 next_prio=120
com.google.android.youtube-23071 (23071) [000] ...1 214169.084075: tracing_mark_write: B|23071|Choreographer#doFrame
com.google.android.youtube-23071 (23071) [000] d.s6 214169.084075: sched_wakeup: comm=kworker/u8:18 pid=21092 prio=120 success=1 target_cpu=001
lowi-server-3221 ( 3197) [001] d..3 214169.084104: sched_switch: prev_comm=lowi-server prev_pid=3221 prev_prio=120 prev_state=S ==> next_comm=swapper/1 next_pid=0 next_prio=120
          <idle>-0     (-----) [001] dns5 214169.084258: sched_wakeup: comm=rcu_preempt pid=7 prio=120 success=1 target_cpu=001
          <idle>-0     (-----) [001] d..3 214169.084324: sched_switch: prev_comm=swapper/1 prev_pid=0 prev_prio=120 prev_state=R ==> next_comm=rcu_preempt next_pid=7 next_prio=120
rcu_preempt-7     (    7) [001] d..3 214169.084403: sched_switch: prev_comm=rcu_preempt prev_pid=7 prev_prio=120 prev_state=S ==> next_comm=kworker/u8:18 next_pid=21092 next_prio=120
com.google.android.youtube-23071 (23071) [000] ...1 214169.084541: tracing_mark_write: B|23071|animation
kworker/u8:18-21092 (21092) [001] d..7 214169.084731: sched_wakeup: comm=smem_native_rpm pid=41 prio=120 success=1 target_cpu=000
kworker/u8:18-21092 (21092) [001] d..3 214169.084777: sched_switch: prev_comm=kworker/u8:18 prev_pid=21092 prev_prio=120 prev_state=D ==> next_comm=swapper/1 next_pid=0 next_prio=120
com.google.android.youtube-23071 (23071) [000] dns7 214169.084864: sched_wakeup: comm=kworker/u8:18 pid=21092 prio=120 success=1 target_cpu=001
          <idle>-0     (-----) [001] dn.5 214169.084881: sched_wakeup: comm=rcu_preempt pid=7 prio=120 success=1 target_cpu=001
          <idle>-0     (-----) [001] dn.4 214169.084904: sched_wakeup: comm=ksoftirqd/1 pid=12 prio=120 success=1 target_cpu=001
com.google.android.youtube-23071 (23071) [000] d..3 214169.084918: sched_switch: prev_comm=android.youtube prev_pid=23071 prev_prio=120 prev_state=R ==> next_comm=smem_native_rpm next_pid=41 next_prio=120
          <idle>-0     (-----) [001] d..3 214169.084947: sched_switch: prev_comm=swapper/1 prev_pid=0 prev_prio=120 prev_state=R ==> next_comm=ksoftirqd/1 next_pid=12 next_prio=120
smem_native_rpm-41    (   41) [000] d..3 214169.084979: sched_switch: prev_comm=smem_native_rpm prev_pid=41 prev_prio=120 prev_state=S ==> next_comm=android.youtube next_pid=23071 next_prio=120
ksoftirqd/1-12    (   12) [001] d..3 214169.085012: sched_switch: prev_comm=ksoftirqd/1 prev_pid=12 prev_prio=120 prev_state=S ==> next_comm=rcu_preempt next_pid=7 next_prio=120
rcu_preempt-7     (    7) [001] d..3 214169.085054: sched_switch: prev_comm=rcu_preempt prev_pid=7 prev_prio=120 prev_state=S ==> next_comm=kworker/u8:18 next_pid=21092 next_prio=120
kworker/u8:18-21092 (21092) [001] d..3 214169.085234: sched_switch: prev_comm=kworker/u8:18 prev_pid=21092 prev_prio=120 prev_state=S ==> next_comm=swapper/1 next_pid=0 next_prio=120
          <idle>-0     (-----) [001] dn.5 214169.085296: sched_wakeup: comm=rcu_preempt pid=7 prio=120 success=1 target_cpu=001
          <idle>-0     (-----) [001] dn.4 214169.085309: sched_wakeup: comm=ksoftirqd/1 pid=12 prio=120 success=1 target_cpu=001
          <idle>-0     (-----) [001] d..3 214169.085336: sched_switch: prev_comm=swapper/1 prev_pid=0 prev_prio=120 prev_state=R ==> next_comm=rcu_preempt next_pid=7 next_prio=120
rcu_preempt-7     (    7) [001] d..3 214169.085368: sched_switch: prev_comm=rcu_preempt prev_pid=7 prev_prio=120 prev_state=S ==> next_comm=ksoftirqd/1 next_pid=12 next_prio=120
ksoftirqd/1-12    (   12) [001] d..3 214169.085397: sched_switch: prev_comm=ksoftirqd/1 prev_pid=12 prev_prio=120 prev_state=S ==> next_comm=swapper/1 next_pid=0 next_prio=120
com.google.android.youtube-23071 (23071) [000] d..5 214169.085420: sched_wakeup: comm=Binder:549_1 pid=585 prio=120 success=1 target_cpu=001
          <idle>-0     (-----) [001] d..3 214169.085443: sched_switch: prev_comm=swapper/1 prev_pid=0 prev_prio=120 prev_state=R ==> next_comm=Binder:549_1 next_pid=585 next_prio=120
com.google.android.youtube-23071 (23071) [000] ...1 214169.085533: tracing_mark_write: E
com.google.android.youtube-23071 (23071) [000] ...1 214169.085572: tracing_mark_write: E
Binder:549_1-585   (  549) [001] d..4 214169.085793: sched_wakeup: comm=EventThread pid=654 prio=111 success=1 target_cpu=000
com.google.android.youtube-23071 (23071) [000] d..3 214169.085840: sched_switch: prev_comm=android.youtube prev_pid=23071 prev_prio=120 prev_state=S ==> next_comm=EventThread next_pid=654 next_prio=111
Binder:549_1-585   (  549) [001] d..3 214169.085921: sched_switch: prev_comm=Binder:549_1 prev_pid=585 prev_prio=120 prev_state=S ==> next_comm=swapper/1 next_pid=0 next_prio=120
          <idle>-0     (-----) [001] dn.5 214169.085999: sched_wakeup: comm=rcu_preempt pid=7 prio=120 success=1 target_cpu=001
          <idle>-0     (-----) [001] dn.4 214169.086016: sched_wakeup: comm=ksoftirqd/1 pid=12 prio=120 success=1 target_cpu=001
          <idle>-0     (-----) [001] d..3 214169.086046: sched_switch: prev_comm=swapper/1 prev_pid=0 prev_prio=120 prev_state=R ==> next_comm=rcu_preempt next_pid=7 next_prio=120
rcu_preempt-7     (    7) [001] d..3 214169.086083: sched_switch: prev_comm=rcu_preempt prev_pid=7 prev_prio=120 prev_state=S ==> next_comm=ksoftirqd/1 next_pid=12 next_prio=120
ksoftirqd/1-12    (   12) [001] d..3 214169.086119: sched_switch: prev_comm=ksoftirqd/1 prev_pid=12 prev_prio=120 prev_state=S ==> next_comm=swapper/1 next_pid=0 next_prio=120
EventThread-654   (  549) [000] d..3 214169.086136: sched_switch: prev_comm=EventThread prev_pid=654 prev_prio=111 prev_state=S ==> next_comm=swapper/0 next_pid=0 next_prio=120
          <idle>-0     (-----) [000] dnh4 214169.093878: sched_wakeup: comm=android.youtube pid=23071 prio=120 success=1 target_cpu=000
          <idle>-0     (-----) [000] d..3 214169.093942: sched_switch: prev_comm=swapper/0 prev_pid=0 prev_prio=120 prev_state=R ==> next_comm=android.youtube next_pid=23071 next_prio=120
          <idle>-0     (-----) [001] dns4 214169.094211: sched_wakeup: comm=rcu_preempt pid=7 prio=120 success=1 target_cpu=001
com.google.android.youtube-23071 (23071) [000] dns4 214169.094219: sched_wakeup: comm=kworker/0:2 pid=3060 prio=120 success=1 target_cpu=000
com.google.android.youtube-23071 (23071) [000] dns4 214169.094253: sched_wakeup: comm=kworker/u8:18 pid=21092 prio=120 success=1 target_cpu=001
          <idle>-0     (-----) [001] d..3 214169.094291: sched_switch: prev_comm=swapper/1 prev_pid=0 prev_prio=120 prev_state=R ==> next_comm=rcu_preempt next_pid=7 next_prio=120
com.google.android.youtube-23071 (23071) [000] d..3 214169.094298: sched_switch: prev_comm=android.youtube prev_pid=23071 prev_prio=120 prev_state=R ==> next_comm=kworker/0:2 next_pid=3060 next_prio=120
rcu_preempt-7     (    7) [001] d..3 214169.094346: sched_switch: prev_comm=rcu_preempt prev_pid=7 prev_prio=120 prev_state=S ==> next_comm=kworker/u8:18 next_pid=21092 next_prio=120
kworker/0:2-3060 ( 3060) [000] d..4 214169.094350: sched_wakeup: comm=msm-core:sampli pid=430 prio=120 success=1 target_cpu=000
kworker/0:2-3060 ( 3060) [000] d..3 214169.094378: sched_switch: prev_comm=kworker/0:2 prev_pid=3060 prev_prio=120 prev_state=S ==> next_comm=msm-core:sampli next_pid=430 next_prio=120
kworker/u8:18-21092 (21092) [001] d..3 214169.094552: sched_switch: prev_comm=kworker/u8:18 prev_pid=21092 prev_prio=120 prev_state=S ==> next_comm=android.youtube next_pid=23071 next_prio=120
msm-core:sampli-430   (  430) [000] d..3 214169.094978: sched_switch: prev_comm=msm-core:sampli prev_pid=430 prev_prio=120 prev_state=D ==> next_comm=swapper/0 next_pid=0 next_prio=120
com.google.android.youtube-23071 (23071) [001] dn.6 214169.095027: sched_wakeup: comm=Binder:3277_9 pid=4337 prio=120 success=1 target_cpu=001
com.google.android.youtube-23071 (23071) [001] d..3 214169.095064: sched_switch: prev_comm=android.youtube prev_pid=23071 prev_prio=120 prev_state=R+ ==> next_comm=Binder:3277_9 next_pid=4337 next_prio=120
Binder:3277_9-4337  ( 3277) [001] d..3 214169.095871: sched_switch: prev_comm=Binder:3277_9 prev_pid=4337 prev_prio=120 prev_state=S ==> next_comm=android.youtube next_pid=23071 next_prio=120
com.google.android.youtube-23071 (23071) [001] d..4 214169.096448: sched_wakeup: comm=logd.writer pid=468 prio=130 success=1 target_cpu=001
com.google.android.youtube-23071 (23071) [001] dn.6 214169.096632: sched_wakeup: comm=Binder:3277_4 pid=4091 prio=120 success=1 target_cpu=001
com.google.android.youtube-23071 (23071) [001] d..3 214169.096661: sched_switch: prev_comm=android.youtube prev_pid=23071 prev_prio=120 prev_state=R+ ==> next_comm=Binder:3277_4 next_pid=4091 next_prio=120
Binder:3277_4-4091  ( 3277) [001] d..6 214169.097129: sched_wakeup: comm=audioserver pid=2703 prio=120 success=1 target_cpu=000
Binder:3277_4-4091  ( 3277) [001] d..3 214169.097193: sched_switch: prev_comm=Binder:3277_4 prev_pid=4091 prev_prio=120 prev_state=S ==> next_comm=logd.writer next_pid=468 next_prio=130
          <idle>-0     (-----) [000] d..3 214169.097260: sched_switch: prev_comm=swapper/0 prev_pid=0 prev_prio=120 prev_state=R ==> next_comm=audioserver next_pid=2703 next_prio=120
/system/bin/audioserver-2703 ( 2703) [000] d..6 214169.099066: sched_wakeup: comm=Binder:3277_4 pid=4091 prio=120 success=1 target_cpu=001
logd.writer-468   (  464) [001] d..3 214169.099109: sched_switch: prev_comm=logd.writer prev_pid=468 prev_prio=130 prev_state=R+ ==> next_comm=Binder:3277_4 next_pid=4091 next_prio=120
/system/bin/audioserver-2703 ( 2703) [000] d..3 214169.099415: sched_switch: prev_comm=audioserver prev_pid=2703 prev_prio=120 prev_state=S ==> next_comm=logd.writer next_pid=468 next_prio=130
Binder:3277_4-4091  ( 3277) [001] d..3 214169.099720: sched_switch: prev_comm=Binder:3277_4 prev_pid=4091 prev_prio=120 prev_state=S ==> next_comm=android.youtube next_pid=23071 next_prio=120
logd.writer-468   (  464) [000] d..3 214169.099929: sched_switch: prev_comm=logd.writer prev_pid=468 prev_prio=130 prev_state=S ==> next_comm=swapper/0 next_pid=0 next_prio=120
com.google.android.youtube-23071 (23071) [001] d..3 214169.100186: sched_switch: prev_comm=android.youtube prev_pid=23071 prev_prio=120 prev_state=S ==> next_comm=swapper/1 next_pid=0 next_prio=120
          <idle>-0     (-----) [001] dn.5 214169.100332: sched_wakeup: comm=rcu_preempt pid=7 prio=120 success=1 target_cpu=001
          <idle>-0     (-----) [001] dn.4 214169.100358: sched_wakeup: comm=ksoftirqd/1 pid=12 prio=120 success=1 target_cpu=001
          <idle>-0     (-----) [001] d..3 214169.100395: sched_switch: prev_comm=swapper/1 prev_pid=0 prev_prio=120 prev_state=R ==> next_comm=rcu_preempt next_pid=7 next_prio=120
rcu_preempt-7     (    7) [001] d..3 214169.100451: sched_switch: prev_comm=rcu_preempt prev_pid=7 prev_prio=120 prev_state=S ==> next_comm=ksoftirqd/1 next_pid=12 next_prio=120
ksoftirqd/1-12    (   12) [001] d..3 214169.100554: sched_switch: prev_comm=ksoftirqd/1 prev_pid=12 prev_prio=120 prev_state=S ==> next_comm=swapper/1 next_pid=0 next_prio=120
          <idle>-0     (-----) [001] dn.5 214169.100612: sched_wakeup: comm=rcu_preempt pid=7 prio=120 success=1 target_cpu=001
          <idle>-0     (-----) [001] dn.4 214169.100626: sched_wakeup: comm=ksoftirqd/1 pid=12 prio=120 success=1 target_cpu=001
          <idle>-0     (-----) [001] d..3 214169.100647: sched_switch: prev_comm=swapper/1 prev_pid=0 prev_prio=120 prev_state=R ==> next_comm=ksoftirqd/1 next_pid=12 next_prio=120
ksoftirqd/1-12    (   12) [001] d..3 214169.100675: sched_switch: prev_comm=ksoftirqd/1 prev_pid=12 prev_prio=120 prev_state=S ==> next_comm=rcu_preempt next_pid=7 next_prio=120
rcu_preempt-7     (    7) [001] d..3 214169.100728: sched_switch: prev_comm=rcu_preempt prev_pid=7 prev_prio=120 prev_state=S ==> next_comm=swapper/1 next_pid=0 next_prio=120
          <idle>-0     (-----) [001] dn.5 214169.100782: sched_wakeup: comm=rcu_preempt pid=7 prio=120 success=1 target_cpu=001
          <idle>-0     (-----) [001] dn.4 214169.100795: sched_wakeup: comm=ksoftirqd/1 pid=12 prio=120 success=1 target_cpu=001
          <idle>-0     (-----) [001] d..3 214169.100815: sched_switch: prev_comm=swapper/1 prev_pid=0 prev_prio=120 prev_state=R ==> next_comm=ksoftirqd/1 next_pid=12 next_prio=120
ksoftirqd/1-12    (   12) [001] d..3 214169.100845: sched_switch: prev_comm=ksoftirqd/1 prev_pid=12 prev_prio=120 prev_state=S ==> next_comm=rcu_preempt next_pid=7 next_prio=120
rcu_preempt-7     (    7) [001] d..3 214169.100898: sched_switch: prev_comm=rcu_preempt prev_pid=7 prev_prio=120 prev_state=S ==> next_comm=swapper/1 next_pid=0 next_prio=120
          <idle>-0     (-----) [001] dn.5 214169.100954: sched_wakeup: comm=rcu_preempt pid=7 prio=120 success=1 target_cpu=001
          <idle>-0     (-----) [001] dn.4 214169.100969: sched_wakeup: comm=ksoftirqd/1 pid=12 prio=120 success=1 target_cpu=001
          <idle>-0     (-----) [001] d..3 214169.100988: sched_switch: prev_comm=swapper/1 prev_pid=0 prev_prio=120 prev_state=R ==> next_comm=ksoftirqd/1 next_pid=12 next_prio=120
ksoftirqd/1-12    (   12) [001] d..3 214169.101037: sched_switch: prev_comm=ksoftirqd/1 prev_pid=12 prev_prio=120 prev_state=S ==> next_comm=rcu_preempt next_pid=7 next_prio=120
rcu_preempt-7     (    7) [001] d..3 214169.101082: sched_switch: prev_comm=rcu_preempt prev_pid=7 prev_prio=120 prev_state=S ==> next_comm=swapper/1 next_pid=0 next_prio=120
          <idle>-0     (-----) [000] dnh4 214169.102218: sched_wakeup: comm=EventThread pid=654 prio=111 success=1 target_cpu=000
          <idle>-0     (-----) [000] d..3 214169.102282: sched_switch: prev_comm=swapper/0 prev_pid=0 prev_prio=120 prev_state=R ==> next_comm=EventThread next_pid=654 next_prio=111
EventThread-654   (  549) [000] d..5 214169.102673: sched_wakeup: comm=android.youtube pid=23071 prio=120 success=1 target_cpu=001
          <idle>-0     (-----) [001] d..3 214169.102749: sched_switch: prev_comm=swapper/1 prev_pid=0 prev_prio=120 prev_state=R ==> next_comm=android.youtube next_pid=23071 next_prio=120
EventThread-654   (  549) [000] d..3 214169.102852: sched_switch: prev_comm=EventThread prev_pid=654 prev_prio=111 prev_state=S ==> next_comm=swapper/0 next_pid=0 next_prio=120
com.google.android.youtube-23071 (23071) [001] ...1 214169.103316: tracing_mark_write: B|23071|Choreographer#doFrame
com.google.android.youtube-23071 (23071) [001] ...1 214169.103393: tracing_mark_write: B|23071|animation
com.google.android.youtube-23071 (23071) [001] d..5 214169.103908: sched_wakeup: comm=Binder:549_5 pid=5362 prio=120 success=1 target_cpu=000
com.google.android.youtube-23071 (23071) [001] ...1 214169.104008: tracing_mark_write: E
com.google.android.youtube-23071 (23071) [001] ...1 214169.104036: tracing_mark_write: E
          <idle>-0     (-----) [000] dn.4 214169.104109: sched_wakeup: comm=ksoftirqd/0 pid=3 prio=120 success=1 target_cpu=000
          <idle>-0     (-----) [000] d..3 214169.104162: sched_switch: prev_comm=swapper/0 prev_pid=0 prev_prio=120 prev_state=R ==> next_comm=Binder:549_5 next_pid=5362 next_prio=120
com.google.android.youtube-23071 (23071) [001] dns4 214169.104393: sched_wakeup: comm=kworker/u8:18 pid=21092 prio=120 success=1 target_cpu=001
com.google.android.youtube-23071 (23071) [001] d..3 214169.104450: sched_switch: prev_comm=android.youtube prev_pid=23071 prev_prio=120 prev_state=R ==> next_comm=kworker/u8:18 next_pid=21092 next_prio=120
Binder:549_5-5362  (  549) [000] dn.4 214169.104516: sched_wakeup: comm=EventThread pid=654 prio=111 success=1 target_cpu=000
Binder:549_5-5362  (  549) [000] d..3 214169.104675: sched_switch: prev_comm=Binder:549_5 prev_pid=5362 prev_prio=120 prev_state=R+ ==> next_comm=EventThread next_pid=654 next_prio=111
kworker/u8:18-21092 (21092) [001] d..3 214169.104720: sched_switch: prev_comm=kworker/u8:18 prev_pid=21092 prev_prio=120 prev_state=S ==> next_comm=android.youtube next_pid=23071 next_prio=120
EventThread-654   (  549) [000] d..3 214169.104740: sched_switch: prev_comm=EventThread prev_pid=654 prev_prio=111 prev_state=S ==> next_comm=ksoftirqd/0 next_pid=3 next_prio=120
ksoftirqd/0-3     (    3) [000] d..3 214169.104773: sched_switch: prev_comm=ksoftirqd/0 prev_pid=3 prev_prio=120 prev_state=S ==> next_comm=Binder:549_5 next_pid=5362 next_prio=120
Binder:549_5-5362  (  549) [000] dn.4 214169.104807: sched_wakeup: comm=EventThread pid=654 prio=111 success=1 target_cpu=000
Binder:549_5-5362  (  549) [000] d..3 214169.104825: sched_switch: prev_comm=Binder:549_5 prev_pid=5362 prev_prio=120 prev_state=R+ ==> next_comm=EventThread next_pid=654 next_prio=111
com.google.android.youtube-23071 (23071) [001] d..3 214169.104964: sched_switch: prev_comm=android.youtube prev_pid=23071 prev_prio=120 prev_state=S ==> next_comm=Binder:549_5 next_pid=5362 next_prio=120
EventThread-654   (  549) [000] d..3 214169.105057: sched_switch: prev_comm=EventThread prev_pid=654 prev_prio=111 prev_state=S ==> next_comm=swapper/0 next_pid=0 next_prio=120
Binder:549_5-5362  (  549) [001] d..3 214169.105158: sched_switch: prev_comm=Binder:549_5 prev_pid=5362 prev_prio=120 prev_state=S ==> next_comm=swapper/1 next_pid=0 next_prio=120
          <idle>-0     (-----) [001] dnh4 214169.108019: sched_wakeup: comm=android.youtube pid=23071 prio=120 success=1 target_cpu=001
          <idle>-0     (-----) [001] d..3 214169.108084: sched_switch: prev_comm=swapper/1 prev_pid=0 prev_prio=120 prev_state=R ==> next_comm=android.youtube next_pid=23071 next_prio=120
com.google.android.youtube-23071 (23071) [001] dn.6 214169.108641: sched_wakeup: comm=Binder:3277_1B pid=12964 prio=120 success=1 target_cpu=001
com.google.android.youtube-23071 (23071) [001] d..3 214169.108674: sched_switch: prev_comm=android.youtube prev_pid=23071 prev_prio=120 prev_state=R+ ==> next_comm=Binder:3277_1B next_pid=12964 next_prio=120
Binder:3277_1B-12964 ( 3277) [001] d..3 214169.109417: sched_switch: prev_comm=Binder:3277_1B prev_pid=12964 prev_prio=120 prev_state=S ==> next_comm=android.youtube next_pid=23071 next_prio=120
com.google.android.youtube-23071 (23071) [001] d..4 214169.109893: sched_wakeup: comm=logd.writer pid=468 prio=130 success=1 target_cpu=000
com.google.android.youtube-23071 (23071) [001] dn.6 214169.110081: sched_wakeup: comm=Binder:3277_8 pid=4336 prio=120 success=1 target_cpu=001
com.google.android.youtube-23071 (23071) [001] d..3 214169.110112: sched_switch: prev_comm=android.youtube prev_pid=23071 prev_prio=120 prev_state=R+ ==> next_comm=Binder:3277_8 next_pid=4336 next_prio=120
          <idle>-0     (-----) [000] d..3 214169.110193: sched_switch: prev_comm=swapper/0 prev_pid=0 prev_prio=120 prev_state=R ==> next_comm=logd.writer next_pid=468 next_prio=130
Binder:3277_8-4336  ( 3277) [001] d..6 214169.110654: sched_wakeup: comm=Binder:2703_2 pid=3966 prio=120 success=1 target_cpu=000
logd.writer-468   (  464) [000] d..3 214169.110692: sched_switch: prev_comm=logd.writer prev_pid=468 prev_prio=130 prev_state=S ==> next_comm=Binder:2703_2 next_pid=3966 next_prio=120
Binder:3277_8-4336  ( 3277) [001] d..3 214169.110721: sched_switch: prev_comm=Binder:3277_8 prev_pid=4336 prev_prio=120 prev_state=S ==> next_comm=android.youtube next_pid=23071 next_prio=120
com.google.android.youtube-23071 (23071) [001] d..3 214169.110850: sched_switch: prev_comm=android.youtube prev_pid=23071 prev_prio=120 prev_state=S ==> next_comm=swapper/1 next_pid=0 next_prio=120
Binder:2703_2-3966  ( 2703) [000] d..4 214169.111515: sched_wakeup: comm=logd.writer pid=468 prio=130 success=1 target_cpu=000
Binder:2703_2-3966  ( 2703) [000] d..6 214169.112549: sched_wakeup: comm=Binder:3277_8 pid=4336 prio=120 success=1 target_cpu=001
Binder:2703_2-3966  ( 2703) [000] d..3 214169.112743: sched_switch: prev_comm=Binder:2703_2 prev_pid=3966 prev_prio=120 prev_state=S ==> next_comm=logd.writer next_pid=468 next_prio=130
          <idle>-0     (-----) [001] d..3 214169.112746: sched_switch: prev_comm=swapper/1 prev_pid=0 prev_prio=120 prev_state=R ==> next_comm=Binder:3277_8 next_pid=4336 next_prio=120
Binder:3277_8-4336  ( 3277) [001] d..6 214169.113358: sched_wakeup: comm=android.youtube pid=23071 prio=120 success=1 target_cpu=001
Binder:3277_8-4336  ( 3277) [001] d..3 214169.113580: sched_switch: prev_comm=Binder:3277_8 prev_pid=4336 prev_prio=120 prev_state=S ==> next_comm=android.youtube next_pid=23071 next_prio=120
com.google.android.youtube-23071 (23071) [001] d..3 214169.114126: sched_switch: prev_comm=android.youtube prev_pid=23071 prev_prio=120 prev_state=S ==> next_comm=swapper/1 next_pid=0 next_prio=120
logd.writer-468   (  464) [000] d.s4 214169.114311: sched_wakeup: comm=kworker/u8:18 pid=21092 prio=120 success=1 target_cpu=001
          <idle>-0     (-----) [001] d..3 214169.114332: sched_switch: prev_comm=swapper/1 prev_pid=0 prev_prio=120 prev_state=R ==> next_comm=kworker/u8:18 next_pid=21092 next_prio=120
logd.writer-468   (  464) [000] d.s4 214169.114400: sched_wakeup: comm=rcu_preempt pid=7 prio=120 success=1 target_cpu=001
kworker/u8:18-21092 (21092) [001] d..3 214169.114550: sched_switch: prev_comm=kworker/u8:18 prev_pid=21092 prev_prio=120 prev_state=S ==> next_comm=rcu_preempt next_pid=7 next_prio=120
logd.writer-468   (  464) [000] d..3 214169.114589: sched_switch: prev_comm=logd.writer prev_pid=468 prev_prio=130 prev_state=S ==> next_comm=swapper/0 next_pid=0 next_prio=120
rcu_preempt-7     (    7) [001] d..3 214169.114594: sched_switch: prev_comm=rcu_preempt prev_pid=7 prev_prio=120 prev_state=S ==> next_comm=swapper/1 next_pid=0 next_prio=120
          <idle>-0     (-----) [000] d..5 214169.114686: sched_wakeup: comm=rcu_preempt pid=7 prio=120 success=1 target_cpu=001
          <idle>-0     (-----) [000] dn.4 214169.114706: sched_wakeup: comm=ksoftirqd/0 pid=3 prio=120 success=1 target_cpu=000
          <idle>-0     (-----) [000] d..3 214169.114745: sched_switch: prev_comm=swapper/0 prev_pid=0 prev_prio=120 prev_state=R ==> next_comm=ksoftirqd/0 next_pid=3 next_prio=120
          <idle>-0     (-----) [001] d..3 214169.114746: sched_switch: prev_comm=swapper/1 prev_pid=0 prev_prio=120 prev_state=R ==> next_comm=rcu_preempt next_pid=7 next_prio=120
rcu_preempt-7     (    7) [001] d..3 214169.114787: sched_switch: prev_comm=rcu_preempt prev_pid=7 prev_prio=120 prev_state=S ==> next_comm=swapper/1 next_pid=0 next_prio=120
ksoftirqd/0-3     (    3) [000] d..3 214169.114793: sched_switch: prev_comm=ksoftirqd/0 prev_pid=3 prev_prio=120 prev_state=S ==> next_comm=swapper/0 next_pid=0 next_prio=120
          <idle>-0     (-----) [000] d..5 214169.114860: sched_wakeup: comm=rcu_preempt pid=7 prio=120 success=1 target_cpu=001
          <idle>-0     (-----) [000] dn.4 214169.114875: sched_wakeup: comm=ksoftirqd/0 pid=3 prio=120 success=1 target_cpu=000
          <idle>-0     (-----) [000] d..3 214169.114903: sched_switch: prev_comm=swapper/0 prev_pid=0 prev_prio=120 prev_state=R ==> next_comm=ksoftirqd/0 next_pid=3 next_prio=120
          <idle>-0     (-----) [001] d..3 214169.114918: sched_switch: prev_comm=swapper/1 prev_pid=0 prev_prio=120 prev_state=R ==> next_comm=rcu_preempt next_pid=7 next_prio=120
ksoftirqd/0-3     (    3) [000] d..3 214169.114934: sched_switch: prev_comm=ksoftirqd/0 prev_pid=3 prev_prio=120 prev_state=S ==> next_comm=swapper/0 next_pid=0 next_prio=120
rcu_preempt-7     (    7) [001] d..3 214169.114970: sched_switch: prev_comm=rcu_preempt prev_pid=7 prev_prio=120 prev_state=S ==> next_comm=swapper/1 next_pid=0 next_prio=120
          <idle>-0     (-----) [000] d..5 214169.115005: sched_wakeup: comm=rcu_preempt pid=7 prio=120 success=1 target_cpu=001
          <idle>-0     (-----) [001] d..3 214169.115018: sched_switch: prev_comm=swapper/1 prev_pid=0 prev_prio=120 prev_state=R ==> next_comm=rcu_preempt next_pid=7 next_prio=120
          <idle>-0     (-----) [000] dn.4 214169.115021: sched_wakeup: comm=ksoftirqd/0 pid=3 prio=120 success=1 target_cpu=000
          <idle>-0     (-----) [000] d..3 214169.115046: sched_switch: prev_comm=swapper/0 prev_pid=0 prev_prio=120 prev_state=R ==> next_comm=ksoftirqd/0 next_pid=3 next_prio=120
rcu_preempt-7     (    7) [001] d..3 214169.115048: sched_switch: prev_comm=rcu_preempt prev_pid=7 prev_prio=120 prev_state=S ==> next_comm=swapper/1 next_pid=0 next_prio=120
ksoftirqd/0-3     (    3) [000] d..3 214169.115083: sched_switch: prev_comm=ksoftirqd/0 prev_pid=3 prev_prio=120 prev_state=S ==> next_comm=swapper/0 next_pid=0 next_prio=120
          <idle>-0     (-----) [000] dnh4 214169.121160: sched_wakeup: comm=EventThread pid=654 prio=111 success=1 target_cpu=000
          <idle>-0     (-----) [000] d..3 214169.121284: sched_switch: prev_comm=swapper/0 prev_pid=0 prev_prio=120 prev_state=R ==> next_comm=EventThread next_pid=654 next_prio=111
EventThread-654   (  549) [000] d..5 214169.121696: sched_wakeup: comm=android.youtube pid=23071 prio=120 success=1 target_cpu=001
          <idle>-0     (-----) [001] d..3 214169.121753: sched_switch: prev_comm=swapper/1 prev_pid=0 prev_prio=120 prev_state=R ==> next_comm=android.youtube next_pid=23071 next_prio=120
EventThread-654   (  549) [000] d..3 214169.121872: sched_switch: prev_comm=EventThread prev_pid=654 prev_prio=111 prev_state=S ==> next_comm=swapper/0 next_pid=0 next_prio=120
com.google.android.youtube-23071 (23071) [001] ...1 214169.122343: tracing_mark_write: B|23071|Choreographer#doFrame
com.google.android.youtube-23071 (23071) [001] ...1 214169.122419: tracing_mark_write: B|23071|animation
com.google.android.youtube-23071 (23071) [001] dn.5 214169.122930: sched_wakeup: comm=Binder:549_2 pid=592 prio=120 success=1 target_cpu=001
com.google.android.youtube-23071 (23071) [001] d..3 214169.122979: sched_switch: prev_comm=android.youtube prev_pid=23071 prev_prio=120 prev_state=R+ ==> next_comm=Binder:549_2 next_pid=592 next_prio=120
Binder:549_2-592   (  549) [001] d..4 214169.123312: sched_wakeup: comm=EventThread pid=654 prio=111 success=1 target_cpu=000
          <idle>-0     (-----) [000] d..3 214169.123419: sched_switch: prev_comm=swapper/0 prev_pid=0 prev_prio=120 prev_state=R ==> next_comm=EventThread next_pid=654 next_prio=111
Binder:549_2-592   (  549) [001] d..3 214169.123428: sched_switch: prev_comm=Binder:549_2 prev_pid=592 prev_prio=120 prev_state=S ==> next_comm=android.youtube next_pid=23071 next_prio=120
com.google.android.youtube-23071 (23071) [001] ...1 214169.123521: tracing_mark_write: E
com.google.android.youtube-23071 (23071) [001] ...1 214169.123556: tracing_mark_write: E
EventThread-654   (  549) [000] d..3 214169.123724: sched_switch: prev_comm=EventThread prev_pid=654 prev_prio=111 prev_state=S ==> next_comm=swapper/0 next_pid=0 next_prio=120
com.google.android.youtube-23071 (23071) [001] d..3 214169.123729: sched_switch: prev_comm=android.youtube prev_pid=23071 prev_prio=120 prev_state=S ==> next_comm=swapper/1 next_pid=0 next_prio=120
          <idle>-0     (-----) [001] dnh5 214169.124236: sched_wakeup: comm=kworker/u8:18 pid=21092 prio=120 success=1 target_cpu=001
          <idle>-0     (-----) [001] dns4 214169.124411: sched_wakeup: comm=rcu_preempt pid=7 prio=120 success=1 target_cpu=001
          <idle>-0     (-----) [001] d..3 214169.124488: sched_switch: prev_comm=swapper/1 prev_pid=0 prev_prio=120 prev_state=R ==> next_comm=kworker/u8:18 next_pid=21092 next_prio=120
kworker/u8:18-21092 (21092) [001] d..4 214169.124545: sched_wakeup: comm=kworker/u8:20 pid=27682 prio=120 success=1 target_cpu=000
kworker/u8:18-21092 (21092) [001] d..5 214169.124598: sched_wakeup: comm=kworker/1:4 pid=4535 prio=120 success=1 target_cpu=001
          <idle>-0     (-----) [000] d..3 214169.124615: sched_switch: prev_comm=swapper/0 prev_pid=0 prev_prio=120 prev_state=R ==> next_comm=kworker/u8:20 next_pid=27682 next_prio=120
kworker/u8:18-21092 (21092) [001] d..3 214169.124749: sched_switch: prev_comm=kworker/u8:18 prev_pid=21092 prev_prio=120 prev_state=S ==> next_comm=kworker/1:4 next_pid=4535 next_prio=120
kworker/u8:20-27682 (27682) [000] d..3 214169.124752: sched_switch: prev_comm=kworker/u8:20 prev_pid=27682 prev_prio=120 prev_state=S ==> next_comm=rcu_preempt next_pid=7 next_prio=120
kworker/1:4-4535  ( 4535) [001] d..3 214169.124812: sched_switch: prev_comm=kworker/1:4 prev_pid=4535 prev_prio=120 prev_state=S ==> next_comm=swapper/1 next_pid=0 next_prio=120
rcu_preempt-7     (    7) [000] d..3 214169.124815: sched_switch: prev_comm=rcu_preempt prev_pid=7 prev_prio=120 prev_state=S ==> next_comm=swapper/0 next_pid=0 next_prio=120
          <idle>-0     (-----) [000] dnh4 214169.132923: sched_wakeup: comm=RxComputationSc pid=21900 prio=120 success=1 target_cpu=000
          <idle>-0     (-----) [000] d..3 214169.132980: sched_switch: prev_comm=swapper/0 prev_pid=0 prev_prio=120 prev_state=R ==> next_comm=RxComputationSc next_pid=21900 next_prio=120
RxComputationSc-21900 (21821) [000] d..3 214169.134017: sched_switch: prev_comm=RxComputationSc prev_pid=21900 prev_prio=120 prev_state=S ==> next_comm=swapper/0 next_pid=0 next_prio=120
          <idle>-0     (-----) [000] dn.4 214169.134144: sched_wakeup: comm=ksoftirqd/0 pid=3 prio=120 success=1 target_cpu=000
          <idle>-0     (-----) [000] d..3 214169.134181: sched_switch: prev_comm=swapper/0 prev_pid=0 prev_prio=120 prev_state=R ==> next_comm=ksoftirqd/0 next_pid=3 next_prio=120
ksoftirqd/0-3     (    3) [000] d.s4 214169.134260: sched_wakeup: comm=kworker/u8:18 pid=21092 prio=120 success=1 target_cpu=001
ksoftirqd/0-3     (    3) [000] d..3 214169.134298: sched_switch: prev_comm=ksoftirqd/0 prev_pid=3 prev_prio=120 prev_state=S ==> next_comm=swapper/0 next_pid=0 next_prio=120
          <idle>-0     (-----) [001] d..3 214169.134479: sched_switch: prev_comm=swapper/1 prev_pid=0 prev_prio=120 prev_state=R ==> next_comm=kworker/u8:18 next_pid=21092 next_prio=120
kworker/u8:18-21092 (21092) [001] d..3 214169.134627: sched_switch: prev_comm=kworker/u8:18 prev_pid=21092 prev_prio=120 prev_state=S ==> next_comm=swapper/1 next_pid=0 next_prio=120
          <idle>-0     (-----) [000] dnh4 214169.139771: sched_wakeup: comm=EventThread pid=654 prio=111 success=1 target_cpu=000
          <idle>-0     (-----) [000] d..3 214169.139827: sched_switch: prev_comm=swapper/0 prev_pid=0 prev_prio=120 prev_state=R ==> next_comm=EventThread next_pid=654 next_prio=111
EventThread-654   (  549) [000] d..5 214169.140226: sched_wakeup: comm=android.youtube pid=23071 prio=120 success=1 target_cpu=001
          <idle>-0     (-----) [001] d..3 214169.140360: sched_switch: prev_comm=swapper/1 prev_pid=0 prev_prio=120 prev_state=R ==> next_comm=android.youtube next_pid=23071 next_prio=120
EventThread-654   (  549) [000] d..3 214169.140399: sched_switch: prev_comm=EventThread prev_pid=654 prev_prio=111 prev_state=S ==> next_comm=swapper/0 next_pid=0 next_prio=120
com.google.android.youtube-23071 (23071) [001] ...1 214169.140989: tracing_mark_write: B|23071|Choreographer#doFrame
com.google.android.youtube-23071 (23071) [001] ...1 214169.141066: tracing_mark_write: B|23071|animation
com.google.android.youtube-23071 (23071) [001] d..5 214169.141577: sched_wakeup: comm=Binder:549_3 pid=762 prio=120 success=1 target_cpu=000
com.google.android.youtube-23071 (23071) [001] ...1 214169.141677: tracing_mark_write: E
com.google.android.youtube-23071 (23071) [001] ...1 214169.141706: tracing_mark_write: E
          <idle>-0     (-----) [000] d..3 214169.141783: sched_switch: prev_comm=swapper/0 prev_pid=0 prev_prio=120 prev_state=R ==> next_comm=Binder:549_3 next_pid=762 next_prio=120
com.google.android.youtube-23071 (23071) [001] d..3 214169.141890: sched_switch: prev_comm=android.youtube prev_pid=23071 prev_prio=120 prev_state=S ==> next_comm=swapper/1 next_pid=0 next_prio=120
Binder:549_3-762   (  549) [000] dn.4 214169.142142: sched_wakeup: comm=EventThread pid=654 prio=111 success=1 target_cpu=000
Binder:549_3-762   (  549) [000] d..3 214169.142167: sched_switch: prev_comm=Binder:549_3 prev_pid=762 prev_prio=120 prev_state=R+ ==> next_comm=EventThread next_pid=654 next_prio=111
EventThread-654   (  549) [000] d..3 214169.142231: sched_switch: prev_comm=EventThread prev_pid=654 prev_prio=111 prev_state=S ==> next_comm=Binder:549_3 next_pid=762 next_prio=120
Binder:549_3-762   (  549) [000] dn.4 214169.142260: sched_wakeup: comm=EventThread pid=654 prio=111 success=1 target_cpu=000
Binder:549_3-762   (  549) [000] d..3 214169.142273: sched_switch: prev_comm=Binder:549_3 prev_pid=762 prev_prio=120 prev_state=R+ ==> next_comm=EventThread next_pid=654 next_prio=111
EventThread-654   (  549) [000] d..3 214169.142497: sched_switch: prev_comm=EventThread prev_pid=654 prev_prio=111 prev_state=S ==> next_comm=Binder:549_3 next_pid=762 next_prio=120
Binder:549_3-762   (  549) [000] d..3 214169.142691: sched_switch: prev_comm=Binder:549_3 prev_pid=762 prev_prio=120 prev_state=S ==> next_comm=swapper/0 next_pid=0 next_prio=120
          <idle>-0     (-----) [000] dnh5 214169.157369: sched_wakeup: comm=RxComputationSc pid=21910 prio=120 success=1 target_cpu=000
          <idle>-0     (-----) [000] d..3 214169.157570: sched_switch: prev_comm=swapper/0 prev_pid=0 prev_prio=120 prev_state=R ==> next_comm=RxComputationSc next_pid=21910 next_prio=120
RxComputationSc-21910 ( 21821) [000] d..3 214169.158572: sched_switch: prev_comm=RxComputationSc prev_pid=21910 prev_prio=120 prev_state=S ==> next_comm=swapper/0 next_pid=0 next_prio=120
          <idle>-0     (-----) [000] dnh5 214169.158646: sched_wakeup: comm=EventThread pid=654 prio=111 success=1 target_cpu=000
          <idle>-0     (-----) [000] d..3 214169.158677: sched_switch: prev_comm=swapper/0 prev_pid=0 prev_prio=120 prev_state=R ==> next_comm=EventThread next_pid=654 next_prio=111
EventThread-654   (  549) [000] d..5 214169.159105: sched_wakeup: comm=android.youtube pid=23071 prio=120 success=1 target_cpu=001
EventThread-654   (  549) [000] d..3 214169.159273: sched_switch: prev_comm=EventThread prev_pid=654 prev_prio=111 prev_state=S ==> next_comm=swapper/0 next_pid=0 next_prio=120
          <idle>-0     (-----) [000] dn.4 214169.159341: sched_wakeup: comm=ksoftirqd/0 pid=3 prio=120 success=1 target_cpu=000
          <idle>-0     (-----) [001] d..3 214169.159350: sched_switch: prev_comm=swapper/1 prev_pid=0 prev_prio=120 prev_state=R ==> next_comm=android.youtube next_pid=23071 next_prio=120
          <idle>-0     (-----) [000] d..3 214169.159357: sched_switch: prev_comm=swapper/0 prev_pid=0 prev_prio=120 prev_state=R ==> next_comm=ksoftirqd/0 next_pid=3 next_prio=120
ksoftirqd/0-3     (    3) [000] d.s4 214169.159424: sched_wakeup: comm=kworker/0:2 pid=3060 prio=120 success=1 target_cpu=000
ksoftirqd/0-3     (    3) [000] d.s4 214169.159590: sched_wakeup: comm=kworker/u8:18 pid=21092 prio=120 success=1 target_cpu=001
com.google.android.youtube-23071 (23071) [001] d..3 214169.159622: sched_switch: prev_comm=android.youtube prev_pid=23071 prev_prio=120 prev_state=R ==> next_comm=kworker/u8:18 next_pid=21092 next_prio=120
ksoftirqd/0-3     (    3) [000] d..3 214169.159631: sched_switch: prev_comm=ksoftirqd/0 prev_pid=3 prev_prio=120 prev_state=S ==> next_comm=kworker/0:2 next_pid=3060 next_prio=120
kworker/0:2-3060 ( 3060) [000] d..4 214169.159677: sched_wakeup: comm=msm-core:sampli pid=430 prio=120 success=1 target_cpu=000
kworker/0:2-3060 ( 3060) [000] d..3 214169.159758: sched_switch: prev_comm=kworker/0:2 prev_pid=3060 prev_prio=120 prev_state=S ==> next_comm=msm-core:sampli next_pid=430 next_prio=120
kworker/u8:18-21092 (21092) [001] d..3 214169.159843: sched_switch: prev_comm=kworker/u8:18 prev_pid=21092 prev_prio=120 prev_state=S ==> next_comm=android.youtube next_pid=23071 next_prio=120
msm-core:sampli-430   (  430) [000] d..3 214169.160214: sched_switch: prev_comm=msm-core:sampli prev_pid=430 prev_prio=120 prev_state=D ==> next_comm=swapper/0 next_pid=0 next_prio=120
com.google.android.youtube-23071 (23071) [001] ...1 214169.160278: tracing_mark_write: B|23071|Choreographer#doFrame
com.google.android.youtube-23071 (23071) [001] ...1 214169.160353: tracing_mark_write: B|23071|animation
com.google.android.youtube-23071 (23071) [001] dn.5 214169.160908: sched_wakeup: comm=Binder:549_4 pid=2029 prio=120 success=1 target_cpu=001
com.google.android.youtube-23071 (23071) [001] d..3 214169.160947: sched_switch: prev_comm=android.youtube prev_pid=23071 prev_prio=120 prev_state=R+ ==> next_comm=Binder:549_4 next_pid=2029 next_prio=120
Binder:549_4-2029  (  549) [001] d..4 214169.161320: sched_wakeup: comm=EventThread pid=654 prio=111 success=1 target_cpu=000
          <idle>-0     (-----) [000] d..3 214169.161415: sched_switch: prev_comm=swapper/0 prev_pid=0 prev_prio=120 prev_state=R ==> next_comm=EventThread next_pid=654 next_prio=111
Binder:549_4-2029  (  549) [001] d..3 214169.161442: sched_switch: prev_comm=Binder:549_4 prev_pid=2029 prev_prio=120 prev_state=S ==> next_comm=android.youtube next_pid=23071 next_prio=120
com.google.android.youtube-23071 (23071) [001] ...1 214169.161546: tracing_mark_write: E
com.google.android.youtube-23071 (23071) [001] ...1 214169.161587: tracing_mark_write: E
EventThread-654   (  549) [000] d..3 214169.161731: sched_switch: prev_comm=EventThread prev_pid=654 prev_prio=111 prev_state=S ==> next_comm=swapper/0 next_pid=0 next_prio=120
com.google.android.youtube-23071 (23071) [001] d..3 214169.161784: sched_switch: prev_comm=android.youtube prev_pid=23071 prev_prio=120 prev_state=S ==> next_comm=swapper/1 next_pid=0 next_prio=120
          <idle>-0     (-----) [000] dnh4 214169.163203: sched_wakeup: comm=RxComputationSc pid=21900 prio=120 success=1 target_cpu=000
          <idle>-0     (-----) [000] d..3 214169.163265: sched_switch: prev_comm=swapper/0 prev_pid=0 prev_prio=120 prev_state=R ==> next_comm=RxComputationSc next_pid=21900 next_prio=120
RxComputationSc-21900 (21821) [000] d.s5 214169.164400: sched_wakeup: comm=kworker/u8:18 pid=21092 prio=120 success=1 target_cpu=001
RxComputationSc-21900 (21821) [000] d..3 214169.164492: sched_switch: prev_comm=RxComputationSc prev_pid=21900 prev_prio=120 prev_state=S ==> next_comm=swapper/0 next_pid=0 next_prio=120
          <idle>-0     (-----) [001] d..3 214169.164623: sched_switch: prev_comm=swapper/1 prev_pid=0 prev_prio=120 prev_state=R ==> next_comm=kworker/u8:18 next_pid=21092 next_prio=120
kworker/u8:18-21092 (21092) [001] d..3 214169.164755: sched_switch: prev_comm=kworker/u8:18 prev_pid=21092 prev_prio=120 prev_state=S ==> next_comm=swapper/1 next_pid=0 next_prio=120
          <idle>-0     (-----) [000] dnh4 214169.173312: sched_wakeup: comm=RxComputationSc pid=21910 prio=120 success=1 target_cpu=000
          <idle>-0     (-----) [000] d..3 214169.173367: sched_switch: prev_comm=swapper/0 prev_pid=0 prev_prio=120 prev_state=R ==> next_comm=RxComputationSc next_pid=21910 next_prio=120
RxComputationSc-21910 ( 21821) [000] d..3 214169.174032: sched_switch: prev_comm=RxComputationSc prev_pid=21910 prev_prio=120 prev_state=S ==> next_comm=swapper/0 next_pid=0 next_prio=120
          <idle>-0     (-----) [000] dn.4 214169.174156: sched_wakeup: comm=ksoftirqd/0 pid=3 prio=120 success=1 target_cpu=000
          <idle>-0     (-----) [000] d..3 214169.174193: sched_switch: prev_comm=swapper/0 prev_pid=0 prev_prio=120 prev_state=R ==> next_comm=ksoftirqd/0 next_pid=3 next_prio=120
ksoftirqd/0-3     (    3) [000] d.s4 214169.174267: sched_wakeup: comm=kworker/u8:18 pid=21092 prio=120 success=1 target_cpu=001
ksoftirqd/0-3     (    3) [000] d..3 214169.174302: sched_switch: prev_comm=ksoftirqd/0 prev_pid=3 prev_prio=120 prev_state=S ==> next_comm=swapper/0 next_pid=0 next_prio=120
          <idle>-0     (-----) [001] d..3 214169.174464: sched_switch: prev_comm=swapper/1 prev_pid=0 prev_prio=120 prev_state=R ==> next_comm=kworker/u8:18 next_pid=21092 next_prio=120
kworker/u8:18-21092 (21092) [001] d..3 214169.175095: sched_switch: prev_comm=kworker/u8:18 prev_pid=21092 prev_prio=120 prev_state=S ==> next_comm=swapper/1 next_pid=0 next_prio=120
          <idle>-0     (-----) [000] dnh4 214169.177794: sched_wakeup: comm=EventThread pid=654 prio=111 success=1 target_cpu=000
          <idle>-0     (-----) [000] d..3 214169.177852: sched_switch: prev_comm=swapper/0 prev_pid=0 prev_prio=120 prev_state=R ==> next_comm=EventThread next_pid=654 next_prio=111
EventThread-654   (  549) [000] d..5 214169.178259: sched_wakeup: comm=android.youtube pid=23071 prio=120 success=1 target_cpu=001
          <idle>-0     (-----) [001] d..3 214169.178397: sched_switch: prev_comm=swapper/1 prev_pid=0 prev_prio=120 prev_state=R ==> next_comm=android.youtube next_pid=23071 next_prio=120
EventThread-654   (  549) [000] d..3 214169.178431: sched_switch: prev_comm=EventThread prev_pid=654 prev_prio=111 prev_state=S ==> next_comm=swapper/0 next_pid=0 next_prio=120
com.google.android.youtube-23071 (23071) [001] ...1 214169.179034: tracing_mark_write: B|23071|Choreographer#doFrame
com.google.android.youtube-23071 (23071) [001] ...1 214169.179111: tracing_mark_write: B|23071|animation
