 BT Service Call-26462 (26439) [001] d..3 214168.780482: sched_switch: prev_comm=BT Service Call prev_pid=26462 prev_prio=120 prev_state=R+ ==> next_comm=Binder:32403_5 next_pid=3303 next_prio=120
Binder:32403_5-3303 ( 32403) [001] d..5 214168.781333: sched_wakeup: comm=.evenko.osheaga pid=32403 prio=120 success=1 target_cpu=000
          <idle>-0     (-----) [000] d..3 214168.781443: sched_switch: prev_comm=swapper/0 prev_pid=0 prev_prio=120 prev_state=R ==> next_comm=.evenko.osheaga next_pid=32403 next_prio=120
Binder:32403_5-3303 ( 32403) [001] d..3 214168.781601: sched_switch: prev_comm=Binder:32403_5 prev_pid=3303 prev_prio=120 prev_state=S ==> next_comm=BT Service Call next_pid=26462 next_prio=120
 BT Service Call-26462 (26439) [001] d..3 214168.781911: sched_switch: prev_comm=BT Service Call prev_pid=26462 prev_prio=120 prev_state=S ==> next_comm=swapper/1 next_pid=0 next_prio=120
ca.evenko.osheaga-32403 ( 32403) [000] d..4 214168.781928: sched_wakeup: comm=pool-8-thread-5 pid=941 prio=130 success=1 target_cpu=000
          <idle>-0     (-----) [001] dn.5 214168.782052: sched_wakeup: comm=rcu_preempt pid=7 prio=120 success=1 target_cpu=001
          <idle>-0     (-----) [001] dn.4 214168.782075: sched_wakeup: comm=ksoftirqd/1 pid=12 prio=120 success=1 target_cpu=001
ca.evenko.osheaga-32403 ( 32403) [000] d..3 214168.782124: sched_switch: prev_comm=.evenko.osheaga prev_pid=32403 prev_prio=120 prev_state=S ==> next_comm=pool-8-thread-5 next_pid=941 next_prio=130
          <idle>-0     (-----) [001] d..3 214168.782125: sched_switch: prev_comm=swapper/1 prev_pid=0 prev_prio=120 prev_state=R ==> next_comm=rcu_preempt next_pid=7 next_prio=120
rcu_preempt-7     (    7) [001] d..3 214168.782152: sched_switch: prev_comm=rcu_preempt prev_pid=7 prev_prio=120 prev_state=S ==> next_comm=ksoftirqd/1 next_pid=12 next_prio=120
ksoftirqd/1-12    (   12) [001] d.s4 214168.782210: sched_wakeup: comm=rcu_preempt pid=7 prio=120 success=1 target_cpu=001
ksoftirqd/1-12    (   12) [001] d..3 214168.782240: sched_switch: prev_comm=ksoftirqd/1 prev_pid=12 prev_prio=120 prev_state=S ==> next_comm=rcu_preempt next_pid=7 next_prio=120
rcu_preempt-7     (    7) [001] d..3 214168.782308: sched_switch: prev_comm=rcu_preempt prev_pid=7 prev_prio=120 prev_state=S ==> next_comm=swapper/1 next_pid=0 next_prio=120
          <idle>-0     (-----) [001] dn.5 214168.782373: sched_wakeup: comm=rcu_preempt pid=7 prio=120 success=1 target_cpu=001
          <idle>-0     (-----) [001] dn.4 214168.782387: sched_wakeup: comm=ksoftirqd/1 pid=12 prio=120 success=1 target_cpu=001
          <idle>-0     (-----) [001] d..3 214168.782410: sched_switch: prev_comm=swapper/1 prev_pid=0 prev_prio=120 prev_state=R ==> next_comm=ksoftirqd/1 next_pid=12 next_prio=120
ksoftirqd/1-12    (   12) [001] d..3 214168.782443: sched_switch: prev_comm=ksoftirqd/1 prev_pid=12 prev_prio=120 prev_state=S ==> next_comm=rcu_preempt next_pid=7 next_prio=120
rcu_preempt-7     (    7) [001] d..3 214168.782499: sched_switch: prev_comm=rcu_preempt prev_pid=7 prev_prio=120 prev_state=S ==> next_comm=swapper/1 next_pid=0 next_prio=120
          <idle>-0     (-----) [001] dn.5 214168.782556: sched_wakeup: comm=rcu_preempt pid=7 prio=120 success=1 target_cpu=001
          <idle>-0     (-----) [001] dn.4 214168.782570: sched_wakeup: comm=ksoftirqd/1 pid=12 prio=120 success=1 target_cpu=001
          <idle>-0     (-----) [001] d..3 214168.782591: sched_switch: prev_comm=swapper/1 prev_pid=0 prev_prio=120 prev_state=R ==> next_comm=ksoftirqd/1 next_pid=12 next_prio=120
ksoftirqd/1-12    (   12) [001] d..3 214168.782619: sched_switch: prev_comm=ksoftirqd/1 prev_pid=12 prev_prio=120 prev_state=S ==> next_comm=rcu_preempt next_pid=7 next_prio=120
rcu_preempt-7     (    7) [001] d..3 214168.782669: sched_switch: prev_comm=rcu_preempt prev_pid=7 prev_prio=120 prev_state=S ==> next_comm=swapper/1 next_pid=0 next_prio=120
pool-8-thread-5-941 ( 32403) [000] dn.5 214168.782689: sched_wakeup: comm=.evenko.osheaga pid=32403 prio=120 success=1 target_cpu=000
pool-8-thread-5-941 ( 32403) [000] d..3 214168.782711: sched_switch: prev_comm=pool-8-thread-5 prev_pid=941 prev_prio=130 prev_state=R+ ==> next_comm=.evenko.osheaga next_pid=32403 next_prio=120
ca.evenko.osheaga-32403 ( 32403) [000] dn.4 214168.783218: sched_wakeup: comm=kworker/u8:18 pid=21092 prio=120 success=1 target_cpu=000
ca.evenko.osheaga-32403 ( 32403) [000] d..3 214168.783255: sched_switch: prev_comm=.evenko.osheaga prev_pid=32403 prev_prio=120 prev_state=R+ ==> next_comm=kworker/u8:18 next_pid=21092 next_prio=120
kworker/u8:18-21092 (21092) [000] d..5 214168.783562: sched_wakeup: comm=kworker/0:2 pid=3060 prio=120 success=1 target_cpu=000
kworker/u8:18-21092 (21092) [000] dn.5 214168.783612: sched_wakeup: comm=kworker/0:2H pid=2529 prio=100 success=1 target_cpu=000
kworker/u8:18-21092 (21092) [000] d..3 214168.783629: sched_switch: prev_comm=kworker/u8:18 prev_pid=21092 prev_prio=120 prev_state=R+ ==> next_comm=kworker/0:2H next_pid=2529 next_prio=100
kworker/0:2H-2529  ( 2529) [000] d..3 214168.783697: sched_switch: prev_comm=kworker/0:2H prev_pid=2529 prev_prio=100 prev_state=S ==> next_comm=kworker/0:2 next_pid=3060 next_prio=120
          <idle>-0     (-----) [001] dns4 214168.784265: sched_wakeup: comm=rcu_preempt pid=7 prio=120 success=1 target_cpu=001
kworker/0:2-3060 ( 3060) [000] d.h4 214168.784292: sched_wakeup: comm=kworker/u8:3 pid=3300 prio=120 success=1 target_cpu=001
          <idle>-0     (-----) [001] dns4 214168.784376: sched_wakeup: comm=ksoftirqd/1 pid=12 prio=120 success=1 target_cpu=001
          <idle>-0     (-----) [001] d..3 214168.784431: sched_switch: prev_comm=swapper/1 prev_pid=0 prev_prio=120 prev_state=R ==> next_comm=kworker/u8:3 next_pid=3300 next_prio=120
kworker/0:2-3060 ( 3060) [000] d.s3 214168.784486: sched_wakeup: comm=cfinteractive pid=329 prio=0 success=1 target_cpu=002
kworker/u8:3-3300 ( 3300) [001] d..4 214168.784507: sched_wakeup: comm=kworker/u8:20 pid=27682 prio=120 success=1 target_cpu=002
kworker/0:2-3060 ( 3060) [000] dns4 214168.784547: sched_wakeup: comm=kworker/0:2H pid=2529 prio=100 success=1 target_cpu=000
kworker/u8:3-3300 ( 3300) [001] d..5 214168.784564: sched_wakeup: comm=kworker/1:4 pid=4535 prio=120 success=1 target_cpu=001
kworker/0:2-3060 ( 3060) [000] d..3 214168.784608: sched_switch: prev_comm=kworker/0:2 prev_pid=3060 prev_prio=120 prev_state=R+ ==> next_comm=kworker/0:2H next_pid=2529 next_prio=100
kworker/0:2H-2529  ( 2529) [000] d..3 214168.784662: sched_switch: prev_comm=kworker/0:2H prev_pid=2529 prev_prio=100 prev_state=S ==> next_comm=kworker/0:2 next_pid=3060 next_prio=120
kworker/u8:3-3300 ( 3300) [001] d..3 214168.784675: sched_switch: prev_comm=kworker/u8:3 prev_pid=3300 prev_prio=120 prev_state=D ==> next_comm=kworker/1:4 next_pid=4535 next_prio=120
kworker/1:4-4535  ( 4535) [001] d..3 214168.784717: sched_switch: prev_comm=kworker/1:4 prev_pid=4535 prev_prio=120 prev_state=S ==> next_comm=rcu_preempt next_pid=7 next_prio=120
rcu_preempt-7     (    7) [001] d..3 214168.784763: sched_switch: prev_comm=rcu_preempt prev_pid=7 prev_prio=120 prev_state=S ==> next_comm=ksoftirqd/1 next_pid=12 next_prio=120
ksoftirqd/1-12    (   12) [001] d..3 214168.784809: sched_switch: prev_comm=ksoftirqd/1 prev_pid=12 prev_prio=120 prev_state=S ==> next_comm=kworker/u8:18 next_pid=21092 next_prio=120
kworker/0:2-3060 ( 3060) [000] d..7 214168.784890: sched_wakeup: comm=smem_native_rpm pid=41 prio=120 success=1 target_cpu=001
          <idle>-0     (-----) [002] d..3 214168.784945: sched_switch: prev_comm=swapper/2 prev_pid=0 prev_prio=120 prev_state=R ==> next_comm=cfinteractive next_pid=329 next_prio=0
cfinteractive-329   (  329) [002] d..5 214168.785045: sched_wakeup: comm=kworker/2:3 pid=4551 prio=120 success=1 target_cpu=002
kworker/0:2-3060 ( 3060) [000] d..4 214168.785126: sched_wakeup: comm=kworker/0:1 pid=4418 prio=120 success=1 target_cpu=000
kworker/0:2-3060 ( 3060) [000] d..3 214168.785137: sched_switch: prev_comm=kworker/0:2 prev_pid=3060 prev_prio=120 prev_state=D ==> next_comm=kworker/0:1 next_pid=4418 next_prio=120
kworker/0:1-4418  ( 4418) [000] d.s9 214168.785213: sched_wakeup: comm=kworker/0:2 pid=3060 prio=120 success=1 target_cpu=000
kworker/0:1-4418  ( 4418) [000] d..3 214168.785280: sched_switch: prev_comm=kworker/0:1 prev_pid=4418 prev_prio=120 prev_state=S ==> next_comm=kworker/0:2 next_pid=3060 next_prio=120
kworker/0:2-3060 ( 3060) [000] d..4 214168.785374: sched_wakeup: comm=kworker/0:1 pid=4418 prio=120 success=1 target_cpu=000
kworker/0:2-3060 ( 3060) [000] d..3 214168.785385: sched_switch: prev_comm=kworker/0:2 prev_pid=3060 prev_prio=120 prev_state=D ==> next_comm=kworker/0:1 next_pid=4418 next_prio=120
kworker/0:1-4418  ( 4418) [000] d..4 214168.785438: sched_wakeup: comm=msm-core:sampli pid=430 prio=120 success=1 target_cpu=001
kworker/0:1-4418  ( 4418) [000] d.s8 214168.785515: sched_wakeup: comm=kworker/0:2 pid=3060 prio=120 success=1 target_cpu=000
kworker/0:1-4418  ( 4418) [000] d..3 214168.785557: sched_switch: prev_comm=kworker/0:1 prev_pid=4418 prev_prio=120 prev_state=S ==> next_comm=kworker/0:2 next_pid=3060 next_prio=120
kworker/0:2-3060 ( 3060) [000] d..3 214168.785645: sched_switch: prev_comm=kworker/0:2 prev_pid=3060 prev_prio=120 prev_state=D ==> next_comm=.evenko.osheaga next_pid=32403 next_prio=120
kworker/u8:18-21092 (21092) [001] d..3 214168.785680: sched_switch: prev_comm=kworker/u8:18 prev_pid=21092 prev_prio=120 prev_state=S ==> next_comm=smem_native_rpm next_pid=41 next_prio=120
ca.evenko.osheaga-32403 ( 32403) [000] dns7 214168.785747: sched_wakeup: comm=kworker/0:2 pid=3060 prio=120 success=1 target_cpu=000
ca.evenko.osheaga-32403 ( 32403) [000] d..3 214168.785766: sched_switch: prev_comm=.evenko.osheaga prev_pid=32403 prev_prio=120 prev_state=R+ ==> next_comm=kworker/0:2 next_pid=3060 next_prio=120
smem_native_rpm-41    (   41) [001] d..3 214168.785783: sched_switch: prev_comm=smem_native_rpm prev_pid=41 prev_prio=120 prev_state=S ==> next_comm=msm-core:sampli next_pid=430 next_prio=120
kworker/0:2-3060 ( 3060) [000] d..7 214168.785811: sched_wakeup: comm=smem_native_rpm pid=41 prio=120 success=1 target_cpu=001
kworker/0:2-3060 ( 3060) [000] d..3 214168.785830: sched_switch: prev_comm=kworker/0:2 prev_pid=3060 prev_prio=120 prev_state=D ==> next_comm=.evenko.osheaga next_pid=32403 next_prio=120
ca.evenko.osheaga-32403 ( 32403) [000] dns7 214168.785910: sched_wakeup: comm=kworker/0:2 pid=3060 prio=120 success=1 target_cpu=000
ca.evenko.osheaga-32403 ( 32403) [000] d..3 214168.785927: sched_switch: prev_comm=.evenko.osheaga prev_pid=32403 prev_prio=120 prev_state=R+ ==> next_comm=kworker/0:2 next_pid=3060 next_prio=120
msm-core:sampli-430   (  430) [001] d..3 214168.785935: sched_switch: prev_comm=msm-core:sampli prev_pid=430 prev_prio=120 prev_state=D ==> next_comm=smem_native_rpm next_pid=41 next_prio=120
smem_native_rpm-41    (   41) [001] d..3 214168.785987: sched_switch: prev_comm=smem_native_rpm prev_pid=41 prev_prio=120 prev_state=S ==> next_comm=.evenko.osheaga next_pid=32403 next_prio=120
kworker/0:2-3060 ( 3060) [000] d..7 214168.786001: sched_wakeup: comm=smem_native_rpm pid=41 prio=120 success=1 target_cpu=001
kworker/0:2-3060 ( 3060) [000] d..3 214168.786017: sched_switch: prev_comm=kworker/0:2 prev_pid=3060 prev_prio=120 prev_state=D ==> next_comm=pool-8-thread-5 next_pid=941 next_prio=130
ca.evenko.osheaga-32403 ( 32403) [001] d..4 214168.786048: sched_wakeup: comm=kworker/u8:18 pid=21092 prio=120 success=1 target_cpu=001
pool-8-thread-5-941 ( 32403) [000] dns7 214168.786084: sched_wakeup: comm=kworker/0:2 pid=3060 prio=120 success=1 target_cpu=000
cfinteractive-329   (  329) [002] d..3 214168.786094: sched_switch: prev_comm=cfinteractive prev_pid=329 prev_prio=0 prev_state=S ==> next_comm=kworker/u8:20 next_pid=27682 next_prio=120
pool-8-thread-5-941 ( 32403) [000] d..3 214168.786101: sched_switch: prev_comm=pool-8-thread-5 prev_pid=941 prev_prio=130 prev_state=R ==> next_comm=kworker/0:2 next_pid=3060 next_prio=120
ca.evenko.osheaga-32403 ( 32403) [001] d..3 214168.786119: sched_switch: prev_comm=.evenko.osheaga prev_pid=32403 prev_prio=120 prev_state=D|K ==> next_comm=smem_native_rpm next_pid=41 next_prio=120
kworker/0:2-3060 ( 3060) [000] d..3 214168.786146: sched_switch: prev_comm=kworker/0:2 prev_pid=3060 prev_prio=120 prev_state=D ==> next_comm=pool-8-thread-5 next_pid=941 next_prio=130
smem_native_rpm-41    (   41) [001] d..3 214168.786159: sched_switch: prev_comm=smem_native_rpm prev_pid=41 prev_prio=120 prev_state=S ==> next_comm=kworker/u8:18 next_pid=21092 next_prio=120
kworker/u8:20-27682 (27682) [002] d..3 214168.786182: sched_switch: prev_comm=kworker/u8:20 prev_pid=27682 prev_prio=120 prev_state=S ==> next_comm=kworker/2:3 next_pid=4551 next_prio=120
kworker/u8:18-21092 (21092) [001] d..3 214168.786188: sched_switch: prev_comm=kworker/u8:18 prev_pid=21092 prev_prio=120 prev_state=S ==> next_comm=swapper/1 next_pid=0 next_prio=120
          <idle>-0     (-----) [001] dn.5 214168.786248: sched_wakeup: comm=rcu_preempt pid=7 prio=120 success=1 target_cpu=001
kworker/2:3-4551  ( 4551) [002] d..5 214168.786253: sched_wakeup: comm=triton pid=4461 prio=100 success=1 target_cpu=000
          <idle>-0     (-----) [001] dn.4 214168.786257: sched_wakeup: comm=ksoftirqd/1 pid=12 prio=120 success=1 target_cpu=001
          <idle>-0     (-----) [001] d..3 214168.786278: sched_switch: prev_comm=swapper/1 prev_pid=0 prev_prio=120 prev_state=R ==> next_comm=rcu_preempt next_pid=7 next_prio=120
rcu_preempt-7     (    7) [001] d..3 214168.786302: sched_switch: prev_comm=rcu_preempt prev_pid=7 prev_prio=120 prev_state=S ==> next_comm=ksoftirqd/1 next_pid=12 next_prio=120
pool-8-thread-5-941 ( 32403) [000] dns7 214168.786303: sched_wakeup: comm=kworker/0:2 pid=3060 prio=120 success=1 target_cpu=000
pool-8-thread-5-941 ( 32403) [000] d..3 214168.786323: sched_switch: prev_comm=pool-8-thread-5 prev_pid=941 prev_prio=130 prev_state=R ==> next_comm=triton next_pid=4461 next_prio=100
ksoftirqd/1-12    (   12) [001] d..3 214168.786357: sched_switch: prev_comm=ksoftirqd/1 prev_pid=12 prev_prio=120 prev_state=S ==> next_comm=swapper/1 next_pid=0 next_prio=120
          <idle>-0     (-----) [001] dn.5 214168.786382: sched_wakeup: comm=rcu_preempt pid=7 prio=120 success=1 target_cpu=001
kworker/2:3-4551  ( 4551) [002] d..3 214168.786383: sched_switch: prev_comm=kworker/2:3 prev_pid=4551 prev_prio=120 prev_state=S ==> next_comm=pool-8-thread-5 next_pid=941 next_prio=130
          <idle>-0     (-----) [001] dn.4 214168.786388: sched_wakeup: comm=ksoftirqd/1 pid=12 prio=120 success=1 target_cpu=001
          <idle>-0     (-----) [001] d..3 214168.786398: sched_switch: prev_comm=swapper/1 prev_pid=0 prev_prio=120 prev_state=R ==> next_comm=ksoftirqd/1 next_pid=12 next_prio=120
ksoftirqd/1-12    (   12) [001] d..3 214168.786410: sched_switch: prev_comm=ksoftirqd/1 prev_pid=12 prev_prio=120 prev_state=S ==> next_comm=rcu_preempt next_pid=7 next_prio=120
rcu_preempt-7     (    7) [001] d..3 214168.786434: sched_switch: prev_comm=rcu_preempt prev_pid=7 prev_prio=120 prev_state=S ==> next_comm=swapper/1 next_pid=0 next_prio=120
          <idle>-0     (-----) [001] dn.5 214168.786457: sched_wakeup: comm=rcu_preempt pid=7 prio=120 success=1 target_cpu=001
          <idle>-0     (-----) [001] dn.4 214168.786463: sched_wakeup: comm=ksoftirqd/1 pid=12 prio=120 success=1 target_cpu=001
          <idle>-0     (-----) [001] d..3 214168.786471: sched_switch: prev_comm=swapper/1 prev_pid=0 prev_prio=120 prev_state=R ==> next_comm=rcu_preempt next_pid=7 next_prio=120
rcu_preempt-7     (    7) [001] d..3 214168.786484: sched_switch: prev_comm=rcu_preempt prev_pid=7 prev_prio=120 prev_state=S ==> next_comm=ksoftirqd/1 next_pid=12 next_prio=120
triton-4461  ( 4449) [000] d..3 214168.786496: sched_switch: prev_comm=triton prev_pid=4461 prev_prio=100 prev_state=S ==> next_comm=kworker/0:2 next_pid=3060 next_prio=120
ksoftirqd/1-12    (   12) [001] d..3 214168.786502: sched_switch: prev_comm=ksoftirqd/1 prev_pid=12 prev_prio=120 prev_state=S ==> next_comm=swapper/1 next_pid=0 next_prio=120
kworker/0:2-3060 ( 3060) [000] d..7 214168.786577: sched_wakeup: comm=smem_native_rpm pid=41 prio=120 success=1 target_cpu=001
pool-8-thread-5-941 ( 32403) [002] ...1 214168.786585: tracing_mark_write: B|32403|Lock contention on a monitor lock (owner tid: 32403)
kworker/0:2-3060 ( 3060) [000] d..3 214168.786596: sched_switch: prev_comm=kworker/0:2 prev_pid=3060 prev_prio=120 prev_state=D ==> next_comm=swapper/0 next_pid=0 next_prio=120
          <idle>-0     (-----) [001] d..3 214168.786613: sched_switch: prev_comm=swapper/1 prev_pid=0 prev_prio=120 prev_state=R ==> next_comm=smem_native_rpm next_pid=41 next_prio=120
pool-8-thread-5-941 ( 32403) [002] d..3 214168.786668: sched_switch: prev_comm=pool-8-thread-5 prev_pid=941 prev_prio=130 prev_state=S ==> next_comm=swapper/2 next_pid=0 next_prio=120
smem_native_rpm-41    (   41) [001] d..7 214168.786679: sched_wakeup: comm=kworker/0:2 pid=3060 prio=120 success=1 target_cpu=000
smem_native_rpm-41    (   41) [001] d..3 214168.786700: sched_switch: prev_comm=smem_native_rpm prev_pid=41 prev_prio=120 prev_state=S ==> next_comm=swapper/1 next_pid=0 next_prio=120
          <idle>-0     (-----) [000] d..3 214168.786708: sched_switch: prev_comm=swapper/0 prev_pid=0 prev_prio=120 prev_state=R ==> next_comm=kworker/0:2 next_pid=3060 next_prio=120
kworker/0:2-3060 ( 3060) [000] d..4 214168.786762: sched_wakeup: comm=kworker/u8:3 pid=3300 prio=120 success=1 target_cpu=001
          <idle>-0     (-----) [001] d..3 214168.786798: sched_switch: prev_comm=swapper/1 prev_pid=0 prev_prio=120 prev_state=R ==> next_comm=kworker/u8:3 next_pid=3300 next_prio=120
kworker/0:2-3060 ( 3060) [000] d..3 214168.786808: sched_switch: prev_comm=kworker/0:2 prev_pid=3060 prev_prio=120 prev_state=D ==> next_comm=swapper/0 next_pid=0 next_prio=120
kworker/u8:3-3300 ( 3300) [001] d..7 214168.786935: sched_wakeup: comm=smem_native_rpm pid=41 prio=120 success=1 target_cpu=001
kworker/u8:3-3300 ( 3300) [001] d..3 214168.786954: sched_switch: prev_comm=kworker/u8:3 prev_pid=3300 prev_prio=120 prev_state=D ==> next_comm=smem_native_rpm next_pid=41 next_prio=120
smem_native_rpm-41    (   41) [001] d..3 214168.786980: sched_switch: prev_comm=smem_native_rpm prev_pid=41 prev_prio=120 prev_state=S ==> next_comm=swapper/1 next_pid=0 next_prio=120
          <idle>-0     (-----) [000] d.s8 214168.787059: sched_wakeup: comm=kworker/u8:3 pid=3300 prio=120 success=1 target_cpu=001
          <idle>-0     (-----) [001] d..3 214168.787095: sched_switch: prev_comm=swapper/1 prev_pid=0 prev_prio=120 prev_state=R ==> next_comm=kworker/u8:3 next_pid=3300 next_prio=120
kworker/u8:3-3300 ( 3300) [001] d..3 214168.787188: sched_switch: prev_comm=kworker/u8:3 prev_pid=3300 prev_prio=120 prev_state=S ==> next_comm=swapper/1 next_pid=0 next_prio=120
          <idle>-0     (-----) [000] dnh6 214168.787326: sched_wakeup: comm=kworker/0:2 pid=3060 prio=120 success=1 target_cpu=000
          <idle>-0     (-----) [000] d..3 214168.787346: sched_switch: prev_comm=swapper/0 prev_pid=0 prev_prio=120 prev_state=R ==> next_comm=kworker/0:2 next_pid=3060 next_prio=120
kworker/0:2-3060 ( 3060) [000] d..5 214168.787430: sched_wakeup: comm=kworker/u8:3 pid=3300 prio=120 success=1 target_cpu=001
          <idle>-0     (-----) [001] d..3 214168.787461: sched_switch: prev_comm=swapper/1 prev_pid=0 prev_prio=120 prev_state=R ==> next_comm=kworker/u8:3 next_pid=3300 next_prio=120
kworker/u8:3-3300 ( 3300) [001] d..3 214168.787592: sched_switch: prev_comm=kworker/u8:3 prev_pid=3300 prev_prio=120 prev_state=S ==> next_comm=swapper/1 next_pid=0 next_prio=120
kworker/0:2-3060 ( 3060) [000] d..3 214168.787917: sched_switch: prev_comm=kworker/0:2 prev_pid=3060 prev_prio=120 prev_state=S ==> next_comm=swapper/0 next_pid=0 next_prio=120
          <idle>-0     (-----) [000] d.s5 214168.788033: sched_wakeup: comm=kworker/u8:3 pid=3300 prio=120 success=1 target_cpu=001
          <idle>-0     (-----) [001] d..3 214168.788068: sched_switch: prev_comm=swapper/1 prev_pid=0 prev_prio=120 prev_state=R ==> next_comm=kworker/u8:3 next_pid=3300 next_prio=120
kworker/u8:3-3300 ( 3300) [001] d..4 214168.788096: sched_wakeup: comm=kworker/u8:18 pid=21092 prio=120 success=1 target_cpu=001
kworker/u8:3-3300 ( 3300) [001] d..3 214168.788134: sched_switch: prev_comm=kworker/u8:3 prev_pid=3300 prev_prio=120 prev_state=D ==> next_comm=kworker/u8:18 next_pid=21092 next_prio=120
kworker/u8:18-21092 (21092) [001] d..3 214168.788153: sched_switch: prev_comm=kworker/u8:18 prev_pid=21092 prev_prio=120 prev_state=D ==> next_comm=swapper/1 next_pid=0 next_prio=120
          <idle>-0     (-----) [000] dnh6 214168.789047: sched_wakeup: comm=kworker/u8:20 pid=27682 prio=120 success=1 target_cpu=000
          <idle>-0     (-----) [000] dns5 214168.789135: sched_wakeup: comm=kworker/u8:18 pid=21092 prio=120 success=1 target_cpu=001
          <idle>-0     (-----) [000] dns5 214168.789146: sched_wakeup: comm=kworker/u8:3 pid=3300 prio=120 success=1 target_cpu=001
          <idle>-0     (-----) [001] d..3 214168.789167: sched_switch: prev_comm=swapper/1 prev_pid=0 prev_prio=120 prev_state=R ==> next_comm=kworker/u8:3 next_pid=3300 next_prio=120
          <idle>-0     (-----) [000] dns6 214168.789178: sched_wakeup: comm=kworker/0:2H pid=2529 prio=100 success=1 target_cpu=000
          <idle>-0     (-----) [000] d..3 214168.789206: sched_switch: prev_comm=swapper/0 prev_pid=0 prev_prio=120 prev_state=R ==> next_comm=kworker/u8:20 next_pid=27682 next_prio=120
kworker/u8:20-27682 (27682) [000] d..3 214168.789239: sched_switch: prev_comm=kworker/u8:20 prev_pid=27682 prev_prio=120 prev_state=S ==> next_comm=kworker/0:2H next_pid=2529 next_prio=100
kworker/0:2H-2529  ( 2529) [000] d..3 214168.789288: sched_switch: prev_comm=kworker/0:2H prev_pid=2529 prev_prio=100 prev_state=S ==> next_comm=kworker/u8:18 next_pid=21092 next_prio=120
kworker/u8:3-3300 ( 3300) [001] d..3 214168.789341: sched_switch: prev_comm=kworker/u8:3 prev_pid=3300 prev_prio=120 prev_state=S ==> next_comm=swapper/1 next_pid=0 next_prio=120
kworker/u8:18-21092 (21092) [000] d..4 214168.789367: sched_wakeup: comm=.evenko.osheaga pid=32403 prio=120 success=1 target_cpu=001
          <idle>-0     (-----) [001] d..3 214168.789375: sched_switch: prev_comm=swapper/1 prev_pid=0 prev_prio=120 prev_state=R ==> next_comm=.evenko.osheaga next_pid=32403 next_prio=120
kworker/u8:18-21092 (21092) [000] d..3 214168.789391: sched_switch: prev_comm=kworker/u8:18 prev_pid=21092 prev_prio=120 prev_state=S ==> next_comm=swapper/0 next_pid=0 next_prio=120
ca.evenko.osheaga-32403 ( 32403) [001] d..4 214168.789932: sched_wakeup: comm=kworker/u8:18 pid=21092 prio=120 success=1 target_cpu=000
          <idle>-0     (-----) [000] d..3 214168.789973: sched_switch: prev_comm=swapper/0 prev_pid=0 prev_prio=120 prev_state=R ==> next_comm=kworker/u8:18 next_pid=21092 next_prio=120
ca.evenko.osheaga-32403 ( 32403) [001] dn.4 214168.790014: sched_wakeup: comm=kworker/u8:3 pid=3300 prio=120 success=1 target_cpu=001
ca.evenko.osheaga-32403 ( 32403) [001] d..3 214168.790034: sched_switch: prev_comm=.evenko.osheaga prev_pid=32403 prev_prio=120 prev_state=R+ ==> next_comm=kworker/u8:3 next_pid=3300 next_prio=120
kworker/u8:18-21092 (21092) [000] d..5 214168.790132: sched_wakeup: comm=kworker/u8:20 pid=27682 prio=120 success=1 target_cpu=000
kworker/u8:18-21092 (21092) [000] dns6 214168.790366: sched_wakeup: comm=kworker/0:2H pid=2529 prio=100 success=1 target_cpu=000
kworker/u8:18-21092 (21092) [000] d..3 214168.790397: sched_switch: prev_comm=kworker/u8:18 prev_pid=21092 prev_prio=120 prev_state=R+ ==> next_comm=kworker/0:2H next_pid=2529 next_prio=100
kworker/0:2H-2529  ( 2529) [000] d..3 214168.790423: sched_switch: prev_comm=kworker/0:2H prev_pid=2529 prev_prio=100 prev_state=S ==> next_comm=kworker/u8:20 next_pid=27682 next_prio=120
kworker/u8:20-27682 (27682) [000] d..3 214168.790451: sched_switch: prev_comm=kworker/u8:20 prev_pid=27682 prev_prio=120 prev_state=S ==> next_comm=kworker/u8:18 next_pid=21092 next_prio=120
kworker/u8:18-21092 (21092) [000] dnh3 214168.790500: sched_wakeup: comm=EventThread pid=654 prio=111 success=1 target_cpu=000
kworker/u8:3-3300 ( 3300) [001] d..5 214168.790514: sched_wakeup: comm=kworker/u8:20 pid=27682 prio=120 success=1 target_cpu=000
kworker/u8:18-21092 (21092) [000] d..3 214168.790562: sched_switch: prev_comm=kworker/u8:18 prev_pid=21092 prev_prio=120 prev_state=R+ ==> next_comm=EventThread next_pid=654 next_prio=111
kworker/u8:3-3300 ( 3300) [001] d..3 214168.790780: sched_switch: prev_comm=kworker/u8:3 prev_pid=3300 prev_prio=120 prev_state=S ==> next_comm=.evenko.osheaga next_pid=32403 next_prio=120
ca.evenko.osheaga-32403 ( 32403) [001] d..3 214168.790906: sched_switch: prev_comm=.evenko.osheaga prev_pid=32403 prev_prio=120 prev_state=D|K ==> next_comm=swapper/1 next_pid=0 next_prio=120
EventThread-654   (  549) [000] d..5 214168.790979: sched_wakeup: comm=android.youtube pid=23071 prio=120 success=1 target_cpu=001
          <idle>-0     (-----) [001] d..3 214168.790998: sched_switch: prev_comm=swapper/1 prev_pid=0 prev_prio=120 prev_state=R ==> next_comm=android.youtube next_pid=23071 next_prio=120
EventThread-654   (  549) [000] d..3 214168.791363: sched_switch: prev_comm=EventThread prev_pid=654 prev_prio=111 prev_state=S ==> next_comm=kworker/u8:20 next_pid=27682 next_prio=120
kworker/u8:20-27682 (27682) [000] d..3 214168.791385: sched_switch: prev_comm=kworker/u8:20 prev_pid=27682 prev_prio=120 prev_state=S ==> next_comm=kworker/u8:18 next_pid=21092 next_prio=120
com.google.android.youtube-23071 (23071) [001] ...1 214168.791538: tracing_mark_write: B|23071|Choreographer#doFrame
com.google.android.youtube-23071 (23071) [001] ...1 214168.791590: tracing_mark_write: B|23071|animation
kworker/u8:18-21092 (21092) [000] d.s4 214168.791871: sched_wakeup: comm=kworker/u8:20 pid=27682 prio=120 success=1 target_cpu=000
com.google.android.youtube-23071 (23071) [001] dn.5 214168.792002: sched_wakeup: comm=Binder:549_1 pid=585 prio=120 success=1 target_cpu=001
com.google.android.youtube-23071 (23071) [001] d..3 214168.792031: sched_switch: prev_comm=android.youtube prev_pid=23071 prev_prio=120 prev_state=R+ ==> next_comm=Binder:549_1 next_pid=585 next_prio=120
kworker/u8:18-21092 (21092) [000] dns5 214168.792167: sched_wakeup: comm=kworker/0:2H pid=2529 prio=100 success=1 target_cpu=000
kworker/u8:18-21092 (21092) [000] d..3 214168.792189: sched_switch: prev_comm=kworker/u8:18 prev_pid=21092 prev_prio=120 prev_state=R+ ==> next_comm=kworker/0:2H next_pid=2529 next_prio=100
kworker/0:2H-2529  ( 2529) [000] d..3 214168.792211: sched_switch: prev_comm=kworker/0:2H prev_pid=2529 prev_prio=100 prev_state=S ==> next_comm=kworker/u8:20 next_pid=27682 next_prio=120
kworker/u8:20-27682 (27682) [000] d..4 214168.792233: sched_wakeup: comm=kworker/u8:3 pid=3300 prio=120 success=1 target_cpu=001
Binder:549_1-585   (  549) [001] d..4 214168.792285: sched_wakeup: comm=EventThread pid=654 prio=111 success=1 target_cpu=000
Binder:549_1-585   (  549) [001] d..3 214168.792357: sched_switch: prev_comm=Binder:549_1 prev_pid=585 prev_prio=120 prev_state=S ==> next_comm=kworker/u8:3 next_pid=3300 next_prio=120
kworker/u8:3-3300 ( 3300) [001] d..3 214168.792395: sched_switch: prev_comm=kworker/u8:3 prev_pid=3300 prev_prio=120 prev_state=S ==> next_comm=android.youtube next_pid=23071 next_prio=120
kworker/u8:20-27682 (27682) [000] d..4 214168.792433: sched_wakeup: comm=.evenko.osheaga pid=32403 prio=120 success=1 target_cpu=001
kworker/u8:20-27682 (27682) [000] d..3 214168.792456: sched_switch: prev_comm=kworker/u8:20 prev_pid=27682 prev_prio=120 prev_state=S ==> next_comm=EventThread next_pid=654 next_prio=111
com.google.android.youtube-23071 (23071) [001] ...1 214168.792485: tracing_mark_write: E
com.google.android.youtube-23071 (23071) [001] ...1 214168.792512: tracing_mark_write: E
EventThread-654   (  549) [000] d..3 214168.792616: sched_switch: prev_comm=EventThread prev_pid=654 prev_prio=111 prev_state=S ==> next_comm=kworker/u8:18 next_pid=21092 next_prio=120
com.google.android.youtube-23071 (23071) [001] d..3 214168.792657: sched_switch: prev_comm=android.youtube prev_pid=23071 prev_prio=120 prev_state=S ==> next_comm=.evenko.osheaga next_pid=32403 next_prio=120
kworker/u8:18-21092 (21092) [000] d..3 214168.792742: sched_switch: prev_comm=kworker/u8:18 prev_pid=21092 prev_prio=120 prev_state=S ==> next_comm=swapper/0 next_pid=0 next_prio=120
ca.evenko.osheaga-32403 ( 32403) [001] ...1 214168.793043: tracing_mark_write: B|32403|monitor contention with owner pool-8-thread-5 (941) waiters=0 blocking from android.os.Message android.os.MessageQueue.next()(MessageQueue.java:325)
ca.evenko.osheaga-32403 ( 32403) [001] d..4 214168.793134: sched_wakeup: comm=pool-8-thread-5 pid=941 prio=130 success=1 target_cpu=000
ca.evenko.osheaga-32403 ( 32403) [001] d..3 214168.793169: sched_switch: prev_comm=.evenko.osheaga prev_pid=32403 prev_prio=120 prev_state=S ==> next_comm=swapper/1 next_pid=0 next_prio=120
          <idle>-0     (-----) [000] d..3 214168.793193: sched_switch: prev_comm=swapper/0 prev_pid=0 prev_prio=120 prev_state=R ==> next_comm=pool-8-thread-5 next_pid=941 next_prio=130
pool-8-thread-5-941 ( 32403) [000] ...1 214168.793226: tracing_mark_write: E
pool-8-thread-5-941 ( 32403) [000] d..4 214168.793262: sched_wakeup: comm=.evenko.osheaga pid=32403 prio=120 success=1 target_cpu=001
          <idle>-0     (-----) [001] d..3 214168.793294: sched_switch: prev_comm=swapper/1 prev_pid=0 prev_prio=120 prev_state=R ==> next_comm=.evenko.osheaga next_pid=32403 next_prio=120
ca.evenko.osheaga-32403 ( 32403) [001] ...1 214168.793319: tracing_mark_write: E
pool-8-thread-5-941 ( 32403) [000] d..3 214168.793464: sched_switch: prev_comm=pool-8-thread-5 prev_pid=941 prev_prio=130 prev_state=S ==> next_comm=swapper/0 next_pid=0 next_prio=120
ca.evenko.osheaga-32403 ( 32403) [001] d..3 214168.793519: sched_switch: prev_comm=.evenko.osheaga prev_pid=32403 prev_prio=120 prev_state=S ==> next_comm=swapper/1 next_pid=0 next_prio=120
          <idle>-0     (-----) [001] dns4 214168.794188: sched_wakeup: comm=rcu_preempt pid=7 prio=120 success=1 target_cpu=001
          <idle>-0     (-----) [000] dns5 214168.794188: sched_wakeup: comm=kworker/u8:18 pid=21092 prio=120 success=1 target_cpu=000
          <idle>-0     (-----) [001] dns5 214168.794206: sched_wakeup: comm=kworker/1:4 pid=4535 prio=120 success=1 target_cpu=001
          <idle>-0     (-----) [000] dns5 214168.794208: sched_wakeup: comm=kworker/0:2H pid=2529 prio=100 success=1 target_cpu=000
          <idle>-0     (-----) [000] d..3 214168.794258: sched_switch: prev_comm=swapper/0 prev_pid=0 prev_prio=120 prev_state=R ==> next_comm=kworker/0:2H next_pid=2529 next_prio=100
          <idle>-0     (-----) [001] dn.4 214168.794261: sched_wakeup: comm=ksoftirqd/1 pid=12 prio=120 success=1 target_cpu=001
          <idle>-0     (-----) [001] d..3 214168.794276: sched_switch: prev_comm=swapper/1 prev_pid=0 prev_prio=120 prev_state=R ==> next_comm=rcu_preempt next_pid=7 next_prio=120
rcu_preempt-7     (    7) [001] d..3 214168.794310: sched_switch: prev_comm=rcu_preempt prev_pid=7 prev_prio=120 prev_state=S ==> next_comm=kworker/1:4 next_pid=4535 next_prio=120
kworker/0:2H-2529  ( 2529) [000] d..3 214168.794329: sched_switch: prev_comm=kworker/0:2H prev_pid=2529 prev_prio=100 prev_state=S ==> next_comm=kworker/u8:18 next_pid=21092 next_prio=120
kworker/1:4-4535  ( 4535) [001] d..3 214168.794376: sched_switch: prev_comm=kworker/1:4 prev_pid=4535 prev_prio=120 prev_state=S ==> next_comm=ksoftirqd/1 next_pid=12 next_prio=120
ksoftirqd/1-12    (   12) [001] d..3 214168.794419: sched_switch: prev_comm=ksoftirqd/1 prev_pid=12 prev_prio=120 prev_state=S ==> next_comm=swapper/1 next_pid=0 next_prio=120
kworker/u8:18-21092 (21092) [000] d..3 214168.794450: sched_switch: prev_comm=kworker/u8:18 prev_pid=21092 prev_prio=120 prev_state=S ==> next_comm=swapper/0 next_pid=0 next_prio=120
          <idle>-0     (-----) [001] dns4 214168.804151: sched_wakeup: comm=rcu_preempt pid=7 prio=120 success=1 target_cpu=001
          <idle>-0     (-----) [001] d..3 214168.804177: sched_switch: prev_comm=swapper/1 prev_pid=0 prev_prio=120 prev_state=R ==> next_comm=rcu_preempt next_pid=7 next_prio=120
rcu_preempt-7     (    7) [001] d..3 214168.804202: sched_switch: prev_comm=rcu_preempt prev_pid=7 prev_prio=120 prev_state=S ==> next_comm=swapper/1 next_pid=0 next_prio=120
          <idle>-0     (-----) [000] d.s4 214168.804235: sched_wakeup: comm=cfinteractive pid=329 prio=0 success=1 target_cpu=002
          <idle>-0     (-----) [000] dns5 214168.804270: sched_wakeup: comm=kworker/u8:18 pid=21092 prio=120 success=1 target_cpu=000
          <idle>-0     (-----) [000] dns5 214168.804289: sched_wakeup: comm=kworker/0:2 pid=3060 prio=120 success=1 target_cpu=000
          <idle>-0     (-----) [000] d..3 214168.804317: sched_switch: prev_comm=swapper/0 prev_pid=0 prev_prio=120 prev_state=R ==> next_comm=kworker/0:2 next_pid=3060 next_prio=120
kworker/0:2-3060 ( 3060) [000] d..3 214168.804367: sched_switch: prev_comm=kworker/0:2 prev_pid=3060 prev_prio=120 prev_state=D ==> next_comm=kworker/u8:18 next_pid=21092 next_prio=120
kworker/u8:18-21092 (21092) [000] d..3 214168.804417: sched_switch: prev_comm=kworker/u8:18 prev_pid=21092 prev_prio=120 prev_state=S ==> next_comm=swapper/0 next_pid=0 next_prio=120
          <idle>-0     (-----) [002] d..3 214168.804690: sched_switch: prev_comm=swapper/2 prev_pid=0 prev_prio=120 prev_state=R ==> next_comm=cfinteractive next_pid=329 next_prio=0
cfinteractive-329   (  329) [002] d..5 214168.804792: sched_wakeup: comm=kworker/2:3 pid=4551 prio=120 success=1 target_cpu=002
          <idle>-0     (-----) [000] dnh6 214168.804813: sched_wakeup: comm=kworker/0:2 pid=3060 prio=120 success=1 target_cpu=000
          <idle>-0     (-----) [000] d..3 214168.804842: sched_switch: prev_comm=swapper/0 prev_pid=0 prev_prio=120 prev_state=R ==> next_comm=kworker/0:2 next_pid=3060 next_prio=120
kworker/0:2-3060 ( 3060) [000] d..7 214168.805173: sched_wakeup: comm=smem_native_rpm pid=41 prio=120 success=1 target_cpu=001
          <idle>-0     (-----) [001] d..3 214168.805189: sched_switch: prev_comm=swapper/1 prev_pid=0 prev_prio=120 prev_state=R ==> next_comm=smem_native_rpm next_pid=41 next_prio=120
kworker/0:2-3060 ( 3060) [000] d..3 214168.805226: sched_switch: prev_comm=kworker/0:2 prev_pid=3060 prev_prio=120 prev_state=D ==> next_comm=swapper/0 next_pid=0 next_prio=120
smem_native_rpm-41    (   41) [001] d..7 214168.805284: sched_wakeup: comm=kworker/0:2 pid=3060 prio=120 success=1 target_cpu=000
          <idle>-0     (-----) [000] d..3 214168.805323: sched_switch: prev_comm=swapper/0 prev_pid=0 prev_prio=120 prev_state=R ==> next_comm=kworker/0:2 next_pid=3060 next_prio=120
smem_native_rpm-41    (   41) [001] d..3 214168.805351: sched_switch: prev_comm=smem_native_rpm prev_pid=41 prev_prio=120 prev_state=S ==> next_comm=swapper/1 next_pid=0 next_prio=120
kworker/0:2-3060 ( 3060) [000] d..7 214168.805388: sched_wakeup: comm=smem_native_rpm pid=41 prio=120 success=1 target_cpu=001
          <idle>-0     (-----) [001] d..3 214168.805398: sched_switch: prev_comm=swapper/1 prev_pid=0 prev_prio=120 prev_state=R ==> next_comm=smem_native_rpm next_pid=41 next_prio=120
kworker/0:2-3060 ( 3060) [000] d..3 214168.805427: sched_switch: prev_comm=kworker/0:2 prev_pid=3060 prev_prio=120 prev_state=D ==> next_comm=swapper/0 next_pid=0 next_prio=120
smem_native_rpm-41    (   41) [001] d..3 214168.805447: sched_switch: prev_comm=smem_native_rpm prev_pid=41 prev_prio=120 prev_state=S ==> next_comm=swapper/1 next_pid=0 next_prio=120
          <idle>-0     (-----) [000] dns8 214168.805489: sched_wakeup: comm=kworker/0:2 pid=3060 prio=120 success=1 target_cpu=000
          <idle>-0     (-----) [000] dnH5 214168.805553: sched_wakeup: comm=irq/169-cpr3 pid=46 prio=49 success=1 target_cpu=003
          <idle>-0     (-----) [000] d..3 214168.805602: sched_switch: prev_comm=swapper/0 prev_pid=0 prev_prio=120 prev_state=R ==> next_comm=kworker/0:2 next_pid=3060 next_prio=120
kworker/0:2-3060 ( 3060) [000] d..7 214168.805668: sched_wakeup: comm=smem_native_rpm pid=41 prio=120 success=1 target_cpu=001
kworker/0:2-3060 ( 3060) [000] d..3 214168.805694: sched_switch: prev_comm=kworker/0:2 prev_pid=3060 prev_prio=120 prev_state=D ==> next_comm=swapper/0 next_pid=0 next_prio=120
          <idle>-0     (-----) [003] d..3 214168.805704: sched_switch: prev_comm=swapper/3 prev_pid=0 prev_prio=120 prev_state=R ==> next_comm=irq/169-cpr3 next_pid=46 next_prio=49
          <idle>-0     (-----) [001] d..3 214168.805718: sched_switch: prev_comm=swapper/1 prev_pid=0 prev_prio=120 prev_state=R ==> next_comm=smem_native_rpm next_pid=41 next_prio=120
          <idle>-0     (-----) [000] dns8 214168.805771: sched_wakeup: comm=kworker/0:2 pid=3060 prio=120 success=1 target_cpu=000
          <idle>-0     (-----) [000] d..3 214168.805799: sched_switch: prev_comm=swapper/0 prev_pid=0 prev_prio=120 prev_state=R ==> next_comm=kworker/0:2 next_pid=3060 next_prio=120
smem_native_rpm-41    (   41) [001] d..3 214168.805800: sched_switch: prev_comm=smem_native_rpm prev_pid=41 prev_prio=120 prev_state=S ==> next_comm=swapper/1 next_pid=0 next_prio=120
irq/169-cpr3-46 ( 46) [003] d..3 214168.805826: sched_switch: prev_comm=irq/169-cpr3 prev_pid=46 prev_prio=49 prev_state=S ==> next_comm=swapper/3 next_pid=0 next_prio=120
cfinteractive-329   (  329) [002] d..3 214168.805844: sched_switch: prev_comm=cfinteractive prev_pid=329 prev_prio=0 prev_state=S ==> next_comm=kworker/2:3 next_pid=4551 next_prio=120
kworker/0:2-3060 ( 3060) [000] d..7 214168.805866: sched_wakeup: comm=smem_native_rpm pid=41 prio=120 success=1 target_cpu=001
kworker/0:2-3060 ( 3060) [000] d..3 214168.805893: sched_switch: prev_comm=kworker/0:2 prev_pid=3060 prev_prio=120 prev_state=D ==> next_comm=swapper/0 next_pid=0 next_prio=120
          <idle>-0     (-----) [001] d..3 214168.805908: sched_switch: prev_comm=swapper/1 prev_pid=0 prev_prio=120 prev_state=R ==> next_comm=smem_native_rpm next_pid=41 next_prio=120
kworker/2:3-4551  ( 4551) [002] d..5 214168.805924: sched_wakeup: comm=triton pid=4461 prio=100 success=1 target_cpu=000
smem_native_rpm-41    (   41) [001] d..7 214168.805974: sched_wakeup: comm=kworker/0:2 pid=3060 prio=120 success=1 target_cpu=000
          <idle>-0     (-----) [000] d..3 214168.806005: sched_switch: prev_comm=swapper/0 prev_pid=0 prev_prio=120 prev_state=R ==> next_comm=triton next_pid=4461 next_prio=100
smem_native_rpm-41    (   41) [001] d..3 214168.806032: sched_switch: prev_comm=smem_native_rpm prev_pid=41 prev_prio=120 prev_state=S ==> next_comm=swapper/1 next_pid=0 next_prio=120
kworker/2:3-4551  ( 4551) [002] d..3 214168.806042: sched_switch: prev_comm=kworker/2:3 prev_pid=4551 prev_prio=120 prev_state=S ==> next_comm=swapper/2 next_pid=0 next_prio=120
triton-4461  ( 4449) [000] d..3 214168.806210: sched_switch: prev_comm=triton prev_pid=4461 prev_prio=100 prev_state=S ==> next_comm=kworker/0:2 next_pid=3060 next_prio=120
kworker/0:2-3060 ( 3060) [000] d..7 214168.806301: sched_wakeup: comm=smem_native_rpm pid=41 prio=120 success=1 target_cpu=001
kworker/0:2-3060 ( 3060) [000] d..3 214168.806342: sched_switch: prev_comm=kworker/0:2 prev_pid=3060 prev_prio=120 prev_state=D ==> next_comm=swapper/0 next_pid=0 next_prio=120
          <idle>-0     (-----) [001] d..3 214168.806349: sched_switch: prev_comm=swapper/1 prev_pid=0 prev_prio=120 prev_state=R ==> next_comm=smem_native_rpm next_pid=41 next_prio=120
          <idle>-0     (-----) [000] dns8 214168.806409: sched_wakeup: comm=kworker/0:2 pid=3060 prio=120 success=1 target_cpu=000
smem_native_rpm-41    (   41) [001] d..3 214168.806436: sched_switch: prev_comm=smem_native_rpm prev_pid=41 prev_prio=120 prev_state=S ==> next_comm=swapper/1 next_pid=0 next_prio=120
          <idle>-0     (-----) [000] d..3 214168.806451: sched_switch: prev_comm=swapper/0 prev_pid=0 prev_prio=120 prev_state=R ==> next_comm=kworker/0:2 next_pid=3060 next_prio=120
kworker/0:2-3060 ( 3060) [000] d..7 214168.806519: sched_wakeup: comm=smem_native_rpm pid=41 prio=120 success=1 target_cpu=001
kworker/0:2-3060 ( 3060) [000] d..3 214168.806540: sched_switch: prev_comm=kworker/0:2 prev_pid=3060 prev_prio=120 prev_state=D ==> next_comm=swapper/0 next_pid=0 next_prio=120
          <idle>-0     (-----) [001] d..3 214168.806561: sched_switch: prev_comm=swapper/1 prev_pid=0 prev_prio=120 prev_state=R ==> next_comm=smem_native_rpm next_pid=41 next_prio=120
smem_native_rpm-41    (   41) [001] d..7 214168.806637: sched_wakeup: comm=kworker/0:2 pid=3060 prio=120 success=1 target_cpu=000
smem_native_rpm-41    (   41) [001] d..3 214168.806663: sched_switch: prev_comm=smem_native_rpm prev_pid=41 prev_prio=120 prev_state=S ==> next_comm=swapper/1 next_pid=0 next_prio=120
          <idle>-0     (-----) [000] d..3 214168.806673: sched_switch: prev_comm=swapper/0 prev_pid=0 prev_prio=120 prev_state=R ==> next_comm=kworker/0:2 next_pid=3060 next_prio=120
kworker/0:2-3060 ( 3060) [000] d..7 214168.806738: sched_wakeup: comm=smem_native_rpm pid=41 prio=120 success=1 target_cpu=001
kworker/0:2-3060 ( 3060) [000] d..3 214168.806760: sched_switch: prev_comm=kworker/0:2 prev_pid=3060 prev_prio=120 prev_state=D ==> next_comm=swapper/0 next_pid=0 next_prio=120
          <idle>-0     (-----) [001] d..3 214168.806780: sched_switch: prev_comm=swapper/1 prev_pid=0 prev_prio=120 prev_state=R ==> next_comm=smem_native_rpm next_pid=41 next_prio=120
smem_native_rpm-41    (   41) [001] d..7 214168.806853: sched_wakeup: comm=kworker/0:2 pid=3060 prio=120 success=1 target_cpu=000
smem_native_rpm-41    (   41) [001] d..3 214168.806880: sched_switch: prev_comm=smem_native_rpm prev_pid=41 prev_prio=120 prev_state=S ==> next_comm=swapper/1 next_pid=0 next_prio=120
          <idle>-0     (-----) [000] d..3 214168.806887: sched_switch: prev_comm=swapper/0 prev_pid=0 prev_prio=120 prev_state=R ==> next_comm=kworker/0:2 next_pid=3060 next_prio=120
kworker/0:2-3060 ( 3060) [000] d..7 214168.806978: sched_wakeup: comm=smem_native_rpm pid=41 prio=120 success=1 target_cpu=001
kworker/0:2-3060 ( 3060) [000] d..3 214168.807005: sched_switch: prev_comm=kworker/0:2 prev_pid=3060 prev_prio=120 prev_state=D ==> next_comm=swapper/0 next_pid=0 next_prio=120
          <idle>-0     (-----) [001] d..3 214168.807030: sched_switch: prev_comm=swapper/1 prev_pid=0 prev_prio=120 prev_state=R ==> next_comm=smem_native_rpm next_pid=41 next_prio=120
          <idle>-0     (-----) [000] dns8 214168.807084: sched_wakeup: comm=kworker/0:2 pid=3060 prio=120 success=1 target_cpu=000
smem_native_rpm-41    (   41) [001] d..3 214168.807114: sched_switch: prev_comm=smem_native_rpm prev_pid=41 prev_prio=120 prev_state=S ==> next_comm=swapper/1 next_pid=0 next_prio=120
          <idle>-0     (-----) [000] d..3 214168.807115: sched_switch: prev_comm=swapper/0 prev_pid=0 prev_prio=120 prev_state=R ==> next_comm=kworker/0:2 next_pid=3060 next_prio=120
kworker/0:2-3060 ( 3060) [000] d..3 214168.807376: sched_switch: prev_comm=kworker/0:2 prev_pid=3060 prev_prio=120 prev_state=S ==> next_comm=swapper/0 next_pid=0 next_prio=120
          <idle>-0     (-----) [000] dnh4 214168.808721: sched_wakeup: comm=EventThread pid=654 prio=111 success=1 target_cpu=000
          <idle>-0     (-----) [000] d..3 214168.808770: sched_switch: prev_comm=swapper/0 prev_pid=0 prev_prio=120 prev_state=R ==> next_comm=EventThread next_pid=654 next_prio=111
EventThread-654   (  549) [000] d..5 214168.809145: sched_wakeup: comm=android.youtube pid=23071 prio=120 success=1 target_cpu=001
          <idle>-0     (-----) [001] d..3 214168.809193: sched_switch: prev_comm=swapper/1 prev_pid=0 prev_prio=120 prev_state=R ==> next_comm=android.youtube next_pid=23071 next_prio=120
EventThread-654   (  549) [000] d..3 214168.809285: sched_switch: prev_comm=EventThread prev_pid=654 prev_prio=111 prev_state=S ==> next_comm=swapper/0 next_pid=0 next_prio=120
com.google.android.youtube-23071 (23071) [001] ...1 214168.809796: tracing_mark_write: B|23071|Choreographer#doFrame
com.google.android.youtube-23071 (23071) [001] ...1 214168.809860: tracing_mark_write: B|23071|animation
com.google.android.youtube-23071 (23071) [001] d..5 214168.810359: sched_wakeup: comm=Binder:549_5 pid=5362 prio=120 success=1 target_cpu=000
com.google.android.youtube-23071 (23071) [001] ...1 214168.810448: tracing_mark_write: E
com.google.android.youtube-23071 (23071) [001] ...1 214168.810469: tracing_mark_write: E
          <idle>-0     (-----) [000] d..3 214168.810574: sched_switch: prev_comm=swapper/0 prev_pid=0 prev_prio=120 prev_state=R ==> next_comm=Binder:549_5 next_pid=5362 next_prio=120
com.google.android.youtube-23071 (23071) [001] d..3 214168.810633: sched_switch: prev_comm=android.youtube prev_pid=23071 prev_prio=120 prev_state=S ==> next_comm=swapper/1 next_pid=0 next_prio=120
Binder:549_5-5362  (  549) [000] dn.4 214168.810897: sched_wakeup: comm=EventThread pid=654 prio=111 success=1 target_cpu=000
Binder:549_5-5362  (  549) [000] d..3 214168.810916: sched_switch: prev_comm=Binder:549_5 prev_pid=5362 prev_prio=120 prev_state=R+ ==> next_comm=EventThread next_pid=654 next_prio=111
EventThread-654   (  549) [000] d..3 214168.810966: sched_switch: prev_comm=EventThread prev_pid=654 prev_prio=111 prev_state=S ==> next_comm=Binder:549_5 next_pid=5362 next_prio=120
Binder:549_5-5362  (  549) [000] dn.4 214168.810989: sched_wakeup: comm=EventThread pid=654 prio=111 success=1 target_cpu=000
Binder:549_5-5362  (  549) [000] d..3 214168.810998: sched_switch: prev_comm=Binder:549_5 prev_pid=5362 prev_prio=120 prev_state=R+ ==> next_comm=EventThread next_pid=654 next_prio=111
EventThread-654   (  549) [000] d..3 214168.811187: sched_switch: prev_comm=EventThread prev_pid=654 prev_prio=111 prev_state=S ==> next_comm=Binder:549_5 next_pid=5362 next_prio=120
Binder:549_5-5362  (  549) [000] d..3 214168.811356: sched_switch: prev_comm=Binder:549_5 prev_pid=5362 prev_prio=120 prev_state=S ==> next_comm=swapper/0 next_pid=0 next_prio=120
          <idle>-0     (-----) [001] d.s5 214168.814286: sched_wakeup: comm=kworker/u8:18 pid=21092 prio=120 success=1 target_cpu=000
          <idle>-0     (-----) [001] dns4 214168.814320: sched_wakeup: comm=rcu_preempt pid=7 prio=120 success=1 target_cpu=001
          <idle>-0     (-----) [001] d..3 214168.814373: sched_switch: prev_comm=swapper/1 prev_pid=0 prev_prio=120 prev_state=R ==> next_comm=rcu_preempt next_pid=7 next_prio=120
          <idle>-0     (-----) [000] d..3 214168.814400: sched_switch: prev_comm=swapper/0 prev_pid=0 prev_prio=120 prev_state=R ==> next_comm=kworker/u8:18 next_pid=21092 next_prio=120
rcu_preempt-7     (    7) [001] d..3 214168.814419: sched_switch: prev_comm=rcu_preempt prev_pid=7 prev_prio=120 prev_state=S ==> next_comm=swapper/1 next_pid=0 next_prio=120
kworker/u8:18-21092 (21092) [000] d..3 214168.814532: sched_switch: prev_comm=kworker/u8:18 prev_pid=21092 prev_prio=120 prev_state=S ==> next_comm=swapper/0 next_pid=0 next_prio=120
          <idle>-0     (-----) [000] dnh5 214168.827854: sched_wakeup: comm=EventThread pid=654 prio=111 success=1 target_cpu=000
          <idle>-0     (-----) [000] d..3 214168.828042: sched_switch: prev_comm=swapper/0 prev_pid=0 prev_prio=120 prev_state=R ==> next_comm=EventThread next_pid=654 next_prio=111
EventThread-654   (  549) [000] d..5 214168.828464: sched_wakeup: comm=android.youtube pid=23071 prio=120 success=1 target_cpu=001
          <idle>-0     (-----) [001] d..3 214168.828614: sched_switch: prev_comm=swapper/1 prev_pid=0 prev_prio=120 prev_state=R ==> next_comm=android.youtube next_pid=23071 next_prio=120
EventThread-654   (  549) [000] d..3 214168.828620: sched_switch: prev_comm=EventThread prev_pid=654 prev_prio=111 prev_state=S ==> next_comm=swapper/0 next_pid=0 next_prio=120
          <idle>-0     (-----) [000] dn.4 214168.828676: sched_wakeup: comm=ksoftirqd/0 pid=3 prio=120 success=1 target_cpu=000
          <idle>-0     (-----) [000] d..3 214168.828689: sched_switch: prev_comm=swapper/0 prev_pid=0 prev_prio=120 prev_state=R ==> next_comm=ksoftirqd/0 next_pid=3 next_prio=120
ksoftirqd/0-3     (    3) [000] d.s3 214168.828856: sched_wakeup: comm=cfinteractive pid=329 prio=0 success=1 target_cpu=002
ksoftirqd/0-3     (    3) [000] d.s4 214168.828912: sched_wakeup: comm=kworker/u8:18 pid=21092 prio=120 success=1 target_cpu=000
ksoftirqd/0-3     (    3) [000] d..3 214168.828941: sched_switch: prev_comm=ksoftirqd/0 prev_pid=3 prev_prio=120 prev_state=S ==> next_comm=kworker/u8:18 next_pid=21092 next_prio=120
kworker/u8:18-21092 (21092) [000] d..3 214168.829121: sched_switch: prev_comm=kworker/u8:18 prev_pid=21092 prev_prio=120 prev_state=S ==> next_comm=swapper/0 next_pid=0 next_prio=120
          <idle>-0     (-----) [002] d..3 214168.829184: sched_switch: prev_comm=swapper/2 prev_pid=0 prev_prio=120 prev_state=R ==> next_comm=cfinteractive next_pid=329 next_prio=0
com.google.android.youtube-23071 (23071) [001] ...1 214168.829240: tracing_mark_write: B|23071|Choreographer#doFrame
cfinteractive-329   (  329) [002] d..5 214168.829284: sched_wakeup: comm=kworker/2:3 pid=4551 prio=120 success=1 target_cpu=002
com.google.android.youtube-23071 (23071) [001] ...1 214168.829305: tracing_mark_write: B|23071|animation
com.google.android.youtube-23071 (23071) [001] d..5 214168.829852: sched_wakeup: comm=Binder:549_2 pid=592 prio=120 success=1 target_cpu=000
cfinteractive-329   (  329) [002] d..3 214168.829910: sched_switch: prev_comm=cfinteractive prev_pid=329 prev_prio=0 prev_state=S ==> next_comm=kworker/2:3 next_pid=4551 next_prio=120
